[m6_qwen2.5-7b_onehot] device=cuda params={'total': 70832256, 'body': 11020032, 'lm_head': 58239360, 'embedding': 1572864} body_hash=74afce4bb9bd
[m6_qwen2.5-7b_onehot] step     0 loss 12.0264 lr 3.00e-06 gn 1.93 proj_gn 1.45 19,706 tok/s
[m6_qwen2.5-7b_onehot] step     0 VAL 12.0210
[m6_qwen2.5-7b_onehot] step    20 loss 11.0578 lr 6.30e-05 gn 2.17 proj_gn 0.96 23,633 tok/s
[m6_qwen2.5-7b_onehot] step    40 loss 9.9563 lr 1.23e-04 gn 1.97 proj_gn 0.27 23,544 tok/s
[m6_qwen2.5-7b_onehot] step    60 loss 8.0726 lr 1.83e-04 gn 2.09 proj_gn 0.23 23,641 tok/s
[m6_qwen2.5-7b_onehot] step    80 loss 6.1616 lr 2.43e-04 gn 1.45 proj_gn 0.17 23,461 tok/s
[m6_qwen2.5-7b_onehot] step   100 loss 5.0747 lr 3.03e-04 gn 0.82 proj_gn 0.56 23,477 tok/s
[m6_qwen2.5-7b_onehot] step   120 loss 5.0074 lr 3.63e-04 gn 1.21 proj_gn 0.91 23,163 tok/s
[m6_qwen2.5-7b_onehot] step   140 loss 4.5165 lr 4.23e-04 gn 0.35 proj_gn 0.24 23,440 tok/s
[m6_qwen2.5-7b_onehot] step   160 loss 4.6453 lr 4.83e-04 gn 0.37 proj_gn 0.27 23,107 tok/s
[m6_qwen2.5-7b_onehot] step   180 loss 4.6043 lr 5.43e-04 gn 0.41 proj_gn 0.32 23,495 tok/s
[m6_qwen2.5-7b_onehot] step   200 loss 4.3436 lr 6.00e-04 gn 0.46 proj_gn 0.33 23,490 tok/s
[m6_qwen2.5-7b_onehot] step   220 loss 4.4454 lr 6.00e-04 gn 0.47 proj_gn 0.34 23,493 tok/s
[m6_qwen2.5-7b_onehot] step   240 loss 4.2156 lr 6.00e-04 gn 0.46 proj_gn 0.33 23,541 tok/s
[m6_qwen2.5-7b_onehot] step   250 VAL 3.9260
[m6_qwen2.5-7b_onehot] step   260 loss 4.5200 lr 5.99e-04 gn 0.41 proj_gn 0.31 23,407 tok/s
[m6_qwen2.5-7b_onehot] step   280 loss 4.4142 lr 5.99e-04 gn 0.30 proj_gn 0.23 23,413 tok/s
[m6_qwen2.5-7b_onehot] step   300 loss 3.8557 lr 5.98e-04 gn 0.43 proj_gn 0.32 23,421 tok/s
[m6_qwen2.5-7b_onehot] step   320 loss 3.4325 lr 5.98e-04 gn 0.39 proj_gn 0.26 23,429 tok/s
[m6_qwen2.5-7b_onehot] step   340 loss 4.2374 lr 5.97e-04 gn 0.40 proj_gn 0.30 23,485 tok/s
[m6_qwen2.5-7b_onehot] step   360 loss 4.1373 lr 5.96e-04 gn 0.47 proj_gn 0.35 23,479 tok/s
[m6_qwen2.5-7b_onehot] step   380 loss 3.2738 lr 5.95e-04 gn 0.43 proj_gn 0.26 23,506 tok/s
[m6_qwen2.5-7b_onehot] step   400 loss 3.7647 lr 5.93e-04 gn 0.39 proj_gn 0.28 23,520 tok/s
[m6_qwen2.5-7b_onehot] step   420 loss 3.9621 lr 5.92e-04 gn 0.40 proj_gn 0.29 23,632 tok/s
[m6_qwen2.5-7b_onehot] step   440 loss 3.7539 lr 5.90e-04 gn 0.42 proj_gn 0.28 23,485 tok/s
[m6_qwen2.5-7b_onehot] step   460 loss 3.8960 lr 5.89e-04 gn 0.39 proj_gn 0.30 23,176 tok/s
[m6_qwen2.5-7b_onehot] step   480 loss 3.9447 lr 5.87e-04 gn 0.39 proj_gn 0.28 23,434 tok/s
[m6_qwen2.5-7b_onehot] step   500 loss 3.5175 lr 5.85e-04 gn 0.40 proj_gn 0.27 23,397 tok/s
[m6_qwen2.5-7b_onehot] step   500 VAL 3.7811
[m6_qwen2.5-7b_onehot] step   520 loss 3.6660 lr 5.83e-04 gn 0.45 proj_gn 0.35 23,483 tok/s
[m6_qwen2.5-7b_onehot] step   540 loss 3.9562 lr 5.81e-04 gn 0.39 proj_gn 0.29 23,499 tok/s
[m6_qwen2.5-7b_onehot] step   560 loss 4.0627 lr 5.78e-04 gn 0.37 proj_gn 0.27 23,460 tok/s
[m6_qwen2.5-7b_onehot] step   580 loss 3.9035 lr 5.76e-04 gn 0.41 proj_gn 0.29 23,505 tok/s
[m6_qwen2.5-7b_onehot] step   600 loss 3.7996 lr 5.73e-04 gn 0.38 proj_gn 0.28 23,449 tok/s
[m6_qwen2.5-7b_onehot] step   620 loss 3.9218 lr 5.71e-04 gn 0.35 proj_gn 0.25 23,434 tok/s
[m6_qwen2.5-7b_onehot] step   640 loss 4.4862 lr 5.68e-04 gn 0.34 proj_gn 0.26 23,429 tok/s
[m6_qwen2.5-7b_onehot] step   660 loss 4.3237 lr 5.65e-04 gn 0.44 proj_gn 0.34 23,415 tok/s
[m6_qwen2.5-7b_onehot] step   680 loss 3.7183 lr 5.62e-04 gn 0.37 proj_gn 0.26 23,438 tok/s
[m6_qwen2.5-7b_onehot] step   700 loss 3.8335 lr 5.59e-04 gn 0.39 proj_gn 0.28 23,492 tok/s
[m6_qwen2.5-7b_onehot] step   720 loss 3.8997 lr 5.55e-04 gn 0.42 proj_gn 0.32 23,458 tok/s
[m6_qwen2.5-7b_onehot] step   740 loss 4.2317 lr 5.52e-04 gn 0.41 proj_gn 0.30 23,459 tok/s
[m6_qwen2.5-7b_onehot] step   750 VAL 3.7013
[m6_qwen2.5-7b_onehot] step   760 loss 3.5940 lr 5.48e-04 gn 0.37 proj_gn 0.26 23,456 tok/s
[m6_qwen2.5-7b_onehot] step   780 loss 3.7304 lr 5.45e-04 gn 0.37 proj_gn 0.27 23,456 tok/s
[m6_qwen2.5-7b_onehot] step   800 loss 3.9792 lr 5.41e-04 gn 0.46 proj_gn 0.35 23,432 tok/s
[m6_qwen2.5-7b_onehot] step   820 loss 3.6601 lr 5.37e-04 gn 0.45 proj_gn 0.31 23,406 tok/s
[m6_qwen2.5-7b_onehot] step   840 loss 3.4928 lr 5.33e-04 gn 0.39 proj_gn 0.30 23,239 tok/s
[m6_qwen2.5-7b_onehot] step   860 loss 4.0034 lr 5.29e-04 gn 0.43 proj_gn 0.35 23,425 tok/s
[m6_qwen2.5-7b_onehot] step   880 loss 3.7086 lr 5.25e-04 gn 0.44 proj_gn 0.33 23,395 tok/s
[m6_qwen2.5-7b_onehot] step   900 loss 4.0194 lr 5.21e-04 gn 0.56 proj_gn 0.46 23,405 tok/s
[m6_qwen2.5-7b_onehot] step   920 loss 3.7579 lr 5.17e-04 gn 0.46 proj_gn 0.35 23,414 tok/s
[m6_qwen2.5-7b_onehot] step   940 loss 4.2042 lr 5.12e-04 gn 0.53 proj_gn 0.45 23,415 tok/s
[m6_qwen2.5-7b_onehot] step   960 loss 3.9849 lr 5.08e-04 gn 0.51 proj_gn 0.41 23,489 tok/s
[m6_qwen2.5-7b_onehot] step   980 loss 3.3400 lr 5.03e-04 gn 0.64 proj_gn 0.54 23,335 tok/s
[m6_qwen2.5-7b_onehot] step  1000 loss 3.3829 lr 4.98e-04 gn 0.85 proj_gn 0.76 23,492 tok/s
[m6_qwen2.5-7b_onehot] step  1000 VAL 3.6084
[m6_qwen2.5-7b_onehot] step  1020 loss 3.7462 lr 4.94e-04 gn 0.76 proj_gn 0.67 23,723 tok/s
[m6_qwen2.5-7b_onehot] step  1040 loss 3.4887 lr 4.89e-04 gn 0.97 proj_gn 0.89 23,449 tok/s
[m6_qwen2.5-7b_onehot] step  1060 loss 4.0311 lr 4.84e-04 gn 0.80 proj_gn 0.72 23,414 tok/s
[m6_qwen2.5-7b_onehot] step  1080 loss 4.2729 lr 4.79e-04 gn 0.91 proj_gn 0.83 23,430 tok/s
[m6_qwen2.5-7b_onehot] step  1100 loss 3.4492 lr 4.74e-04 gn 1.03 proj_gn 0.95 23,401 tok/s
[m6_qwen2.5-7b_onehot] step  1120 loss 3.8795 lr 4.68e-04 gn 1.44 proj_gn 1.36 23,451 tok/s
[m6_qwen2.5-7b_onehot] step  1140 loss 3.8655 lr 4.63e-04 gn 0.95 proj_gn 0.87 23,493 tok/s
[m6_qwen2.5-7b_onehot] step  1160 loss 3.2452 lr 4.58e-04 gn 1.20 proj_gn 1.09 23,522 tok/s
[m6_qwen2.5-7b_onehot] step  1180 loss 3.2591 lr 4.53e-04 gn 1.84 proj_gn 1.79 23,521 tok/s
[m6_qwen2.5-7b_onehot] step  1200 loss 3.4903 lr 4.47e-04 gn 1.36 proj_gn 1.28 23,514 tok/s
[m6_qwen2.5-7b_onehot] step  1220 loss 3.1133 lr 4.42e-04 gn 2.96 proj_gn 2.87 23,416 tok/s
[m6_qwen2.5-7b_onehot] step  1240 loss 3.5147 lr 4.36e-04 gn 1.11 proj_gn 1.04 23,478 tok/s
[m6_qwen2.5-7b_onehot] step  1250 VAL 3.3426
[m6_qwen2.5-7b_onehot] step  1260 loss 3.7927 lr 4.31e-04 gn 2.33 proj_gn 2.27 23,434 tok/s
[m6_qwen2.5-7b_onehot] step  1280 loss 3.4080 lr 4.25e-04 gn 2.62 proj_gn 2.55 23,487 tok/s
[m6_qwen2.5-7b_onehot] step  1300 loss 3.3905 lr 4.19e-04 gn 1.42 proj_gn 1.34 23,150 tok/s
[m6_qwen2.5-7b_onehot] step  1320 loss 2.8545 lr 4.13e-04 gn 1.82 proj_gn 1.71 23,460 tok/s
[m6_qwen2.5-7b_onehot] step  1340 loss 3.2060 lr 4.08e-04 gn 1.37 proj_gn 1.30 23,816 tok/s
[m6_qwen2.5-7b_onehot] step  1360 loss 3.4603 lr 4.02e-04 gn 1.37 proj_gn 1.29 23,525 tok/s
[m6_qwen2.5-7b_onehot] step  1380 loss 3.5138 lr 3.96e-04 gn 1.55 proj_gn 1.47 23,486 tok/s
[m6_qwen2.5-7b_onehot] step  1400 loss 3.5287 lr 3.90e-04 gn 1.62 proj_gn 1.54 23,560 tok/s
[m6_qwen2.5-7b_onehot] step  1420 loss 3.2326 lr 3.84e-04 gn 2.27 proj_gn 2.21 23,512 tok/s
[m6_qwen2.5-7b_onehot] step  1440 loss 3.4557 lr 3.78e-04 gn 1.06 proj_gn 0.96 23,467 tok/s
[m6_qwen2.5-7b_onehot] step  1460 loss 3.5063 lr 3.72e-04 gn 1.60 proj_gn 1.52 23,434 tok/s
[m6_qwen2.5-7b_onehot] step  1480 loss 3.4149 lr 3.66e-04 gn 1.39 proj_gn 1.32 23,441 tok/s
[m6_qwen2.5-7b_onehot] step  1500 loss 3.2701 lr 3.60e-04 gn 1.75 proj_gn 1.68 23,421 tok/s
[m6_qwen2.5-7b_onehot] step  1500 VAL 3.1402
[m6_qwen2.5-7b_onehot] step  1520 loss 3.2687 lr 3.54e-04 gn 2.04 proj_gn 1.96 23,575 tok/s
[m6_qwen2.5-7b_onehot] step  1540 loss 2.6783 lr 3.48e-04 gn 2.68 proj_gn 2.60 23,502 tok/s
[m6_qwen2.5-7b_onehot] step  1560 loss 3.3620 lr 3.42e-04 gn 1.42 proj_gn 1.34 23,601 tok/s
[m6_qwen2.5-7b_onehot] step  1580 loss 3.4113 lr 3.36e-04 gn 1.29 proj_gn 1.20 23,478 tok/s
[m6_qwen2.5-7b_onehot] step  1600 loss 3.1909 lr 3.30e-04 gn 2.14 proj_gn 2.06 23,434 tok/s
[m6_qwen2.5-7b_onehot] step  1620 loss 3.4037 lr 3.24e-04 gn 1.56 proj_gn 1.47 23,760 tok/s
[m6_qwen2.5-7b_onehot] step  1640 loss 3.7347 lr 3.18e-04 gn 1.62 proj_gn 1.54 23,438 tok/s
[m6_qwen2.5-7b_onehot] step  1660 loss 3.4703 lr 3.12e-04 gn 1.31 proj_gn 1.22 23,395 tok/s
[m6_qwen2.5-7b_onehot] step  1680 loss 3.6541 lr 3.06e-04 gn 1.80 proj_gn 1.72 23,461 tok/s
[m6_qwen2.5-7b_onehot] step  1700 loss 3.1386 lr 3.00e-04 gn 2.25 proj_gn 2.19 23,407 tok/s
[m6_qwen2.5-7b_onehot] step  1720 loss 3.5974 lr 2.94e-04 gn 1.69 proj_gn 1.62 23,409 tok/s
[m6_qwen2.5-7b_onehot] step  1740 loss 2.8289 lr 2.88e-04 gn 1.84 proj_gn 1.76 23,447 tok/s
[m6_qwen2.5-7b_onehot] step  1750 VAL 3.0010
[m6_qwen2.5-7b_onehot] step  1760 loss 3.5058 lr 2.82e-04 gn 0.94 proj_gn 0.83 23,222 tok/s
[m6_qwen2.5-7b_onehot] step  1780 loss 3.5697 lr 2.76e-04 gn 1.07 proj_gn 0.97 23,441 tok/s
[m6_qwen2.5-7b_onehot] step  1800 loss 3.4248 lr 2.70e-04 gn 1.35 proj_gn 1.25 23,427 tok/s
[m6_qwen2.5-7b_onehot] step  1820 loss 3.0596 lr 2.64e-04 gn 1.54 proj_gn 1.41 23,418 tok/s
[m6_qwen2.5-7b_onehot] step  1840 loss 3.4628 lr 2.58e-04 gn 1.83 proj_gn 1.75 23,417 tok/s
[m6_qwen2.5-7b_onehot] step  1860 loss 3.6938 lr 2.52e-04 gn 0.98 proj_gn 0.88 23,419 tok/s
[m6_qwen2.5-7b_onehot] step  1880 loss 2.9535 lr 2.47e-04 gn 1.50 proj_gn 1.42 23,325 tok/s
[m6_qwen2.5-7b_onehot] step  1900 loss 2.8572 lr 2.41e-04 gn 1.99 proj_gn 1.91 23,352 tok/s
[m6_qwen2.5-7b_onehot] step  1920 loss 3.4639 lr 2.35e-04 gn 1.02 proj_gn 0.90 23,404 tok/s
[m6_qwen2.5-7b_onehot] step  1940 loss 2.5589 lr 2.29e-04 gn 3.02 proj_gn 2.92 23,582 tok/s
[m6_qwen2.5-7b_onehot] step  1960 loss 2.9885 lr 2.24e-04 gn 1.25 proj_gn 1.15 23,394 tok/s
[m6_qwen2.5-7b_onehot] step  1980 loss 3.2364 lr 2.18e-04 gn 1.64 proj_gn 1.54 23,429 tok/s
[m6_qwen2.5-7b_onehot] step  2000 loss 2.8910 lr 2.13e-04 gn 1.49 proj_gn 1.39 23,455 tok/s
[m6_qwen2.5-7b_onehot] step  2000 VAL 2.8962
[m6_qwen2.5-7b_onehot] step  2020 loss 3.1272 lr 2.07e-04 gn 1.15 proj_gn 1.03 23,534 tok/s
[m6_qwen2.5-7b_onehot] step  2040 loss 3.0664 lr 2.02e-04 gn 1.20 proj_gn 1.04 23,402 tok/s
[m6_qwen2.5-7b_onehot] step  2060 loss 2.9315 lr 1.97e-04 gn 2.84 proj_gn 2.74 23,375 tok/s
[m6_qwen2.5-7b_onehot] step  2080 loss 3.0534 lr 1.92e-04 gn 1.17 proj_gn 1.07 23,401 tok/s
[m6_qwen2.5-7b_onehot] step  2100 loss 3.1528 lr 1.86e-04 gn 1.53 proj_gn 1.44 23,399 tok/s
[m6_qwen2.5-7b_onehot] step  2120 loss 3.1690 lr 1.81e-04 gn 1.08 proj_gn 0.97 23,383 tok/s
[m6_qwen2.5-7b_onehot] step  2140 loss 2.9447 lr 1.76e-04 gn 1.30 proj_gn 1.19 23,388 tok/s
[m6_qwen2.5-7b_onehot] step  2160 loss 3.5122 lr 1.71e-04 gn 1.11 proj_gn 1.00 23,344 tok/s
[m6_qwen2.5-7b_onehot] step  2180 loss 3.1298 lr 1.66e-04 gn 1.14 proj_gn 1.04 23,413 tok/s
[m6_qwen2.5-7b_onehot] step  2200 loss 2.8620 lr 1.62e-04 gn 1.30 proj_gn 1.20 23,469 tok/s
[m6_qwen2.5-7b_onehot] step  2220 loss 2.9812 lr 1.57e-04 gn 1.06 proj_gn 0.96 23,479 tok/s
[m6_qwen2.5-7b_onehot] step  2240 loss 2.9706 lr 1.52e-04 gn 1.48 proj_gn 1.37 23,487 tok/s
[m6_qwen2.5-7b_onehot] step  2250 VAL 2.8364
[m6_qwen2.5-7b_onehot] step  2260 loss 2.9667 lr 1.48e-04 gn 1.26 proj_gn 1.15 23,422 tok/s
[m6_qwen2.5-7b_onehot] step  2280 loss 3.4514 lr 1.43e-04 gn 1.18 proj_gn 1.08 23,416 tok/s
[m6_qwen2.5-7b_onehot] step  2300 loss 3.0339 lr 1.39e-04 gn 1.30 proj_gn 1.19 23,398 tok/s
[m6_qwen2.5-7b_onehot] step  2320 loss 2.6500 lr 1.35e-04 gn 1.93 proj_gn 1.84 23,401 tok/s
[m6_qwen2.5-7b_onehot] step  2340 loss 2.9917 lr 1.31e-04 gn 1.67 proj_gn 1.57 23,397 tok/s
[m6_qwen2.5-7b_onehot] step  2360 loss 3.2456 lr 1.27e-04 gn 1.19 proj_gn 1.08 23,398 tok/s
[m6_qwen2.5-7b_onehot] step  2380 loss 3.1456 lr 1.23e-04 gn 0.98 proj_gn 0.86 23,143 tok/s
[m6_qwen2.5-7b_onehot] step  2400 loss 3.2496 lr 1.19e-04 gn 0.99 proj_gn 0.89 23,428 tok/s
[m6_qwen2.5-7b_onehot] step  2420 loss 2.8550 lr 1.15e-04 gn 1.07 proj_gn 0.95 23,767 tok/s
[m6_qwen2.5-7b_onehot] step  2440 loss 3.2824 lr 1.12e-04 gn 1.13 proj_gn 1.00 23,466 tok/s
[m6_qwen2.5-7b_onehot] step  2460 loss 2.6046 lr 1.08e-04 gn 1.19 proj_gn 1.08 23,499 tok/s
[m6_qwen2.5-7b_onehot] step  2480 loss 3.2402 lr 1.05e-04 gn 1.13 proj_gn 1.01 23,492 tok/s
[m6_qwen2.5-7b_onehot] step  2500 loss 2.8082 lr 1.01e-04 gn 1.51 proj_gn 1.41 23,510 tok/s
[m6_qwen2.5-7b_onehot] step  2500 VAL 2.7976
[m6_qwen2.5-7b_onehot] step  2520 loss 2.9714 lr 9.82e-05 gn 1.04 proj_gn 0.92 23,440 tok/s
[m6_qwen2.5-7b_onehot] step  2540 loss 3.4306 lr 9.52e-05 gn 0.98 proj_gn 0.86 23,485 tok/s
[m6_qwen2.5-7b_onehot] step  2560 loss 3.1252 lr 9.22e-05 gn 1.19 proj_gn 1.08 23,405 tok/s
[m6_qwen2.5-7b_onehot] step  2580 loss 2.9934 lr 8.94e-05 gn 1.09 proj_gn 0.97 23,460 tok/s
[m6_qwen2.5-7b_onehot] step  2600 loss 2.6607 lr 8.67e-05 gn 1.76 proj_gn 1.67 23,480 tok/s
[m6_qwen2.5-7b_onehot] step  2620 loss 2.9634 lr 8.42e-05 gn 1.28 proj_gn 1.15 23,521 tok/s
[m6_qwen2.5-7b_onehot] step  2640 loss 2.5580 lr 8.17e-05 gn 1.26 proj_gn 1.14 23,527 tok/s
[m6_qwen2.5-7b_onehot] step  2660 loss 2.6606 lr 7.94e-05 gn 1.01 proj_gn 0.88 23,467 tok/s
[m6_qwen2.5-7b_onehot] step  2680 loss 3.0052 lr 7.72e-05 gn 1.15 proj_gn 1.02 23,547 tok/s
[m6_qwen2.5-7b_onehot] step  2700 loss 2.7621 lr 7.52e-05 gn 1.10 proj_gn 0.98 23,536 tok/s
[m6_qwen2.5-7b_onehot] step  2720 loss 3.0083 lr 7.32e-05 gn 1.19 proj_gn 1.09 23,513 tok/s
[m6_qwen2.5-7b_onehot] step  2740 loss 3.1469 lr 7.14e-05 gn 1.00 proj_gn 0.88 23,475 tok/s
[m6_qwen2.5-7b_onehot] step  2750 VAL 2.7703
[m6_qwen2.5-7b_onehot] step  2760 loss 2.8298 lr 6.97e-05 gn 1.22 proj_gn 1.11 23,430 tok/s
[m6_qwen2.5-7b_onehot] step  2780 loss 2.3871 lr 6.82e-05 gn 1.37 proj_gn 1.27 23,384 tok/s
[m6_qwen2.5-7b_onehot] step  2800 loss 3.3605 lr 6.68e-05 gn 1.55 proj_gn 1.45 23,471 tok/s
[m6_qwen2.5-7b_onehot] step  2820 loss 3.0208 lr 6.55e-05 gn 1.04 proj_gn 0.92 23,190 tok/s
[m6_qwen2.5-7b_onehot] step  2840 loss 2.6208 lr 6.43e-05 gn 1.03 proj_gn 0.90 23,507 tok/s
[m6_qwen2.5-7b_onehot] step  2860 loss 2.5278 lr 6.33e-05 gn 1.02 proj_gn 0.89 23,516 tok/s
[m6_qwen2.5-7b_onehot] step  2880 loss 3.1300 lr 6.24e-05 gn 1.07 proj_gn 0.95 23,544 tok/s
[m6_qwen2.5-7b_onehot] step  2900 loss 2.8656 lr 6.17e-05 gn 1.23 proj_gn 1.13 23,506 tok/s
[m6_qwen2.5-7b_onehot] step  2920 loss 3.1610 lr 6.11e-05 gn 1.10 proj_gn 0.99 23,497 tok/s
[m6_qwen2.5-7b_onehot] step  2940 loss 2.7524 lr 6.06e-05 gn 1.51 proj_gn 1.41 23,473 tok/s
[m6_qwen2.5-7b_onehot] step  2960 loss 3.0809 lr 6.03e-05 gn 0.96 proj_gn 0.84 23,479 tok/s
[m6_qwen2.5-7b_onehot] step  2980 loss 2.9887 lr 6.01e-05 gn 1.44 proj_gn 1.35 23,418 tok/s
[m6_qwen2.5-7b_onehot] step  2999 loss 3.0255 lr 6.00e-05 gn 1.31 proj_gn 1.22 23,393 tok/s
[m6_qwen2.5-7b_onehot] step  2999 VAL 2.7520
[m6_qwen2.5-7b_onehot] done: status=ok final_val=2.7520 wall=4237s -> results\m6\m6_qwen2.5-7b_onehot
