d_model=384, code_dim=4096, V=131,072
  codec  (onehot / wave)     1,572,864   target
  albert                   1,577,472   +0.29%   rank=12
  hash                     1,572,736   -0.01%   buckets=3413
  dense (reference)       50,331,648   32x

[m5_s1338_wave768] device=cuda params={'total': 61941504, 'body': 11020032, 'lm_head': 50331648, 'embedding': 589824} body_hash=6dfbeacce139
[m5_s1338_wave768] step     0 loss 11.8354 lr 3.00e-06 gn 4.59 proj_gn 0.49 1,135 tok/s
[m5_s1338_wave768] step     0 VAL 11.8177
[m5_s1338_wave768] step    20 loss 11.0794 lr 6.30e-05 gn 1.34 proj_gn 0.09 2,755 tok/s
[m5_s1338_wave768] step    40 loss 10.2094 lr 1.23e-04 gn 1.07 proj_gn 0.06 2,737 tok/s
[m5_s1338_wave768] step    60 loss 8.9840 lr 1.83e-04 gn 1.11 proj_gn 0.13 2,719 tok/s
[m5_s1338_wave768] step    80 loss 8.1030 lr 2.43e-04 gn 0.94 proj_gn 0.16 2,716 tok/s
[m5_s1338_wave768] step   100 loss 7.3981 lr 3.03e-04 gn 0.50 proj_gn 0.11 2,679 tok/s
[m5_s1338_wave768] step   120 loss 7.1733 lr 3.63e-04 gn 0.42 proj_gn 0.14 2,672 tok/s
[m5_s1338_wave768] step   140 loss 6.9534 lr 4.23e-04 gn 0.55 proj_gn 0.26 2,674 tok/s
[m5_s1338_wave768] step   160 loss 6.7415 lr 4.83e-04 gn 1.00 proj_gn 0.57 3,547 tok/s
[m5_s1338_wave768] step   180 loss 6.7471 lr 5.43e-04 gn 0.64 proj_gn 0.33 2,716 tok/s
[m5_s1338_wave768] step   200 loss 6.6671 lr 6.00e-04 gn 0.96 proj_gn 0.62 2,700 tok/s
[m5_s1338_wave768] step   220 loss 6.6470 lr 6.00e-04 gn 0.59 proj_gn 0.35 2,705 tok/s
[m5_s1338_wave768] step   240 loss 6.5674 lr 6.00e-04 gn 0.78 proj_gn 0.46 2,695 tok/s
[m5_s1338_wave768] step   250 VAL 6.4533
[m5_s1338_wave768] step   260 loss 6.5566 lr 5.99e-04 gn 0.63 proj_gn 0.35 2,708 tok/s
[m5_s1338_wave768] step   280 loss 6.5465 lr 5.99e-04 gn 0.63 proj_gn 0.34 2,694 tok/s
[m5_s1338_wave768] step   300 loss 6.2469 lr 5.98e-04 gn 0.73 proj_gn 0.43 2,690 tok/s
[m5_s1338_wave768] step   320 loss 6.3312 lr 5.98e-04 gn 0.67 proj_gn 0.39 2,735 tok/s
[m5_s1338_wave768] step   340 loss 6.2794 lr 5.97e-04 gn 0.68 proj_gn 0.41 2,691 tok/s
[m5_s1338_wave768] step   360 loss 6.2029 lr 5.96e-04 gn 0.66 proj_gn 0.38 2,696 tok/s
[m5_s1338_wave768] step   380 loss 6.2649 lr 5.95e-04 gn 0.55 proj_gn 0.26 2,718 tok/s
[m5_s1338_wave768] step   400 loss 6.0641 lr 5.93e-04 gn 0.58 proj_gn 0.31 2,691 tok/s
[m5_s1338_wave768] step   420 loss 5.9920 lr 5.92e-04 gn 0.63 proj_gn 0.33 3,536 tok/s
[m5_s1338_wave768] step   440 loss 5.9811 lr 5.90e-04 gn 0.63 proj_gn 0.33 2,714 tok/s
[m5_s1338_wave768] step   460 loss 6.1300 lr 5.89e-04 gn 0.67 proj_gn 0.35 2,712 tok/s
[m5_s1338_wave768] step   480 loss 5.9970 lr 5.87e-04 gn 0.57 proj_gn 0.28 3,549 tok/s
[m5_s1338_wave768] step   500 loss 5.8149 lr 5.85e-04 gn 0.62 proj_gn 0.33 2,707 tok/s
[m5_s1338_wave768] step   500 VAL 5.9365
[m5_s1338_wave768] step   520 loss 5.9486 lr 5.83e-04 gn 0.56 proj_gn 0.28 2,700 tok/s
[m5_s1338_wave768] step   540 loss 5.8949 lr 5.81e-04 gn 0.59 proj_gn 0.27 2,660 tok/s
[m5_s1338_wave768] step   560 loss 5.8752 lr 5.78e-04 gn 0.63 proj_gn 0.28 2,647 tok/s
[m5_s1338_wave768] step   580 loss 5.8725 lr 5.76e-04 gn 0.76 proj_gn 0.34 2,668 tok/s
[m5_s1338_wave768] step   600 loss 5.6148 lr 5.73e-04 gn 0.66 proj_gn 0.34 2,676 tok/s
[m5_s1338_wave768] step   620 loss 5.8600 lr 5.71e-04 gn 0.55 proj_gn 0.23 2,694 tok/s
[m5_s1338_wave768] step   640 loss 5.7995 lr 5.68e-04 gn 0.57 proj_gn 0.23 2,674 tok/s
[m5_s1338_wave768] step   660 loss 5.8422 lr 5.65e-04 gn 0.54 proj_gn 0.22 2,675 tok/s
[m5_s1338_wave768] step   680 loss 5.7946 lr 5.62e-04 gn 0.68 proj_gn 0.29 2,686 tok/s
[m5_s1338_wave768] step   700 loss 5.7389 lr 5.59e-04 gn 0.65 proj_gn 0.29 2,685 tok/s
[m5_s1338_wave768] step   720 loss 5.7659 lr 5.55e-04 gn 0.64 proj_gn 0.23 2,701 tok/s
[m5_s1338_wave768] step   740 loss 5.7046 lr 5.52e-04 gn 0.65 proj_gn 0.27 2,683 tok/s
[m5_s1338_wave768] step   750 VAL 5.6176
[m5_s1338_wave768] step   760 loss 5.7240 lr 5.48e-04 gn 0.71 proj_gn 0.27 2,694 tok/s
[m5_s1338_wave768] step   780 loss 5.6054 lr 5.45e-04 gn 0.64 proj_gn 0.25 2,719 tok/s
[m5_s1338_wave768] step   800 loss 5.8745 lr 5.41e-04 gn 0.67 proj_gn 0.22 2,702 tok/s
[m5_s1338_wave768] step   820 loss 5.6044 lr 5.37e-04 gn 0.59 proj_gn 0.22 2,725 tok/s
[m5_s1338_wave768] step   840 loss 5.6182 lr 5.33e-04 gn 0.60 proj_gn 0.24 2,679 tok/s
[m5_s1338_wave768] step   860 loss 5.5166 lr 5.29e-04 gn 0.64 proj_gn 0.21 2,627 tok/s
[m5_s1338_wave768] step   880 loss 5.5696 lr 5.25e-04 gn 0.67 proj_gn 0.26 3,003 tok/s
[m5_s1338_wave768] step   900 loss 5.3872 lr 5.21e-04 gn 0.60 proj_gn 0.21 2,716 tok/s
[m5_s1338_wave768] step   920 loss 5.5927 lr 5.17e-04 gn 0.59 proj_gn 0.23 2,792 tok/s
[m5_s1338_wave768] step   940 loss 5.4137 lr 5.12e-04 gn 0.61 proj_gn 0.20 3,613 tok/s
[m5_s1338_wave768] step   960 loss 5.5753 lr 5.08e-04 gn 0.68 proj_gn 0.23 3,619 tok/s
[m5_s1338_wave768] step   980 loss 5.4805 lr 5.03e-04 gn 0.61 proj_gn 0.21 2,702 tok/s
[m5_s1338_wave768] step  1000 loss 5.5502 lr 4.98e-04 gn 0.67 proj_gn 0.22 2,782 tok/s
[m5_s1338_wave768] step  1000 VAL 5.4113
[m5_s1338_wave768] step  1020 loss 5.2852 lr 4.94e-04 gn 0.66 proj_gn 0.23 2,767 tok/s
[m5_s1338_wave768] step  1040 loss 5.5623 lr 4.89e-04 gn 0.69 proj_gn 0.21 2,696 tok/s
[m5_s1338_wave768] step  1060 loss 5.3998 lr 4.84e-04 gn 0.72 proj_gn 0.21 2,771 tok/s
[m5_s1338_wave768] step  1080 loss 5.3968 lr 4.79e-04 gn 0.62 proj_gn 0.20 2,708 tok/s
[m5_s1338_wave768] step  1100 loss 5.4160 lr 4.74e-04 gn 0.69 proj_gn 0.25 2,774 tok/s
[m5_s1338_wave768] step  1120 loss 5.2789 lr 4.68e-04 gn 0.63 proj_gn 0.22 2,761 tok/s
[m5_s1338_wave768] step  1140 loss 5.2367 lr 4.63e-04 gn 0.69 proj_gn 0.23 2,766 tok/s
[m5_s1338_wave768] step  1160 loss 5.4983 lr 4.58e-04 gn 0.64 proj_gn 0.21 2,759 tok/s
[m5_s1338_wave768] step  1180 loss 5.4036 lr 4.53e-04 gn 0.58 proj_gn 0.17 2,782 tok/s
[m5_s1338_wave768] step  1200 loss 5.2218 lr 4.47e-04 gn 0.62 proj_gn 0.20 2,740 tok/s
[m5_s1338_wave768] step  1220 loss 5.2796 lr 4.42e-04 gn 0.65 proj_gn 0.20 2,788 tok/s
[m5_s1338_wave768] step  1240 loss 5.3110 lr 4.36e-04 gn 0.77 proj_gn 0.23 2,758 tok/s
[m5_s1338_wave768] step  1250 VAL 5.2526
[m5_s1338_wave768] step  1260 loss 5.3310 lr 4.31e-04 gn 0.70 proj_gn 0.20 2,670 tok/s
[m5_s1338_wave768] step  1280 loss 5.2344 lr 4.25e-04 gn 0.72 proj_gn 0.26 2,798 tok/s
[m5_s1338_wave768] step  1300 loss 5.1842 lr 4.19e-04 gn 0.74 proj_gn 0.23 2,633 tok/s
[m5_s1338_wave768] step  1320 loss 5.1864 lr 4.13e-04 gn 0.70 proj_gn 0.23 2,685 tok/s
[m5_s1338_wave768] step  1340 loss 5.1345 lr 4.08e-04 gn 0.68 proj_gn 0.20 3,569 tok/s
[m5_s1338_wave768] step  1360 loss 5.1603 lr 4.02e-04 gn 0.68 proj_gn 0.20 3,592 tok/s
[m5_s1338_wave768] step  1380 loss 5.2832 lr 3.96e-04 gn 0.73 proj_gn 0.24 2,608 tok/s
[m5_s1338_wave768] step  1400 loss 5.2358 lr 3.90e-04 gn 0.66 proj_gn 0.16 2,889 tok/s
[m5_s1338_wave768] step  1420 loss 5.2470 lr 3.84e-04 gn 0.67 proj_gn 0.18 2,859 tok/s
[m5_s1338_wave768] step  1440 loss 5.2228 lr 3.78e-04 gn 0.74 proj_gn 0.21 2,335 tok/s
[m5_s1338_wave768] step  1460 loss 5.2402 lr 3.72e-04 gn 0.68 proj_gn 0.18 2,868 tok/s
[m5_s1338_wave768] step  1480 loss 5.1760 lr 3.66e-04 gn 0.90 proj_gn 0.34 2,808 tok/s
[m5_s1338_wave768] step  1500 loss 5.1572 lr 3.60e-04 gn 0.73 proj_gn 0.17 2,876 tok/s
[m5_s1338_wave768] step  1500 VAL 5.1133
[m5_s1338_wave768] step  1520 loss 5.0704 lr 3.54e-04 gn 0.74 proj_gn 0.22 2,336 tok/s
[m5_s1338_wave768] step  1540 loss 5.1715 lr 3.48e-04 gn 0.74 proj_gn 0.19 2,853 tok/s
[m5_s1338_wave768] step  1560 loss 5.2689 lr 3.42e-04 gn 0.72 proj_gn 0.18 2,897 tok/s
[m5_s1338_wave768] step  1580 loss 5.2031 lr 3.36e-04 gn 0.71 proj_gn 0.16 2,344 tok/s
[m5_s1338_wave768] step  1600 loss 4.9933 lr 3.30e-04 gn 0.70 proj_gn 0.18 2,883 tok/s
[m5_s1338_wave768] step  1620 loss 4.8974 lr 3.24e-04 gn 0.66 proj_gn 0.16 2,879 tok/s
[m5_s1338_wave768] step  1640 loss 5.0824 lr 3.18e-04 gn 0.73 proj_gn 0.18 2,351 tok/s
[m5_s1338_wave768] step  1660 loss 4.9165 lr 3.12e-04 gn 0.68 proj_gn 0.19 2,899 tok/s
[m5_s1338_wave768] step  1680 loss 5.0625 lr 3.06e-04 gn 0.69 proj_gn 0.17 2,924 tok/s
[m5_s1338_wave768] step  1700 loss 5.1193 lr 3.00e-04 gn 0.75 proj_gn 0.19 2,340 tok/s
[m5_s1338_wave768] step  1720 loss 5.0354 lr 2.94e-04 gn 0.73 proj_gn 0.20 2,862 tok/s
[m5_s1338_wave768] step  1740 loss 5.0364 lr 2.88e-04 gn 0.70 proj_gn 0.17 2,881 tok/s
[m5_s1338_wave768] step  1750 VAL 5.0031
[m5_s1338_wave768] step  1760 loss 4.9570 lr 2.82e-04 gn 0.81 proj_gn 0.27 2,275 tok/s
[m5_s1338_wave768] step  1780 loss 4.7513 lr 2.76e-04 gn 0.75 proj_gn 0.19 2,867 tok/s
[m5_s1338_wave768] step  1800 loss 4.9923 lr 2.70e-04 gn 0.77 proj_gn 0.19 2,880 tok/s
[m5_s1338_wave768] step  1820 loss 4.9553 lr 2.64e-04 gn 0.76 proj_gn 0.18 2,924 tok/s
[m5_s1338_wave768] step  1840 loss 5.0508 lr 2.58e-04 gn 0.86 proj_gn 0.22 2,340 tok/s
[m5_s1338_wave768] step  1860 loss 4.7455 lr 2.52e-04 gn 0.67 proj_gn 0.17 2,844 tok/s
[m5_s1338_wave768] step  1880 loss 5.0192 lr 2.47e-04 gn 0.77 proj_gn 0.19 2,884 tok/s
[m5_s1338_wave768] step  1900 loss 4.9501 lr 2.41e-04 gn 0.73 proj_gn 0.17 2,349 tok/s
[m5_s1338_wave768] step  1920 loss 4.7979 lr 2.35e-04 gn 0.77 proj_gn 0.21 2,887 tok/s
[m5_s1338_wave768] step  1940 loss 4.8270 lr 2.29e-04 gn 0.79 proj_gn 0.21 2,851 tok/s
[m5_s1338_wave768] step  1960 loss 4.9265 lr 2.24e-04 gn 0.79 proj_gn 0.20 2,345 tok/s
[m5_s1338_wave768] step  1980 loss 4.9270 lr 2.18e-04 gn 0.78 proj_gn 0.19 2,929 tok/s
[m5_s1338_wave768] step  2000 loss 5.0541 lr 2.13e-04 gn 0.69 proj_gn 0.16 2,900 tok/s
[m5_s1338_wave768] step  2000 VAL 4.9107
[m5_s1338_wave768] step  2020 loss 4.7058 lr 2.07e-04 gn 0.85 proj_gn 0.21 2,348 tok/s
[m5_s1338_wave768] step  2040 loss 4.9495 lr 2.02e-04 gn 0.82 proj_gn 0.23 2,821 tok/s
[m5_s1338_wave768] step  2060 loss 4.6977 lr 1.97e-04 gn 0.75 proj_gn 0.17 2,451 tok/s
[m5_s1338_wave768] step  2080 loss 4.8000 lr 1.92e-04 gn 0.81 proj_gn 0.18 2,833 tok/s
[m5_s1338_wave768] step  2100 loss 4.9607 lr 1.86e-04 gn 0.77 proj_gn 0.18 2,297 tok/s
[m5_s1338_wave768] step  2120 loss 4.8129 lr 1.81e-04 gn 0.77 proj_gn 0.18 2,877 tok/s
[m5_s1338_wave768] step  2140 loss 5.0143 lr 1.76e-04 gn 0.81 proj_gn 0.17 2,858 tok/s
[m5_s1338_wave768] step  2160 loss 5.0822 lr 1.71e-04 gn 0.79 proj_gn 0.17 2,344 tok/s
[m5_s1338_wave768] step  2180 loss 4.9668 lr 1.66e-04 gn 0.84 proj_gn 0.19 2,836 tok/s
[m5_s1338_wave768] step  2200 loss 4.8462 lr 1.62e-04 gn 0.82 proj_gn 0.20 2,865 tok/s
[m5_s1338_wave768] step  2220 loss 4.7400 lr 1.57e-04 gn 0.81 proj_gn 0.19 2,330 tok/s
[m5_s1338_wave768] step  2240 loss 4.8451 lr 1.52e-04 gn 0.77 proj_gn 0.17 2,247 tok/s
[m5_s1338_wave768] step  2250 VAL 4.8425
[m5_s1338_wave768] step  2260 loss 4.9449 lr 1.48e-04 gn 0.80 proj_gn 0.18 2,878 tok/s
[m5_s1338_wave768] step  2280 loss 4.9014 lr 1.43e-04 gn 0.76 proj_gn 0.16 2,335 tok/s
[m5_s1338_wave768] step  2300 loss 4.9727 lr 1.39e-04 gn 0.81 proj_gn 0.17 2,346 tok/s
[m5_s1338_wave768] step  2320 loss 4.9461 lr 1.35e-04 gn 0.85 proj_gn 0.18 2,853 tok/s
[m5_s1338_wave768] step  2340 loss 4.8066 lr 1.31e-04 gn 0.89 proj_gn 0.17 2,141 tok/s
[m5_s1338_wave768] step  2360 loss 4.7421 lr 1.27e-04 gn 0.80 proj_gn 0.19 1,791 tok/s
[m5_s1338_wave768] step  2380 loss 4.6431 lr 1.23e-04 gn 1.02 proj_gn 0.22 2,169 tok/s
[m5_s1338_wave768] step  2400 loss 4.9112 lr 1.19e-04 gn 0.76 proj_gn 0.17 2,210 tok/s
[m5_s1338_wave768] step  2420 loss 4.7927 lr 1.15e-04 gn 0.83 proj_gn 0.17 1,943 tok/s
[m5_s1338_wave768] step  2440 loss 4.8303 lr 1.12e-04 gn 0.79 proj_gn 0.18 1,907 tok/s
[m5_s1338_wave768] step  2460 loss 4.9166 lr 1.08e-04 gn 0.84 proj_gn 0.18 2,287 tok/s
[m5_s1338_wave768] step  2480 loss 4.6739 lr 1.05e-04 gn 0.78 proj_gn 0.16 2,276 tok/s
[m5_s1338_wave768] step  2500 loss 4.6716 lr 1.01e-04 gn 0.81 proj_gn 0.17 1,877 tok/s
[m5_s1338_wave768] step  2500 VAL 4.7860
[m5_s1338_wave768] step  2520 loss 4.8147 lr 9.82e-05 gn 0.78 proj_gn 0.17 2,269 tok/s
[m5_s1338_wave768] step  2540 loss 4.8447 lr 9.52e-05 gn 0.81 proj_gn 0.19 1,946 tok/s
[m5_s1338_wave768] step  2560 loss 4.6990 lr 9.22e-05 gn 0.77 proj_gn 0.16 2,426 tok/s
[m5_s1338_wave768] step  2580 loss 4.7739 lr 8.94e-05 gn 0.89 proj_gn 0.21 2,262 tok/s
[m5_s1338_wave768] step  2600 loss 4.7093 lr 8.67e-05 gn 0.86 proj_gn 0.19 2,426 tok/s
[m5_s1338_wave768] step  2620 loss 4.6742 lr 8.42e-05 gn 0.83 proj_gn 0.18 2,341 tok/s
[m5_s1338_wave768] step  2640 loss 4.7478 lr 8.17e-05 gn 0.81 proj_gn 0.17 1,945 tok/s
[m5_s1338_wave768] step  2660 loss 4.6773 lr 7.94e-05 gn 0.78 proj_gn 0.18 2,633 tok/s
[m5_s1338_wave768] step  2680 loss 4.8683 lr 7.72e-05 gn 0.85 proj_gn 0.17 2,525 tok/s
[m5_s1338_wave768] step  2700 loss 4.8936 lr 7.52e-05 gn 0.81 proj_gn 0.16 2,042 tok/s
[m5_s1338_wave768] step  2720 loss 4.3587 lr 7.32e-05 gn 0.86 proj_gn 0.19 1,911 tok/s
[m5_s1338_wave768] step  2740 loss 4.7477 lr 7.14e-05 gn 0.81 proj_gn 0.17 2,193 tok/s
[m5_s1338_wave768] step  2750 VAL 4.7513
[m5_s1338_wave768] step  2760 loss 4.6251 lr 6.97e-05 gn 0.82 proj_gn 0.17 1,822 tok/s
[m5_s1338_wave768] step  2780 loss 4.8401 lr 6.82e-05 gn 0.85 proj_gn 0.17 1,935 tok/s
[m5_s1338_wave768] step  2800 loss 4.7439 lr 6.68e-05 gn 0.89 proj_gn 0.18 2,365 tok/s
[m5_s1338_wave768] step  2820 loss 4.7280 lr 6.55e-05 gn 0.84 proj_gn 0.17 2,013 tok/s
[m5_s1338_wave768] step  2840 loss 4.6924 lr 6.43e-05 gn 0.87 proj_gn 0.17 1,876 tok/s
[m5_s1338_wave768] step  2860 loss 4.8556 lr 6.33e-05 gn 0.81 proj_gn 0.17 1,916 tok/s
[m5_s1338_wave768] step  2880 loss 4.6258 lr 6.24e-05 gn 0.84 proj_gn 0.16 1,730 tok/s
[m5_s1338_wave768] step  2900 loss 4.8702 lr 6.17e-05 gn 0.89 proj_gn 0.17 1,307 tok/s
[m5_s1338_wave768] step  2920 loss 4.7461 lr 6.11e-05 gn 0.83 proj_gn 0.16 1,333 tok/s
[m5_s1338_wave768] step  2940 loss 4.7747 lr 6.06e-05 gn 0.83 proj_gn 0.16 2,394 tok/s
[m5_s1338_wave768] step  2960 loss 4.9000 lr 6.03e-05 gn 0.89 proj_gn 0.19 1,754 tok/s
[m5_s1338_wave768] step  2980 loss 4.7120 lr 6.01e-05 gn 0.80 proj_gn 0.15 2,199 tok/s
