[mstab_tied] device=cuda params={'total': 61351680, 'body': -39311616, 'lm_head': 50331648, 'embedding': 50331648} body_hash=bb313bab1501
[mstab_tied] step     0 loss 11.8673 lr 3.00e-06 gn 3.03 proj_gn 0.00 22,174 tok/s
[mstab_tied] step     0 VAL 11.8539
[mstab_tied] step    50 loss 9.6935 lr 1.53e-04 gn 1.16 proj_gn 0.00 27,605 tok/s
[mstab_tied] step   100 loss 7.7981 lr 3.03e-04 gn 0.88 proj_gn 0.00 27,577 tok/s
[mstab_tied] step   150 loss 6.9879 lr 4.53e-04 gn 1.40 proj_gn 0.00 27,318 tok/s
[mstab_tied] step   200 loss 6.5274 lr 6.00e-04 gn 0.70 proj_gn 0.00 27,675 tok/s
[mstab_tied] step   250 loss 6.2056 lr 6.00e-04 gn 0.49 proj_gn 0.00 27,540 tok/s
[mstab_tied] step   250 VAL 6.1764
[mstab_tied] step   300 loss 5.8811 lr 6.00e-04 gn 0.47 proj_gn 0.00 27,611 tok/s
[mstab_tied] step   350 loss 5.8328 lr 6.00e-04 gn 0.48 proj_gn 0.00 27,546 tok/s
[mstab_tied] step   400 loss 5.7045 lr 6.00e-04 gn 0.48 proj_gn 0.00 27,550 tok/s
[mstab_tied] step   450 loss 5.7326 lr 6.00e-04 gn 0.42 proj_gn 0.00 27,588 tok/s
[mstab_tied] step   500 loss 5.6175 lr 6.00e-04 gn 0.47 proj_gn 0.00 27,649 tok/s
[mstab_tied] step   500 VAL 5.5995
[mstab_tied] step   550 loss 5.6326 lr 6.00e-04 gn 0.43 proj_gn 0.00 27,705 tok/s
[mstab_tied] step   600 loss 5.3963 lr 6.00e-04 gn 0.44 proj_gn 0.00 27,587 tok/s
[mstab_tied] step   650 loss 5.4048 lr 5.99e-04 gn 0.49 proj_gn 0.00 27,554 tok/s
[mstab_tied] step   700 loss 5.5846 lr 5.99e-04 gn 0.49 proj_gn 0.00 27,578 tok/s
[mstab_tied] step   750 loss 5.3663 lr 5.99e-04 gn 0.47 proj_gn 0.00 27,565 tok/s
[mstab_tied] step   750 VAL 5.3101
[mstab_tied] step   800 loss 5.4908 lr 5.99e-04 gn 0.46 proj_gn 0.00 27,572 tok/s
[mstab_tied] step   850 loss 5.4593 lr 5.99e-04 gn 0.57 proj_gn 0.00 27,634 tok/s
[mstab_tied] step   900 loss 5.4088 lr 5.99e-04 gn 0.49 proj_gn 0.00 27,569 tok/s
[mstab_tied] step   950 loss 5.3269 lr 5.99e-04 gn 0.53 proj_gn 0.00 27,532 tok/s
[mstab_tied] step  1000 loss 5.1981 lr 5.98e-04 gn 0.55 proj_gn 0.00 27,667 tok/s
[mstab_tied] step  1000 VAL 5.1078
[mstab_tied] step  1050 loss 5.2441 lr 5.98e-04 gn 0.56 proj_gn 0.00 27,781 tok/s
[mstab_tied] step  1100 loss 5.0678 lr 5.98e-04 gn 0.59 proj_gn 0.00 27,565 tok/s
[mstab_tied] step  1150 loss 5.3664 lr 5.98e-04 gn 0.57 proj_gn 0.00 27,555 tok/s
[mstab_tied] step  1200 loss 5.1527 lr 5.97e-04 gn 0.60 proj_gn 0.00 27,599 tok/s
[mstab_tied] step  1250 loss 5.0663 lr 5.97e-04 gn 0.62 proj_gn 0.00 27,532 tok/s
[mstab_tied] step  1250 VAL 4.9307
[mstab_tied] step  1300 loss 5.0891 lr 5.97e-04 gn 0.57 proj_gn 0.00 27,580 tok/s
[mstab_tied] step  1350 loss 4.9314 lr 5.97e-04 gn 0.60 proj_gn 0.00 27,653 tok/s
[mstab_tied] step  1400 loss 4.8955 lr 5.96e-04 gn 0.64 proj_gn 0.00 27,539 tok/s
[mstab_tied] step  1450 loss 4.9953 lr 5.96e-04 gn 0.64 proj_gn 0.00 27,557 tok/s
[mstab_tied] step  1500 loss 4.7652 lr 5.96e-04 gn 0.69 proj_gn 0.00 27,634 tok/s
[mstab_tied] step  1500 VAL 4.7689
[mstab_tied] step  1550 loss 4.8506 lr 5.95e-04 gn 0.66 proj_gn 0.00 27,648 tok/s
[mstab_tied] step  1600 loss 5.0320 lr 5.95e-04 gn 0.69 proj_gn 0.00 27,548 tok/s
[mstab_tied] step  1650 loss 4.7462 lr 5.95e-04 gn 0.68 proj_gn 0.00 27,564 tok/s
[mstab_tied] step  1700 loss 4.5343 lr 5.94e-04 gn 0.73 proj_gn 0.00 27,576 tok/s
[mstab_tied] step  1750 loss 4.6242 lr 5.94e-04 gn 0.76 proj_gn 0.00 27,569 tok/s
[mstab_tied] step  1750 VAL 4.6105
[mstab_tied] step  1800 loss 4.8580 lr 5.93e-04 gn 0.71 proj_gn 0.00 27,604 tok/s
[mstab_tied] step  1850 loss 4.5710 lr 5.93e-04 gn 0.73 proj_gn 0.00 27,636 tok/s
[mstab_tied] step  1900 loss 4.3040 lr 5.93e-04 gn 0.80 proj_gn 0.00 27,340 tok/s
[mstab_tied] step  1950 loss 4.5955 lr 5.92e-04 gn 0.74 proj_gn 0.00 27,609 tok/s
[mstab_tied] step  2000 loss 4.5784 lr 5.92e-04 gn 0.81 proj_gn 0.00 27,594 tok/s
[mstab_tied] step  2000 VAL 4.4515
[mstab_tied] step  2050 loss 4.5229 lr 5.91e-04 gn 0.79 proj_gn 0.00 27,547 tok/s
[mstab_tied] step  2100 loss 4.6475 lr 5.91e-04 gn 0.91 proj_gn 0.00 27,734 tok/s
[mstab_tied] step  2150 loss 4.4960 lr 5.90e-04 gn 0.77 proj_gn 0.00 27,587 tok/s
[mstab_tied] step  2200 loss 4.6325 lr 5.90e-04 gn 0.81 proj_gn 0.00 27,596 tok/s
[mstab_tied] step  2250 loss 4.4489 lr 5.89e-04 gn 0.83 proj_gn 0.00 27,671 tok/s
[mstab_tied] step  2250 VAL 4.3495
[mstab_tied] step  2300 loss 4.3327 lr 5.89e-04 gn 0.79 proj_gn 0.00 27,605 tok/s
[mstab_tied] step  2350 loss 4.4583 lr 5.88e-04 gn 0.81 proj_gn 0.00 27,610 tok/s
[mstab_tied] step  2400 loss 4.4266 lr 5.88e-04 gn 0.78 proj_gn 0.00 27,699 tok/s
[mstab_tied] step  2450 loss 4.1457 lr 5.87e-04 gn 0.73 proj_gn 0.00 27,568 tok/s
[mstab_tied] step  2500 loss 4.2768 lr 5.87e-04 gn 0.83 proj_gn 0.00 27,556 tok/s
[mstab_tied] step  2500 VAL 4.2748
[mstab_tied] step  2550 loss 4.4563 lr 5.86e-04 gn 0.83 proj_gn 0.00 27,576 tok/s
[mstab_tied] step  2600 loss 4.2784 lr 5.85e-04 gn 0.84 proj_gn 0.00 27,656 tok/s
[mstab_tied] step  2650 loss 4.2532 lr 5.85e-04 gn 0.80 proj_gn 0.00 27,618 tok/s
[mstab_tied] step  2700 loss 4.3650 lr 5.84e-04 gn 0.78 proj_gn 0.00 27,565 tok/s
[mstab_tied] step  2750 loss 4.5541 lr 5.84e-04 gn 0.81 proj_gn 0.00 27,692 tok/s
[mstab_tied] step  2750 VAL 4.2171
[mstab_tied] step  2800 loss 4.3805 lr 5.83e-04 gn 0.79 proj_gn 0.00 27,674 tok/s
[mstab_tied] step  2850 loss 4.0992 lr 5.82e-04 gn 0.71 proj_gn 0.00 27,627 tok/s
[mstab_tied] step  2900 loss 4.0485 lr 5.82e-04 gn 0.74 proj_gn 0.00 27,535 tok/s
[mstab_tied] step  2950 loss 4.1474 lr 5.81e-04 gn 0.81 proj_gn 0.00 27,562 tok/s
[mstab_tied] step  3000 loss 4.1907 lr 5.80e-04 gn 0.78 proj_gn 0.00 27,518 tok/s
[mstab_tied] step  3000 VAL 4.1647
[mstab_tied] step  3050 loss 4.3798 lr 5.79e-04 gn 0.82 proj_gn 0.00 27,536 tok/s
[mstab_tied] step  3100 loss 4.2452 lr 5.79e-04 gn 0.79 proj_gn 0.00 27,348 tok/s
[mstab_tied] step  3150 loss 4.0701 lr 5.78e-04 gn 0.84 proj_gn 0.00 27,609 tok/s
[mstab_tied] step  3200 loss 4.0855 lr 5.77e-04 gn 0.70 proj_gn 0.00 27,588 tok/s
[mstab_tied] step  3250 loss 4.1262 lr 5.77e-04 gn 0.76 proj_gn 0.00 27,554 tok/s
[mstab_tied] step  3250 VAL 4.1295
[mstab_tied] step  3300 loss 4.0170 lr 5.76e-04 gn 0.88 proj_gn 0.00 27,492 tok/s
[mstab_tied] step  3350 loss 4.2264 lr 5.75e-04 gn 0.73 proj_gn 0.00 27,696 tok/s
[mstab_tied] step  3400 loss 3.9661 lr 5.74e-04 gn 0.74 proj_gn 0.00 27,566 tok/s
[mstab_tied] step  3450 loss 4.4068 lr 5.73e-04 gn 0.81 proj_gn 0.00 27,639 tok/s
[mstab_tied] step  3500 loss 4.1424 lr 5.73e-04 gn 0.70 proj_gn 0.00 27,665 tok/s
[mstab_tied] step  3500 VAL 4.0933
[mstab_tied] step  3550 loss 4.4496 lr 5.72e-04 gn 0.81 proj_gn 0.00 27,613 tok/s
[mstab_tied] step  3600 loss 4.0541 lr 5.71e-04 gn 0.75 proj_gn 0.00 27,533 tok/s
[mstab_tied] step  3650 loss 3.9691 lr 5.70e-04 gn 0.81 proj_gn 0.00 27,633 tok/s
[mstab_tied] step  3700 loss 4.3047 lr 5.69e-04 gn 0.76 proj_gn 0.00 27,543 tok/s
[mstab_tied] step  3750 loss 4.1898 lr 5.68e-04 gn 0.76 proj_gn 0.00 27,630 tok/s
[mstab_tied] step  3750 VAL 4.0641
[mstab_tied] step  3800 loss 4.0614 lr 5.67e-04 gn 0.70 proj_gn 0.00 27,565 tok/s
[mstab_tied] step  3850 loss 4.2110 lr 5.67e-04 gn 0.76 proj_gn 0.00 27,695 tok/s
[mstab_tied] step  3900 loss 4.1459 lr 5.66e-04 gn 0.74 proj_gn 0.00 27,521 tok/s
[mstab_tied] step  3950 loss 4.2732 lr 5.65e-04 gn 0.74 proj_gn 0.00 27,556 tok/s
[mstab_tied] step  4000 loss 3.9684 lr 5.64e-04 gn 0.70 proj_gn 0.00 27,575 tok/s
[mstab_tied] step  4000 VAL 4.0362
[mstab_tied] step  4050 loss 4.1412 lr 5.63e-04 gn 0.75 proj_gn 0.00 27,574 tok/s
[mstab_tied] step  4100 loss 4.0035 lr 5.62e-04 gn 0.71 proj_gn 0.00 27,525 tok/s
[mstab_tied] step  4150 loss 3.9925 lr 5.61e-04 gn 0.77 proj_gn 0.00 27,616 tok/s
[mstab_tied] step  4200 loss 4.0199 lr 5.60e-04 gn 0.76 proj_gn 0.00 27,536 tok/s
[mstab_tied] step  4250 loss 4.1366 lr 5.59e-04 gn 0.69 proj_gn 0.00 27,565 tok/s
[mstab_tied] step  4250 VAL 4.0189
[mstab_tied] step  4300 loss 4.0829 lr 5.58e-04 gn 0.71 proj_gn 0.00 27,537 tok/s
[mstab_tied] step  4350 loss 4.3112 lr 5.57e-04 gn 0.74 proj_gn 0.00 27,527 tok/s
[mstab_tied] step  4400 loss 3.9848 lr 5.56e-04 gn 0.69 proj_gn 0.00 27,717 tok/s
[mstab_tied] step  4450 loss 3.9309 lr 5.55e-04 gn 0.74 proj_gn 0.00 27,555 tok/s
[mstab_tied] step  4500 loss 4.1350 lr 5.54e-04 gn 0.74 proj_gn 0.00 27,568 tok/s
[mstab_tied] step  4500 VAL 3.9964
[mstab_tied] step  4550 loss 4.2164 lr 5.53e-04 gn 0.71 proj_gn 0.00 27,560 tok/s
[mstab_tied] step  4600 loss 4.1522 lr 5.52e-04 gn 0.87 proj_gn 0.00 27,576 tok/s
[mstab_tied] step  4650 loss 4.0716 lr 5.51e-04 gn 0.71 proj_gn 0.00 27,550 tok/s
[mstab_tied] step  4700 loss 4.1879 lr 5.50e-04 gn 0.76 proj_gn 0.00 27,662 tok/s
[mstab_tied] step  4750 loss 4.0377 lr 5.49e-04 gn 0.72 proj_gn 0.00 27,566 tok/s
[mstab_tied] step  4750 VAL 3.9698
[mstab_tied] step  4800 loss 4.0075 lr 5.48e-04 gn 0.74 proj_gn 0.00 27,526 tok/s
[mstab_tied] step  4850 loss 3.8857 lr 5.46e-04 gn 0.74 proj_gn 0.00 27,494 tok/s
[mstab_tied] step  4900 loss 4.1069 lr 5.45e-04 gn 0.70 proj_gn 0.00 27,610 tok/s
[mstab_tied] step  4950 loss 3.9532 lr 5.44e-04 gn 0.74 proj_gn 0.00 27,519 tok/s
[mstab_tied] step  5000 loss 3.9547 lr 5.43e-04 gn 0.74 proj_gn 0.00 27,612 tok/s
[mstab_tied] step  5000 VAL 3.9565
[mstab_tied] step  5050 loss 3.8742 lr 5.42e-04 gn 0.70 proj_gn 0.00 27,644 tok/s
[mstab_tied] step  5100 loss 4.2475 lr 5.41e-04 gn 0.76 proj_gn 0.00 27,552 tok/s
[mstab_tied] step  5150 loss 4.1251 lr 5.40e-04 gn 0.76 proj_gn 0.00 27,514 tok/s
[mstab_tied] step  5200 loss 4.3281 lr 5.38e-04 gn 0.73 proj_gn 0.00 27,673 tok/s
[mstab_tied] step  5250 loss 4.0297 lr 5.37e-04 gn 0.80 proj_gn 0.00 27,581 tok/s
[mstab_tied] step  5250 VAL 3.9378
[mstab_tied] step  5300 loss 4.0642 lr 5.36e-04 gn 0.71 proj_gn 0.00 27,499 tok/s
[mstab_tied] step  5350 loss 4.0267 lr 5.35e-04 gn 0.67 proj_gn 0.00 27,578 tok/s
[mstab_tied] step  5400 loss 4.0746 lr 5.34e-04 gn 0.73 proj_gn 0.00 27,543 tok/s
[mstab_tied] step  5450 loss 4.0449 lr 5.32e-04 gn 0.74 proj_gn 0.00 27,546 tok/s
[mstab_tied] step  5500 loss 4.0432 lr 5.31e-04 gn 0.72 proj_gn 0.00 27,700 tok/s
[mstab_tied] step  5500 VAL 3.9229
[mstab_tied] step  5550 loss 4.0543 lr 5.30e-04 gn 0.72 proj_gn 0.00 27,686 tok/s
[mstab_tied] step  5600 loss 4.0154 lr 5.29e-04 gn 0.78 proj_gn 0.00 27,554 tok/s
[mstab_tied] step  5650 loss 4.0818 lr 5.27e-04 gn 0.69 proj_gn 0.00 27,516 tok/s
[mstab_tied] step  5700 loss 4.1442 lr 5.26e-04 gn 0.72 proj_gn 0.00 27,683 tok/s
[mstab_tied] step  5750 loss 4.0008 lr 5.25e-04 gn 0.73 proj_gn 0.00 27,542 tok/s
[mstab_tied] step  5750 VAL 3.9042
[mstab_tied] step  5800 loss 3.9727 lr 5.24e-04 gn 0.73 proj_gn 0.00 27,562 tok/s
[mstab_tied] step  5850 loss 3.8002 lr 5.22e-04 gn 0.77 proj_gn 0.00 27,557 tok/s
[mstab_tied] step  5900 loss 3.8798 lr 5.21e-04 gn 0.71 proj_gn 0.00 27,595 tok/s
[mstab_tied] step  5950 loss 3.9894 lr 5.20e-04 gn 0.76 proj_gn 0.00 27,496 tok/s
[mstab_tied] step  6000 loss 3.7404 lr 5.18e-04 gn 0.67 proj_gn 0.00 27,619 tok/s
[mstab_tied] step  6000 VAL 3.8964
[mstab_tied] step  6050 loss 4.0806 lr 5.17e-04 gn 0.73 proj_gn 0.00 27,731 tok/s
[mstab_tied] step  6100 loss 3.9806 lr 5.16e-04 gn 0.71 proj_gn 0.00 27,559 tok/s
[mstab_tied] step  6150 loss 4.1929 lr 5.14e-04 gn 0.78 proj_gn 0.00 27,662 tok/s
[mstab_tied] step  6200 loss 4.2374 lr 5.13e-04 gn 0.73 proj_gn 0.00 27,587 tok/s
[mstab_tied] step  6250 loss 4.0993 lr 5.11e-04 gn 0.76 proj_gn 0.00 27,649 tok/s
[mstab_tied] step  6250 VAL 3.8774
[mstab_tied] step  6300 loss 3.9424 lr 5.10e-04 gn 0.76 proj_gn 0.00 27,622 tok/s
[mstab_tied] step  6350 loss 3.8313 lr 5.09e-04 gn 0.70 proj_gn 0.00 27,605 tok/s
[mstab_tied] step  6400 loss 4.0398 lr 5.07e-04 gn 0.70 proj_gn 0.00 27,658 tok/s
[mstab_tied] step  6450 loss 3.8908 lr 5.06e-04 gn 0.72 proj_gn 0.00 27,550 tok/s
[mstab_tied] step  6500 loss 3.8073 lr 5.05e-04 gn 0.79 proj_gn 0.00 27,515 tok/s
[mstab_tied] step  6500 VAL 3.8656
[mstab_tied] step  6550 loss 3.9054 lr 5.03e-04 gn 0.69 proj_gn 0.00 27,559 tok/s
[mstab_tied] step  6600 loss 3.9062 lr 5.02e-04 gn 0.67 proj_gn 0.00 27,656 tok/s
[mstab_tied] step  6650 loss 4.0541 lr 5.00e-04 gn 0.75 proj_gn 0.00 27,566 tok/s
[mstab_tied] step  6700 loss 3.9551 lr 4.99e-04 gn 0.73 proj_gn 0.00 27,602 tok/s
[mstab_tied] step  6750 loss 4.0056 lr 4.97e-04 gn 0.69 proj_gn 0.00 27,538 tok/s
[mstab_tied] step  6750 VAL 3.8552
[mstab_tied] step  6800 loss 3.7593 lr 4.96e-04 gn 0.68 proj_gn 0.00 27,959 tok/s
[mstab_tied] step  6850 loss 4.0432 lr 4.94e-04 gn 0.75 proj_gn 0.00 27,570 tok/s
[mstab_tied] step  6900 loss 3.9016 lr 4.93e-04 gn 0.69 proj_gn 0.00 27,647 tok/s
[mstab_tied] step  6950 loss 4.0024 lr 4.91e-04 gn 0.72 proj_gn 0.00 27,558 tok/s
[mstab_tied] step  7000 loss 4.0139 lr 4.90e-04 gn 0.72 proj_gn 0.00 27,554 tok/s
[mstab_tied] step  7000 VAL 3.8430
[mstab_tied] step  7050 loss 3.8844 lr 4.88e-04 gn 0.71 proj_gn 0.00 27,598 tok/s
[mstab_tied] step  7100 loss 3.8993 lr 4.87e-04 gn 0.75 proj_gn 0.00 27,684 tok/s
[mstab_tied] step  7150 loss 3.7805 lr 4.85e-04 gn 0.80 proj_gn 0.00 27,521 tok/s
[mstab_tied] step  7200 loss 3.8929 lr 4.84e-04 gn 0.72 proj_gn 0.00 27,536 tok/s
[mstab_tied] step  7250 loss 3.9472 lr 4.82e-04 gn 0.71 proj_gn 0.00 27,549 tok/s
[mstab_tied] step  7250 VAL 3.8334
[mstab_tied] step  7300 loss 4.0383 lr 4.81e-04 gn 0.69 proj_gn 0.00 27,542 tok/s
[mstab_tied] step  7350 loss 3.9579 lr 4.79e-04 gn 0.75 proj_gn 0.00 27,528 tok/s
[mstab_tied] step  7400 loss 4.1548 lr 4.78e-04 gn 0.72 proj_gn 0.00 27,773 tok/s
[mstab_tied] step  7450 loss 4.0827 lr 4.76e-04 gn 0.76 proj_gn 0.00 27,555 tok/s
[mstab_tied] step  7500 loss 4.0601 lr 4.75e-04 gn 0.72 proj_gn 0.00 27,393 tok/s
[mstab_tied] step  7500 VAL 3.8242
[mstab_tied] step  7550 loss 3.9677 lr 4.73e-04 gn 0.70 proj_gn 0.00 27,543 tok/s
[mstab_tied] step  7600 loss 3.9970 lr 4.71e-04 gn 0.68 proj_gn 0.00 27,507 tok/s
[mstab_tied] step  7650 loss 3.7419 lr 4.70e-04 gn 0.72 proj_gn 0.00 27,587 tok/s
[mstab_tied] step  7700 loss 3.6690 lr 4.68e-04 gn 0.71 proj_gn 0.00 27,636 tok/s
[mstab_tied] step  7750 loss 4.0015 lr 4.67e-04 gn 0.73 proj_gn 0.00 27,650 tok/s
[mstab_tied] step  7750 VAL 3.8097
[mstab_tied] step  7800 loss 3.9122 lr 4.65e-04 gn 0.74 proj_gn 0.00 27,599 tok/s
[mstab_tied] step  7850 loss 3.7727 lr 4.63e-04 gn 0.78 proj_gn 0.00 27,656 tok/s
[mstab_tied] step  7900 loss 3.9453 lr 4.62e-04 gn 0.74 proj_gn 0.00 27,554 tok/s
[mstab_tied] step  7950 loss 3.9535 lr 4.60e-04 gn 0.74 proj_gn 0.00 27,680 tok/s
[mstab_tied] step  8000 loss 3.9323 lr 4.59e-04 gn 0.74 proj_gn 0.00 27,613 tok/s
[mstab_tied] step  8000 VAL 3.8008
[mstab_tied] step  8050 loss 3.7473 lr 4.57e-04 gn 0.68 proj_gn 0.00 27,524 tok/s
[mstab_tied] step  8100 loss 3.8784 lr 4.55e-04 gn 0.76 proj_gn 0.00 27,550 tok/s
[mstab_tied] step  8150 loss 3.8967 lr 4.54e-04 gn 0.76 proj_gn 0.00 27,639 tok/s
[mstab_tied] step  8200 loss 3.8298 lr 4.52e-04 gn 0.72 proj_gn 0.00 27,637 tok/s
[mstab_tied] step  8250 loss 3.8802 lr 4.50e-04 gn 0.73 proj_gn 0.00 27,325 tok/s
[mstab_tied] step  8250 VAL 3.7939
[mstab_tied] step  8300 loss 3.8438 lr 4.49e-04 gn 0.74 proj_gn 0.00 27,510 tok/s
[mstab_tied] step  8350 loss 4.0640 lr 4.47e-04 gn 0.75 proj_gn 0.00 27,687 tok/s
[mstab_tied] step  8400 loss 3.9493 lr 4.45e-04 gn 0.73 proj_gn 0.00 27,538 tok/s
[mstab_tied] step  8450 loss 4.0685 lr 4.44e-04 gn 0.83 proj_gn 0.00 27,666 tok/s
[mstab_tied] step  8500 loss 3.9969 lr 4.42e-04 gn 0.76 proj_gn 0.00 27,548 tok/s
[mstab_tied] step  8500 VAL 3.7856
[mstab_tied] step  8550 loss 4.1092 lr 4.40e-04 gn 0.82 proj_gn 0.00 27,612 tok/s
[mstab_tied] step  8600 loss 4.0105 lr 4.38e-04 gn 0.75 proj_gn 0.00 27,532 tok/s
[mstab_tied] step  8650 loss 3.6522 lr 4.37e-04 gn 0.75 proj_gn 0.00 27,687 tok/s
[mstab_tied] step  8700 loss 3.9293 lr 4.35e-04 gn 0.74 proj_gn 0.00 27,631 tok/s
[mstab_tied] step  8750 loss 3.8782 lr 4.33e-04 gn 0.72 proj_gn 0.00 27,630 tok/s
[mstab_tied] step  8750 VAL 3.7756
[mstab_tied] step  8800 loss 3.7342 lr 4.32e-04 gn 0.73 proj_gn 0.00 27,522 tok/s
[mstab_tied] step  8850 loss 3.7288 lr 4.30e-04 gn 0.72 proj_gn 0.00 27,716 tok/s
[mstab_tied] step  8900 loss 3.9442 lr 4.28e-04 gn 0.79 proj_gn 0.00 27,554 tok/s
[mstab_tied] step  8950 loss 3.6802 lr 4.26e-04 gn 0.75 proj_gn 0.00 27,563 tok/s
[mstab_tied] step  9000 loss 3.8178 lr 4.25e-04 gn 0.74 proj_gn 0.00 27,671 tok/s
[mstab_tied] step  9000 VAL 3.7638
[mstab_tied] step  9050 loss 3.9394 lr 4.23e-04 gn 0.75 proj_gn 0.00 27,555 tok/s
[mstab_tied] step  9100 loss 3.9733 lr 4.21e-04 gn 0.74 proj_gn 0.00 27,549 tok/s
[mstab_tied] step  9150 loss 3.6056 lr 4.19e-04 gn 0.75 proj_gn 0.00 27,715 tok/s
[mstab_tied] step  9200 loss 3.8074 lr 4.18e-04 gn 0.76 proj_gn 0.00 27,583 tok/s
[mstab_tied] step  9250 loss 3.8531 lr 4.16e-04 gn 0.85 proj_gn 0.00 27,510 tok/s
[mstab_tied] step  9250 VAL 3.7598
[mstab_tied] step  9300 loss 3.8547 lr 4.14e-04 gn 0.80 proj_gn 0.00 27,524 tok/s
[mstab_tied] step  9350 loss 4.0584 lr 4.12e-04 gn 0.73 proj_gn 0.00 27,611 tok/s
[mstab_tied] step  9400 loss 3.6895 lr 4.11e-04 gn 0.75 proj_gn 0.00 27,513 tok/s
[mstab_tied] step  9450 loss 3.9287 lr 4.09e-04 gn 0.79 proj_gn 0.00 27,617 tok/s
[mstab_tied] step  9500 loss 3.8092 lr 4.07e-04 gn 0.73 proj_gn 0.00 27,612 tok/s
[mstab_tied] step  9500 VAL 3.7533
[mstab_tied] step  9550 loss 3.7923 lr 4.05e-04 gn 0.75 proj_gn 0.00 27,539 tok/s
[mstab_tied] step  9600 loss 3.7834 lr 4.03e-04 gn 0.79 proj_gn 0.00 27,557 tok/s
[mstab_tied] step  9650 loss 4.0723 lr 4.02e-04 gn 0.78 proj_gn 0.00 27,647 tok/s
[mstab_tied] step  9700 loss 3.7867 lr 4.00e-04 gn 0.74 proj_gn 0.00 27,547 tok/s
[mstab_tied] step  9750 loss 3.8849 lr 3.98e-04 gn 0.75 proj_gn 0.00 27,607 tok/s
[mstab_tied] step  9750 VAL 3.7444
[mstab_tied] step  9800 loss 3.9951 lr 3.96e-04 gn 0.81 proj_gn 0.00 27,604 tok/s
[mstab_tied] step  9850 loss 3.7436 lr 3.94e-04 gn 0.74 proj_gn 0.00 27,569 tok/s
[mstab_tied] step  9900 loss 3.6508 lr 3.93e-04 gn 0.73 proj_gn 0.00 27,517 tok/s
[mstab_tied] step  9950 loss 3.7557 lr 3.91e-04 gn 0.77 proj_gn 0.00 27,690 tok/s
[mstab_tied] step 10000 loss 3.7524 lr 3.89e-04 gn 0.74 proj_gn 0.00 27,464 tok/s
[mstab_tied] step 10000 VAL 3.7336
[mstab_tied] step 10050 loss 3.7087 lr 3.87e-04 gn 0.74 proj_gn 0.00 27,622 tok/s
[mstab_tied] step 10100 loss 4.1547 lr 3.85e-04 gn 0.84 proj_gn 0.00 27,545 tok/s
[mstab_tied] step 10150 loss 3.8631 lr 3.84e-04 gn 0.74 proj_gn 0.00 27,673 tok/s
[mstab_tied] step 10200 loss 3.8109 lr 3.82e-04 gn 0.74 proj_gn 0.00 27,519 tok/s
[mstab_tied] step 10250 loss 3.7733 lr 3.80e-04 gn 0.81 proj_gn 0.00 27,611 tok/s
[mstab_tied] step 10250 VAL 3.7291
[mstab_tied] step 10300 loss 3.8816 lr 3.78e-04 gn 0.81 proj_gn 0.00 27,517 tok/s
[mstab_tied] step 10350 loss 3.8901 lr 3.76e-04 gn 0.74 proj_gn 0.00 27,660 tok/s
[mstab_tied] step 10400 loss 3.6975 lr 3.74e-04 gn 0.79 proj_gn 0.00 27,548 tok/s
[mstab_tied] step 10450 loss 3.8975 lr 3.73e-04 gn 0.75 proj_gn 0.00 27,559 tok/s
[mstab_tied] step 10500 loss 4.0101 lr 3.71e-04 gn 0.74 proj_gn 0.00 27,564 tok/s
[mstab_tied] step 10500 VAL 3.7194
[mstab_tied] step 10550 loss 3.9007 lr 3.69e-04 gn 0.78 proj_gn 0.00 27,566 tok/s
[mstab_tied] step 10600 loss 3.9120 lr 3.67e-04 gn 0.81 proj_gn 0.00 27,644 tok/s
[mstab_tied] step 10650 loss 3.8337 lr 3.65e-04 gn 0.75 proj_gn 0.00 27,533 tok/s
[mstab_tied] step 10700 loss 3.8756 lr 3.63e-04 gn 0.77 proj_gn 0.00 27,576 tok/s
[mstab_tied] step 10750 loss 3.8386 lr 3.62e-04 gn 0.77 proj_gn 0.00 27,580 tok/s
[mstab_tied] step 10750 VAL 3.7141
[mstab_tied] step 10800 loss 3.7647 lr 3.60e-04 gn 0.73 proj_gn 0.00 27,545 tok/s
[mstab_tied] step 10850 loss 3.8430 lr 3.58e-04 gn 0.85 proj_gn 0.00 27,488 tok/s
[mstab_tied] step 10900 loss 3.6807 lr 3.56e-04 gn 0.82 proj_gn 0.00 27,686 tok/s
[mstab_tied] step 10950 loss 3.7169 lr 3.54e-04 gn 0.78 proj_gn 0.00 27,536 tok/s
[mstab_tied] step 11000 loss 3.5748 lr 3.52e-04 gn 0.77 proj_gn 0.00 27,523 tok/s
[mstab_tied] step 11000 VAL 3.7079
[mstab_tied] step 11050 loss 3.9467 lr 3.50e-04 gn 0.86 proj_gn 0.00 27,687 tok/s
[mstab_tied] step 11100 loss 3.8454 lr 3.49e-04 gn 0.80 proj_gn 0.00 27,616 tok/s
[mstab_tied] step 11150 loss 3.7394 lr 3.47e-04 gn 0.80 proj_gn 0.00 27,516 tok/s
[mstab_tied] step 11200 loss 3.5420 lr 3.45e-04 gn 0.76 proj_gn 0.00 27,654 tok/s
[mstab_tied] step 11250 loss 3.6427 lr 3.43e-04 gn 0.75 proj_gn 0.00 27,561 tok/s
[mstab_tied] step 11250 VAL 3.7023
[mstab_tied] step 11300 loss 3.7027 lr 3.41e-04 gn 0.76 proj_gn 0.00 27,514 tok/s
[mstab_tied] step 11350 loss 3.8482 lr 3.39e-04 gn 0.76 proj_gn 0.00 27,635 tok/s
[mstab_tied] step 11400 loss 3.8264 lr 3.37e-04 gn 0.79 proj_gn 0.00 27,668 tok/s
[mstab_tied] step 11450 loss 3.8660 lr 3.36e-04 gn 0.76 proj_gn 0.00 27,528 tok/s
[mstab_tied] step 11500 loss 3.8532 lr 3.34e-04 gn 0.80 proj_gn 0.00 27,586 tok/s
[mstab_tied] step 11500 VAL 3.6966
[mstab_tied] step 11550 loss 3.8892 lr 3.32e-04 gn 0.76 proj_gn 0.00 27,593 tok/s
[mstab_tied] step 11600 loss 3.9263 lr 3.30e-04 gn 0.86 proj_gn 0.00 27,596 tok/s
[mstab_tied] step 11650 loss 3.6051 lr 3.28e-04 gn 0.76 proj_gn 0.00 27,510 tok/s
[mstab_tied] step 11700 loss 3.6798 lr 3.26e-04 gn 0.84 proj_gn 0.00 27,675 tok/s
[mstab_tied] step 11750 loss 3.7813 lr 3.24e-04 gn 0.77 proj_gn 0.00 27,532 tok/s
[mstab_tied] step 11750 VAL 3.6926
[mstab_tied] step 11800 loss 3.7322 lr 3.23e-04 gn 0.76 proj_gn 0.00 27,620 tok/s
[mstab_tied] step 11850 loss 3.9210 lr 3.21e-04 gn 0.80 proj_gn 0.00 27,534 tok/s
[mstab_tied] step 11900 loss 3.8677 lr 3.19e-04 gn 0.79 proj_gn 0.00 27,609 tok/s
[mstab_tied] step 11950 loss 3.9429 lr 3.17e-04 gn 0.85 proj_gn 0.00 27,509 tok/s
[mstab_tied] step 12000 loss 3.7684 lr 3.15e-04 gn 0.81 proj_gn 0.00 27,580 tok/s
[mstab_tied] step 12000 VAL 3.6835
[mstab_tied] step 12050 loss 3.7415 lr 3.13e-04 gn 0.82 proj_gn 0.00 27,644 tok/s
[mstab_tied] step 12100 loss 3.6652 lr 3.11e-04 gn 0.82 proj_gn 0.00 27,650 tok/s
[mstab_tied] step 12150 loss 3.7171 lr 3.10e-04 gn 0.81 proj_gn 0.00 27,273 tok/s
[mstab_tied] step 12200 loss 3.7593 lr 3.08e-04 gn 0.82 proj_gn 0.00 27,282 tok/s
[mstab_tied] step 12250 loss 3.8778 lr 3.06e-04 gn 0.82 proj_gn 0.00 27,575 tok/s
[mstab_tied] step 12250 VAL 3.6800
[mstab_tied] step 12300 loss 3.6457 lr 3.04e-04 gn 0.81 proj_gn 0.00 27,536 tok/s
[mstab_tied] step 12350 loss 3.8903 lr 3.02e-04 gn 0.81 proj_gn 0.00 27,523 tok/s
[mstab_tied] step 12400 loss 3.7535 lr 3.00e-04 gn 0.81 proj_gn 0.00 28,186 tok/s
[mstab_tied] step 12450 loss 3.9504 lr 2.98e-04 gn 0.87 proj_gn 0.00 27,561 tok/s
[mstab_tied] step 12500 loss 3.6767 lr 2.97e-04 gn 0.82 proj_gn 0.00 27,553 tok/s
[mstab_tied] step 12500 VAL 3.6745
[mstab_tied] step 12550 loss 3.6878 lr 2.95e-04 gn 0.85 proj_gn 0.00 27,511 tok/s
[mstab_tied] step 12600 loss 3.8094 lr 2.93e-04 gn 0.79 proj_gn 0.00 27,662 tok/s
[mstab_tied] step 12650 loss 3.8617 lr 2.91e-04 gn 0.78 proj_gn 0.00 27,521 tok/s
[mstab_tied] step 12700 loss 3.7495 lr 2.89e-04 gn 0.86 proj_gn 0.00 27,662 tok/s
[mstab_tied] step 12750 loss 3.4473 lr 2.87e-04 gn 0.78 proj_gn 0.00 27,304 tok/s
[mstab_tied] step 12750 VAL 3.6676
[mstab_tied] step 12800 loss 3.7290 lr 2.86e-04 gn 0.80 proj_gn 0.00 27,580 tok/s
[mstab_tied] step 12850 loss 3.6924 lr 2.84e-04 gn 0.85 proj_gn 0.00 27,571 tok/s
[mstab_tied] step 12900 loss 3.8495 lr 2.82e-04 gn 0.79 proj_gn 0.00 27,577 tok/s
[mstab_tied] step 12950 loss 3.6294 lr 2.80e-04 gn 0.79 proj_gn 0.00 27,567 tok/s
[mstab_tied] step 13000 loss 3.6795 lr 2.78e-04 gn 0.77 proj_gn 0.00 27,736 tok/s
[mstab_tied] step 13000 VAL 3.6613
[mstab_tied] step 13050 loss 3.9215 lr 2.76e-04 gn 0.79 proj_gn 0.00 27,635 tok/s
[mstab_tied] step 13100 loss 3.6266 lr 2.75e-04 gn 0.80 proj_gn 0.00 27,538 tok/s
[mstab_tied] step 13150 loss 3.8586 lr 2.73e-04 gn 0.88 proj_gn 0.00 27,587 tok/s
[mstab_tied] step 13200 loss 3.8179 lr 2.71e-04 gn 0.79 proj_gn 0.00 27,628 tok/s
[mstab_tied] step 13250 loss 3.6033 lr 2.69e-04 gn 0.83 proj_gn 0.00 27,556 tok/s
[mstab_tied] step 13250 VAL 3.6575
[mstab_tied] step 13300 loss 3.7398 lr 2.67e-04 gn 0.84 proj_gn 0.00 27,578 tok/s
[mstab_tied] step 13350 loss 3.8662 lr 2.66e-04 gn 0.80 proj_gn 0.00 27,557 tok/s
[mstab_tied] step 13400 loss 3.7580 lr 2.64e-04 gn 0.82 proj_gn 0.00 27,640 tok/s
[mstab_tied] step 13450 loss 3.8470 lr 2.62e-04 gn 0.85 proj_gn 0.00 27,741 tok/s
[mstab_tied] step 13500 loss 3.5935 lr 2.60e-04 gn 0.83 proj_gn 0.00 27,611 tok/s
[mstab_tied] step 13500 VAL 3.6493
[mstab_tied] step 13550 loss 3.6904 lr 2.58e-04 gn 0.84 proj_gn 0.00 27,667 tok/s
[mstab_tied] step 13600 loss 3.8174 lr 2.57e-04 gn 0.81 proj_gn 0.00 27,535 tok/s
[mstab_tied] step 13650 loss 3.8274 lr 2.55e-04 gn 0.90 proj_gn 0.00 27,530 tok/s
[mstab_tied] step 13700 loss 3.8129 lr 2.53e-04 gn 0.82 proj_gn 0.00 27,705 tok/s
[mstab_tied] step 13750 loss 3.8154 lr 2.51e-04 gn 0.77 proj_gn 0.00 27,841 tok/s
[mstab_tied] step 13750 VAL 3.6452
[mstab_tied] step 13800 loss 3.8195 lr 2.49e-04 gn 0.85 proj_gn 0.00 27,516 tok/s
[mstab_tied] step 13850 loss 3.7957 lr 2.48e-04 gn 0.85 proj_gn 0.00 27,595 tok/s
[mstab_tied] step 13900 loss 3.8728 lr 2.46e-04 gn 0.87 proj_gn 0.00 27,603 tok/s
[mstab_tied] step 13950 loss 3.7348 lr 2.44e-04 gn 0.85 proj_gn 0.00 27,514 tok/s
[mstab_tied] step 14000 loss 3.6548 lr 2.42e-04 gn 0.82 proj_gn 0.00 27,711 tok/s
[mstab_tied] step 14000 VAL 3.6388
[mstab_tied] step 14050 loss 3.6751 lr 2.41e-04 gn 0.85 proj_gn 0.00 27,688 tok/s
[mstab_tied] step 14100 loss 3.6261 lr 2.39e-04 gn 0.82 proj_gn 0.00 27,517 tok/s
[mstab_tied] step 14150 loss 3.8764 lr 2.37e-04 gn 0.88 proj_gn 0.00 27,524 tok/s
[mstab_tied] step 14200 loss 3.9941 lr 2.35e-04 gn 0.87 proj_gn 0.00 27,629 tok/s
[mstab_tied] step 14250 loss 3.7060 lr 2.34e-04 gn 0.86 proj_gn 0.00 27,565 tok/s
[mstab_tied] step 14250 VAL 3.6299
[mstab_tied] step 14300 loss 3.7281 lr 2.32e-04 gn 0.84 proj_gn 0.00 27,572 tok/s
[mstab_tied] step 14350 loss 3.6402 lr 2.30e-04 gn 0.85 proj_gn 0.00 27,654 tok/s
[mstab_tied] step 14400 loss 3.5415 lr 2.28e-04 gn 0.84 proj_gn 0.00 27,546 tok/s
[mstab_tied] step 14450 loss 3.4847 lr 2.27e-04 gn 0.84 proj_gn 0.00 27,537 tok/s
[mstab_tied] step 14500 loss 3.6340 lr 2.25e-04 gn 0.84 proj_gn 0.00 27,710 tok/s
[mstab_tied] step 14500 VAL 3.6285
[mstab_tied] step 14550 loss 3.6003 lr 2.23e-04 gn 0.87 proj_gn 0.00 27,584 tok/s
[mstab_tied] step 14600 loss 3.6967 lr 2.22e-04 gn 0.82 proj_gn 0.00 27,562 tok/s
[mstab_tied] step 14650 loss 3.7170 lr 2.20e-04 gn 0.89 proj_gn 0.00 27,624 tok/s
[mstab_tied] step 14700 loss 3.8298 lr 2.18e-04 gn 0.87 proj_gn 0.00 27,545 tok/s
[mstab_tied] step 14750 loss 3.7300 lr 2.16e-04 gn 0.82 proj_gn 0.00 27,582 tok/s
[mstab_tied] step 14750 VAL 3.6179
[mstab_tied] step 14800 loss 3.7847 lr 2.15e-04 gn 0.86 proj_gn 0.00 27,499 tok/s
[mstab_tied] step 14850 loss 3.6864 lr 2.13e-04 gn 0.83 proj_gn 0.00 27,609 tok/s
[mstab_tied] step 14900 loss 3.8876 lr 2.11e-04 gn 0.85 proj_gn 0.00 27,561 tok/s
[mstab_tied] step 14950 loss 3.8205 lr 2.10e-04 gn 0.87 proj_gn 0.00 27,550 tok/s
[mstab_tied] step 15000 loss 3.6808 lr 2.08e-04 gn 0.82 proj_gn 0.00 27,553 tok/s
[mstab_tied] step 15000 VAL 3.6139
[mstab_tied] step 15050 loss 3.8253 lr 2.06e-04 gn 0.88 proj_gn 0.00 27,538 tok/s
[mstab_tied] step 15100 loss 3.6354 lr 2.05e-04 gn 0.94 proj_gn 0.00 27,698 tok/s
[mstab_tied] step 15150 loss 3.6040 lr 2.03e-04 gn 0.84 proj_gn 0.00 27,575 tok/s
[mstab_tied] step 15200 loss 3.7464 lr 2.01e-04 gn 0.85 proj_gn 0.00 27,639 tok/s
[mstab_tied] step 15250 loss 3.6174 lr 2.00e-04 gn 0.87 proj_gn 0.00 27,568 tok/s
[mstab_tied] step 15250 VAL 3.6100
[mstab_tied] step 15300 loss 3.6304 lr 1.98e-04 gn 0.86 proj_gn 0.00 27,552 tok/s
[mstab_tied] step 15350 loss 3.7071 lr 1.97e-04 gn 0.85 proj_gn 0.00 27,607 tok/s
[mstab_tied] step 15400 loss 3.7259 lr 1.95e-04 gn 0.84 proj_gn 0.00 27,696 tok/s
[mstab_tied] step 15450 loss 3.7256 lr 1.93e-04 gn 0.87 proj_gn 0.00 27,539 tok/s
[mstab_tied] step 15500 loss 3.7199 lr 1.92e-04 gn 0.92 proj_gn 0.00 27,555 tok/s
[mstab_tied] step 15500 VAL 3.6046
[mstab_tied] step 15550 loss 3.7334 lr 1.90e-04 gn 0.91 proj_gn 0.00 27,522 tok/s
[mstab_tied] step 15600 loss 3.5408 lr 1.89e-04 gn 0.85 proj_gn 0.00 27,648 tok/s
[mstab_tied] step 15650 loss 3.6642 lr 1.87e-04 gn 0.87 proj_gn 0.00 27,508 tok/s
[mstab_tied] step 15700 loss 3.7916 lr 1.85e-04 gn 0.90 proj_gn 0.00 27,662 tok/s
[mstab_tied] step 15750 loss 3.4637 lr 1.84e-04 gn 0.83 proj_gn 0.00 27,563 tok/s
[mstab_tied] step 15750 VAL 3.6010
[mstab_tied] step 15800 loss 3.8990 lr 1.82e-04 gn 0.86 proj_gn 0.00 27,558 tok/s
[mstab_tied] step 15850 loss 3.6016 lr 1.81e-04 gn 0.88 proj_gn 0.00 27,505 tok/s
[mstab_tied] step 15900 loss 3.4914 lr 1.79e-04 gn 0.85 proj_gn 0.00 27,673 tok/s
[mstab_tied] step 15950 loss 3.7568 lr 1.78e-04 gn 0.83 proj_gn 0.00 27,573 tok/s
[mstab_tied] step 16000 loss 3.8346 lr 1.76e-04 gn 0.88 proj_gn 0.00 27,587 tok/s
[mstab_tied] step 16000 VAL 3.5943
[mstab_tied] step 16050 loss 3.8309 lr 1.75e-04 gn 0.89 proj_gn 0.00 27,596 tok/s
[mstab_tied] step 16100 loss 3.6620 lr 1.73e-04 gn 0.92 proj_gn 0.00 27,585 tok/s
[mstab_tied] step 16150 loss 3.7140 lr 1.72e-04 gn 0.85 proj_gn 0.00 27,557 tok/s
[mstab_tied] step 16200 loss 3.6860 lr 1.70e-04 gn 0.83 proj_gn 0.00 27,607 tok/s
[mstab_tied] step 16250 loss 3.6168 lr 1.69e-04 gn 0.88 proj_gn 0.00 27,538 tok/s
[mstab_tied] step 16250 VAL 3.5892
[mstab_tied] step 16300 loss 3.7239 lr 1.67e-04 gn 0.86 proj_gn 0.00 27,573 tok/s
[mstab_tied] step 16350 loss 3.7661 lr 1.66e-04 gn 0.92 proj_gn 0.00 27,530 tok/s
[mstab_tied] step 16400 loss 3.7853 lr 1.64e-04 gn 0.95 proj_gn 0.00 26,852 tok/s
[mstab_tied] step 16450 loss 3.8828 lr 1.63e-04 gn 0.87 proj_gn 0.00 27,571 tok/s
[mstab_tied] step 16500 loss 3.6794 lr 1.61e-04 gn 0.87 proj_gn 0.00 27,537 tok/s
[mstab_tied] step 16500 VAL 3.5869
[mstab_tied] step 16550 loss 3.6625 lr 1.60e-04 gn 0.85 proj_gn 0.00 27,556 tok/s
[mstab_tied] step 16600 loss 3.8002 lr 1.58e-04 gn 0.91 proj_gn 0.00 27,586 tok/s
[mstab_tied] step 16650 loss 3.7207 lr 1.57e-04 gn 0.86 proj_gn 0.00 27,562 tok/s
[mstab_tied] step 16700 loss 3.7355 lr 1.55e-04 gn 0.91 proj_gn 0.00 27,621 tok/s
[mstab_tied] step 16750 loss 3.5038 lr 1.54e-04 gn 0.86 proj_gn 0.00 27,554 tok/s
[mstab_tied] step 16750 VAL 3.5819
[mstab_tied] step 16800 loss 3.5874 lr 1.53e-04 gn 0.88 proj_gn 0.00 27,554 tok/s
[mstab_tied] step 16850 loss 3.7529 lr 1.51e-04 gn 0.88 proj_gn 0.00 27,595 tok/s
[mstab_tied] step 16900 loss 3.6877 lr 1.50e-04 gn 0.90 proj_gn 0.00 27,648 tok/s
[mstab_tied] step 16950 loss 3.4321 lr 1.49e-04 gn 0.83 proj_gn 0.00 27,543 tok/s
[mstab_tied] step 17000 loss 3.7136 lr 1.47e-04 gn 0.83 proj_gn 0.00 27,538 tok/s
[mstab_tied] step 17000 VAL 3.5767
[mstab_tied] step 17050 loss 3.7669 lr 1.46e-04 gn 1.44 proj_gn 0.00 27,583 tok/s
[mstab_tied] step 17100 loss 3.4716 lr 1.44e-04 gn 0.87 proj_gn 0.00 27,623 tok/s
[mstab_tied] step 17150 loss 3.6152 lr 1.43e-04 gn 0.84 proj_gn 0.00 27,522 tok/s
[mstab_tied] step 17200 loss 3.7172 lr 1.42e-04 gn 0.91 proj_gn 0.00 27,632 tok/s
[mstab_tied] step 17250 loss 3.4504 lr 1.40e-04 gn 0.85 proj_gn 0.00 27,553 tok/s
[mstab_tied] step 17250 VAL 3.5724
[mstab_tied] step 17300 loss 3.7737 lr 1.39e-04 gn 0.95 proj_gn 0.00 27,563 tok/s
[mstab_tied] step 17350 loss 3.6802 lr 1.38e-04 gn 0.88 proj_gn 0.00 27,515 tok/s
[mstab_tied] step 17400 loss 3.6085 lr 1.36e-04 gn 0.89 proj_gn 0.00 27,657 tok/s
[mstab_tied] step 17450 loss 3.5705 lr 1.35e-04 gn 0.90 proj_gn 0.00 27,560 tok/s
[mstab_tied] step 17500 loss 3.5809 lr 1.34e-04 gn 0.88 proj_gn 0.00 27,546 tok/s
[mstab_tied] step 17500 VAL 3.5676
[mstab_tied] step 17550 loss 3.5274 lr 1.33e-04 gn 0.85 proj_gn 0.00 27,644 tok/s
[mstab_tied] step 17600 loss 3.5780 lr 1.31e-04 gn 0.87 proj_gn 0.00 27,526 tok/s
[mstab_tied] step 17650 loss 3.7330 lr 1.30e-04 gn 0.88 proj_gn 0.00 27,548 tok/s
[mstab_tied] step 17700 loss 3.6898 lr 1.29e-04 gn 0.92 proj_gn 0.00 27,653 tok/s
[mstab_tied] step 17750 loss 3.8566 lr 1.28e-04 gn 0.93 proj_gn 0.00 27,499 tok/s
[mstab_tied] step 17750 VAL 3.5648
[mstab_tied] step 17800 loss 3.7038 lr 1.26e-04 gn 0.91 proj_gn 0.00 27,548 tok/s
[mstab_tied] step 17850 loss 3.4897 lr 1.25e-04 gn 0.86 proj_gn 0.00 27,563 tok/s
[mstab_tied] step 17900 loss 3.5682 lr 1.24e-04 gn 0.88 proj_gn 0.00 27,607 tok/s
[mstab_tied] step 17950 loss 3.7149 lr 1.23e-04 gn 0.92 proj_gn 0.00 27,553 tok/s
[mstab_tied] step 18000 loss 3.7180 lr 1.22e-04 gn 0.94 proj_gn 0.00 27,661 tok/s
[mstab_tied] step 18000 VAL 3.5615
[mstab_tied] step 18050 loss 3.5125 lr 1.20e-04 gn 0.90 proj_gn 0.00 27,630 tok/s
[mstab_tied] step 18100 loss 3.5997 lr 1.19e-04 gn 0.93 proj_gn 0.00 27,440 tok/s
[mstab_tied] step 18150 loss 3.5783 lr 1.18e-04 gn 0.92 proj_gn 0.00 27,372 tok/s
[mstab_tied] step 18200 loss 3.8795 lr 1.17e-04 gn 0.95 proj_gn 0.00 27,575 tok/s
[mstab_tied] step 18250 loss 3.5946 lr 1.16e-04 gn 0.89 proj_gn 0.00 27,511 tok/s
[mstab_tied] step 18250 VAL 3.5580
[mstab_tied] step 18300 loss 3.5670 lr 1.15e-04 gn 0.92 proj_gn 0.00 27,901 tok/s
[mstab_tied] step 18350 loss 3.7719 lr 1.14e-04 gn 0.93 proj_gn 0.00 27,596 tok/s
[mstab_tied] step 18400 loss 3.5436 lr 1.12e-04 gn 0.89 proj_gn 0.00 27,498 tok/s
[mstab_tied] step 18450 loss 3.7631 lr 1.11e-04 gn 0.93 proj_gn 0.00 27,612 tok/s
[mstab_tied] step 18500 loss 3.6569 lr 1.10e-04 gn 0.90 proj_gn 0.00 27,561 tok/s
[mstab_tied] step 18500 VAL 3.5554
[mstab_tied] step 18550 loss 3.5271 lr 1.09e-04 gn 0.92 proj_gn 0.00 27,569 tok/s
[mstab_tied] step 18600 loss 3.6498 lr 1.08e-04 gn 0.90 proj_gn 0.00 27,648 tok/s
[mstab_tied] step 18650 loss 3.6220 lr 1.07e-04 gn 0.93 proj_gn 0.00 27,689 tok/s
[mstab_tied] step 18700 loss 3.6563 lr 1.06e-04 gn 0.90 proj_gn 0.00 27,538 tok/s
[mstab_tied] step 18750 loss 3.6524 lr 1.05e-04 gn 0.94 proj_gn 0.00 27,575 tok/s
[mstab_tied] step 18750 VAL 3.5518
[mstab_tied] step 18800 loss 3.6276 lr 1.04e-04 gn 0.90 proj_gn 0.00 27,515 tok/s
[mstab_tied] step 18850 loss 3.4675 lr 1.03e-04 gn 0.91 proj_gn 0.00 27,591 tok/s
[mstab_tied] step 18900 loss 3.6789 lr 1.02e-04 gn 0.92 proj_gn 0.00 27,621 tok/s
[mstab_tied] step 18950 loss 3.5385 lr 1.01e-04 gn 0.89 proj_gn 0.00 27,637 tok/s
[mstab_tied] step 19000 loss 3.5927 lr 1.00e-04 gn 0.97 proj_gn 0.00 27,573 tok/s
[mstab_tied] step 19000 VAL 3.5492
[mstab_tied] step 19050 loss 3.5154 lr 9.90e-05 gn 0.90 proj_gn 0.00 27,607 tok/s
[mstab_tied] step 19100 loss 3.7056 lr 9.81e-05 gn 1.04 proj_gn 0.00 27,647 tok/s
[mstab_tied] step 19150 loss 3.5691 lr 9.71e-05 gn 0.93 proj_gn 0.00 27,719 tok/s
[mstab_tied] step 19200 loss 3.6283 lr 9.62e-05 gn 0.94 proj_gn 0.00 27,650 tok/s
[mstab_tied] step 19250 loss 3.6196 lr 9.52e-05 gn 0.87 proj_gn 0.00 27,565 tok/s
[mstab_tied] step 19250 VAL 3.5451
[mstab_tied] step 19300 loss 3.7107 lr 9.43e-05 gn 0.93 proj_gn 0.00 27,611 tok/s
[mstab_tied] step 19350 loss 3.6578 lr 9.34e-05 gn 0.92 proj_gn 0.00 27,930 tok/s
[mstab_tied] step 19400 loss 3.4846 lr 9.25e-05 gn 0.90 proj_gn 0.00 27,521 tok/s
[mstab_tied] step 19450 loss 3.6243 lr 9.17e-05 gn 0.90 proj_gn 0.00 27,685 tok/s
[mstab_tied] step 19500 loss 3.5398 lr 9.08e-05 gn 0.90 proj_gn 0.00 27,568 tok/s
[mstab_tied] step 19500 VAL 3.5430
[mstab_tied] step 19550 loss 3.6688 lr 8.99e-05 gn 0.93 proj_gn 0.00 27,558 tok/s
[mstab_tied] step 19600 loss 3.5415 lr 8.91e-05 gn 0.91 proj_gn 0.00 27,612 tok/s
[mstab_tied] step 19650 loss 3.7704 lr 8.83e-05 gn 0.94 proj_gn 0.00 27,635 tok/s
[mstab_tied] step 19700 loss 3.3813 lr 8.74e-05 gn 0.88 proj_gn 0.00 27,652 tok/s
[mstab_tied] step 19750 loss 3.8244 lr 8.66e-05 gn 0.97 proj_gn 0.00 27,612 tok/s
[mstab_tied] step 19750 VAL 3.5402
[mstab_tied] step 19800 loss 3.5970 lr 8.58e-05 gn 0.90 proj_gn 0.00 27,631 tok/s
[mstab_tied] step 19850 loss 3.6962 lr 8.50e-05 gn 0.94 proj_gn 0.00 27,541 tok/s
[mstab_tied] step 19900 loss 3.6818 lr 8.43e-05 gn 0.96 proj_gn 0.00 27,741 tok/s
[mstab_tied] step 19950 loss 3.6755 lr 8.35e-05 gn 0.96 proj_gn 0.00 27,554 tok/s
[mstab_tied] step 20000 loss 3.5268 lr 8.27e-05 gn 0.89 proj_gn 0.00 27,731 tok/s
[mstab_tied] step 20000 VAL 3.5357
[mstab_tied] step 20050 loss 3.5784 lr 8.20e-05 gn 0.94 proj_gn 0.00 27,671 tok/s
[mstab_tied] step 20100 loss 3.5279 lr 8.13e-05 gn 0.91 proj_gn 0.00 27,655 tok/s
[mstab_tied] step 20150 loss 3.6306 lr 8.06e-05 gn 0.90 proj_gn 0.00 27,539 tok/s
[mstab_tied] step 20200 loss 3.7727 lr 7.98e-05 gn 0.97 proj_gn 0.00 27,258 tok/s
[mstab_tied] step 20250 loss 3.6396 lr 7.92e-05 gn 0.89 proj_gn 0.00 27,665 tok/s
[mstab_tied] step 20250 VAL 3.5312
[mstab_tied] step 20300 loss 3.5233 lr 7.85e-05 gn 0.95 proj_gn 0.00 27,695 tok/s
[mstab_tied] step 20350 loss 3.4666 lr 7.78e-05 gn 0.90 proj_gn 0.00 27,555 tok/s
[mstab_tied] step 20400 loss 3.5771 lr 7.71e-05 gn 0.92 proj_gn 0.00 27,842 tok/s
[mstab_tied] step 20450 loss 3.5516 lr 7.65e-05 gn 0.93 proj_gn 0.00 27,602 tok/s
[mstab_tied] step 20500 loss 3.5438 lr 7.59e-05 gn 0.90 proj_gn 0.00 27,535 tok/s
[mstab_tied] step 20500 VAL 3.5308
[mstab_tied] step 20550 loss 3.6538 lr 7.52e-05 gn 0.95 proj_gn 0.00 27,579 tok/s
[mstab_tied] step 20600 loss 3.6805 lr 7.46e-05 gn 0.96 proj_gn 0.00 27,654 tok/s
[mstab_tied] step 20650 loss 3.5477 lr 7.40e-05 gn 0.94 proj_gn 0.00 27,511 tok/s
[mstab_tied] step 20700 loss 3.4235 lr 7.34e-05 gn 0.93 proj_gn 0.00 27,889 tok/s
[mstab_tied] step 20750 loss 3.5823 lr 7.29e-05 gn 0.93 proj_gn 0.00 27,674 tok/s
[mstab_tied] step 20750 VAL 3.5284
[mstab_tied] step 20800 loss 3.7771 lr 7.23e-05 gn 0.96 proj_gn 0.00 27,653 tok/s
[mstab_tied] step 20850 loss 3.7557 lr 7.18e-05 gn 0.93 proj_gn 0.00 27,564 tok/s
[mstab_tied] step 20900 loss 3.6047 lr 7.12e-05 gn 0.93 proj_gn 0.00 27,561 tok/s
[mstab_tied] step 20950 loss 3.5388 lr 7.07e-05 gn 0.92 proj_gn 0.00 27,590 tok/s
[mstab_tied] step 21000 loss 3.4261 lr 7.02e-05 gn 0.95 proj_gn 0.00 27,589 tok/s
[mstab_tied] step 21000 VAL 3.5252
[mstab_tied] step 21050 loss 3.5957 lr 6.97e-05 gn 0.94 proj_gn 0.00 27,533 tok/s
[mstab_tied] step 21100 loss 3.4816 lr 6.92e-05 gn 0.98 proj_gn 0.00 27,706 tok/s
[mstab_tied] step 21150 loss 3.5552 lr 6.87e-05 gn 0.92 proj_gn 0.00 27,538 tok/s
[mstab_tied] step 21200 loss 3.6861 lr 6.83e-05 gn 0.97 proj_gn 0.00 27,585 tok/s
[mstab_tied] step 21250 loss 3.3176 lr 6.78e-05 gn 0.95 proj_gn 0.00 27,592 tok/s
[mstab_tied] step 21250 VAL 3.5255
[mstab_tied] step 21300 loss 3.4217 lr 6.74e-05 gn 0.97 proj_gn 0.00 27,599 tok/s
[mstab_tied] step 21350 loss 3.7567 lr 6.69e-05 gn 0.97 proj_gn 0.00 27,562 tok/s
[mstab_tied] step 21400 loss 3.6030 lr 6.65e-05 gn 0.98 proj_gn 0.00 27,647 tok/s
[mstab_tied] step 21450 loss 3.6222 lr 6.61e-05 gn 1.01 proj_gn 0.00 27,636 tok/s
[mstab_tied] step 21500 loss 3.7240 lr 6.57e-05 gn 0.98 proj_gn 0.00 27,584 tok/s
[mstab_tied] step 21500 VAL 3.5202
[mstab_tied] step 21550 loss 3.6140 lr 6.54e-05 gn 0.96 proj_gn 0.00 27,582 tok/s
[mstab_tied] step 21600 loss 3.6994 lr 6.50e-05 gn 0.95 proj_gn 0.00 27,638 tok/s
[mstab_tied] step 21650 loss 3.4372 lr 6.47e-05 gn 0.92 proj_gn 0.00 27,565 tok/s
[mstab_tied] step 21700 loss 3.6311 lr 6.43e-05 gn 0.92 proj_gn 0.00 27,554 tok/s
[mstab_tied] step 21750 loss 3.6742 lr 6.40e-05 gn 0.96 proj_gn 0.00 28,062 tok/s
[mstab_tied] step 21750 VAL 3.5195
[mstab_tied] step 21800 loss 3.6804 lr 6.37e-05 gn 0.96 proj_gn 0.00 27,586 tok/s
[mstab_tied] step 21850 loss 3.5255 lr 6.34e-05 gn 0.95 proj_gn 0.00 27,601 tok/s
[mstab_tied] step 21900 loss 3.5456 lr 6.31e-05 gn 0.96 proj_gn 0.00 27,636 tok/s
[mstab_tied] step 21950 loss 3.7025 lr 6.28e-05 gn 0.95 proj_gn 0.00 27,555 tok/s
[mstab_tied] step 22000 loss 3.5946 lr 6.26e-05 gn 0.97 proj_gn 0.00 27,514 tok/s
[mstab_tied] step 22000 VAL 3.5176
[mstab_tied] step 22050 loss 3.6005 lr 6.23e-05 gn 0.95 proj_gn 0.00 27,652 tok/s
[mstab_tied] step 22100 loss 3.5647 lr 6.21e-05 gn 0.98 proj_gn 0.00 27,587 tok/s
[mstab_tied] step 22150 loss 3.6444 lr 6.18e-05 gn 0.97 proj_gn 0.00 27,626 tok/s
[mstab_tied] step 22200 loss 3.4957 lr 6.16e-05 gn 0.96 proj_gn 0.00 27,640 tok/s
[mstab_tied] step 22250 loss 3.6391 lr 6.14e-05 gn 0.98 proj_gn 0.00 27,617 tok/s
[mstab_tied] step 22250 VAL 3.5170
[mstab_tied] step 22300 loss 3.3593 lr 6.13e-05 gn 0.96 proj_gn 0.00 27,634 tok/s
[mstab_tied] step 22350 loss 3.6634 lr 6.11e-05 gn 1.02 proj_gn 0.00 27,325 tok/s
[mstab_tied] step 22400 loss 3.6619 lr 6.09e-05 gn 1.00 proj_gn 0.00 27,594 tok/s
[mstab_tied] step 22450 loss 3.6477 lr 6.08e-05 gn 0.98 proj_gn 0.00 27,531 tok/s
[mstab_tied] step 22500 loss 3.7185 lr 6.06e-05 gn 0.99 proj_gn 0.00 27,691 tok/s
[mstab_tied] step 22500 VAL 3.5155
[mstab_tied] step 22550 loss 3.6304 lr 6.05e-05 gn 0.92 proj_gn 0.00 27,549 tok/s
[mstab_tied] step 22600 loss 3.6680 lr 6.04e-05 gn 1.03 proj_gn 0.00 27,604 tok/s
[mstab_tied] step 22650 loss 3.5950 lr 6.03e-05 gn 1.02 proj_gn 0.00 27,551 tok/s
[mstab_tied] step 22700 loss 3.4264 lr 6.02e-05 gn 1.04 proj_gn 0.00 27,639 tok/s
[mstab_tied] step 22750 loss 3.5411 lr 6.02e-05 gn 0.95 proj_gn 0.00 27,738 tok/s
[mstab_tied] step 22750 VAL 3.5147
[mstab_tied] step 22800 loss 3.6297 lr 6.01e-05 gn 0.95 proj_gn 0.00 27,668 tok/s
[mstab_tied] step 22850 loss 3.5547 lr 6.01e-05 gn 1.02 proj_gn 0.00 27,559 tok/s
[mstab_tied] step 22900 loss 3.7346 lr 6.00e-05 gn 1.02 proj_gn 0.00 27,520 tok/s
[mstab_tied] step 22950 loss 3.4607 lr 6.00e-05 gn 0.95 proj_gn 0.00 27,682 tok/s
[mstab_tied] step 22999 loss 3.7270 lr 6.00e-05 gn 1.01 proj_gn 0.00 27,600 tok/s
[mstab_tied] step 22999 VAL 3.5130
[mstab_tied] done: status=ok final_val=3.5130 wall=27565s -> results\mstab\mstab_tied
