d_model=512, code_dim=4096, V=131,072
  codec  (onehot / wave)     2,097,152   target
  albert                   2,105,344   +0.39%   rank=16
  hash                     2,097,152   +0.00%   buckets=3584
  dense (reference)       67,108,864   32x

[m3_wave] device=cuda params={'total': 107504640, 'body': 38298624, 'lm_head': 67108864, 'embedding': 2097152} body_hash=baffcfaa1f55
[m3_wave] step     0 loss 11.8968 lr 3.00e-06 gn 7.85 proj_gn 0.68 17,079 tok/s
[m3_wave] step     0 VAL 11.8387
[m3_wave] step    20 loss 10.9296 lr 6.30e-05 gn 1.29 proj_gn 0.09 19,914 tok/s
[m3_wave] step    40 loss 9.7945 lr 1.23e-04 gn 1.18 proj_gn 0.08 19,867 tok/s
[m3_wave] step    60 loss 8.4985 lr 1.83e-04 gn 0.91 proj_gn 0.11 19,856 tok/s
[m3_wave] step    80 loss 7.6715 lr 2.43e-04 gn 0.60 proj_gn 0.11 19,833 tok/s
[m3_wave] step   100 loss 7.2293 lr 3.03e-04 gn 0.58 proj_gn 0.16 19,867 tok/s
[m3_wave] step   120 loss 7.1453 lr 3.63e-04 gn 1.08 proj_gn 0.56 19,862 tok/s
[m3_wave] step   140 loss 7.0000 lr 4.23e-04 gn 0.82 proj_gn 0.39 19,853 tok/s
[m3_wave] step   160 loss 6.8008 lr 4.83e-04 gn 0.62 proj_gn 0.29 19,877 tok/s
[m3_wave] step   180 loss 6.6352 lr 5.43e-04 gn 0.58 proj_gn 0.27 19,832 tok/s
[m3_wave] step   200 loss 6.6585 lr 6.00e-04 gn 0.72 proj_gn 0.33 19,803 tok/s
[m3_wave] step   220 loss 6.5368 lr 6.00e-04 gn 0.50 proj_gn 0.24 19,817 tok/s
[m3_wave] step   240 loss 6.4536 lr 6.00e-04 gn 0.49 proj_gn 0.23 19,820 tok/s
[m3_wave] step   250 VAL 6.4342
[m3_wave] step   260 loss 6.6454 lr 5.99e-04 gn 0.53 proj_gn 0.24 19,854 tok/s
[m3_wave] step   280 loss 6.3712 lr 5.99e-04 gn 0.66 proj_gn 0.37 19,855 tok/s
[m3_wave] step   300 loss 6.1755 lr 5.98e-04 gn 0.53 proj_gn 0.26 19,865 tok/s
[m3_wave] step   320 loss 6.4183 lr 5.98e-04 gn 0.44 proj_gn 0.21 19,790 tok/s
[m3_wave] step   340 loss 6.2899 lr 5.97e-04 gn 0.46 proj_gn 0.22 19,804 tok/s
[m3_wave] step   360 loss 6.1394 lr 5.96e-04 gn 0.59 proj_gn 0.29 19,837 tok/s
[m3_wave] step   380 loss 6.1811 lr 5.95e-04 gn 0.55 proj_gn 0.25 19,861 tok/s
[m3_wave] step   400 loss 5.9720 lr 5.93e-04 gn 0.51 proj_gn 0.23 19,864 tok/s
[m3_wave] step   420 loss 6.2907 lr 5.92e-04 gn 0.47 proj_gn 0.19 19,834 tok/s
[m3_wave] step   440 loss 6.0604 lr 5.90e-04 gn 0.62 proj_gn 0.26 19,865 tok/s
[m3_wave] step   460 loss 5.7605 lr 5.89e-04 gn 0.43 proj_gn 0.19 19,829 tok/s
[m3_wave] step   480 loss 5.9890 lr 5.87e-04 gn 0.49 proj_gn 0.22 19,807 tok/s
[m3_wave] step   500 loss 5.8328 lr 5.85e-04 gn 0.41 proj_gn 0.18 19,824 tok/s
[m3_wave] step   500 VAL 5.8208
[m3_wave] step   520 loss 5.9389 lr 5.83e-04 gn 0.42 proj_gn 0.17 19,785 tok/s
[m3_wave] step   540 loss 5.9755 lr 5.81e-04 gn 0.40 proj_gn 0.16 19,839 tok/s
[m3_wave] step   560 loss 5.8626 lr 5.78e-04 gn 0.54 proj_gn 0.25 19,848 tok/s
[m3_wave] step   580 loss 5.8564 lr 5.76e-04 gn 0.48 proj_gn 0.20 19,831 tok/s
[m3_wave] step   600 loss 5.5891 lr 5.73e-04 gn 0.47 proj_gn 0.20 19,798 tok/s
[m3_wave] step   620 loss 5.7065 lr 5.71e-04 gn 0.53 proj_gn 0.24 19,821 tok/s
[m3_wave] step   640 loss 5.6066 lr 5.68e-04 gn 0.45 proj_gn 0.19 19,889 tok/s
[m3_wave] step   660 loss 5.6688 lr 5.65e-04 gn 0.43 proj_gn 0.18 19,843 tok/s
[m3_wave] step   680 loss 5.7055 lr 5.62e-04 gn 0.53 proj_gn 0.23 19,857 tok/s
[m3_wave] step   700 loss 5.7406 lr 5.59e-04 gn 0.44 proj_gn 0.16 19,858 tok/s
[m3_wave] step   720 loss 5.6659 lr 5.55e-04 gn 0.45 proj_gn 0.15 19,859 tok/s
[m3_wave] step   740 loss 5.5058 lr 5.52e-04 gn 0.40 proj_gn 0.14 19,815 tok/s
[m3_wave] step   750 VAL 5.4599
[m3_wave] step   760 loss 5.5132 lr 5.48e-04 gn 0.45 proj_gn 0.16 19,866 tok/s
[m3_wave] step   780 loss 5.4342 lr 5.45e-04 gn 0.42 proj_gn 0.14 19,870 tok/s
[m3_wave] step   800 loss 5.6381 lr 5.41e-04 gn 0.48 proj_gn 0.16 19,849 tok/s
[m3_wave] step   820 loss 5.4765 lr 5.37e-04 gn 0.38 proj_gn 0.13 19,860 tok/s
[m3_wave] step   840 loss 5.3815 lr 5.33e-04 gn 0.41 proj_gn 0.15 19,825 tok/s
[m3_wave] step   860 loss 5.4344 lr 5.29e-04 gn 0.43 proj_gn 0.14 19,798 tok/s
[m3_wave] step   880 loss 5.4199 lr 5.25e-04 gn 0.43 proj_gn 0.14 19,800 tok/s
[m3_wave] step   900 loss 5.5339 lr 5.21e-04 gn 0.44 proj_gn 0.14 19,822 tok/s
[m3_wave] step   920 loss 5.4521 lr 5.17e-04 gn 0.45 proj_gn 0.14 19,871 tok/s
[m3_wave] step   940 loss 5.3502 lr 5.12e-04 gn 0.46 proj_gn 0.13 19,846 tok/s
[m3_wave] step   960 loss 5.4219 lr 5.08e-04 gn 0.48 proj_gn 0.13 19,849 tok/s
[m3_wave] step   980 loss 5.3487 lr 5.03e-04 gn 0.45 proj_gn 0.14 19,882 tok/s
[m3_wave] step  1000 loss 5.2846 lr 4.98e-04 gn 0.49 proj_gn 0.17 19,811 tok/s
[m3_wave] step  1000 VAL 5.1959
[m3_wave] step  1020 loss 5.3217 lr 4.94e-04 gn 0.51 proj_gn 0.16 19,856 tok/s
[m3_wave] step  1040 loss 5.3316 lr 4.89e-04 gn 0.44 proj_gn 0.12 19,845 tok/s
[m3_wave] step  1060 loss 5.3910 lr 4.84e-04 gn 0.43 proj_gn 0.12 19,886 tok/s
[m3_wave] step  1080 loss 5.1051 lr 4.79e-04 gn 0.50 proj_gn 0.15 19,857 tok/s
[m3_wave] step  1100 loss 5.1446 lr 4.74e-04 gn 0.48 proj_gn 0.13 19,862 tok/s
[m3_wave] step  1120 loss 5.3710 lr 4.68e-04 gn 0.47 proj_gn 0.12 19,843 tok/s
[m3_wave] step  1140 loss 5.2085 lr 4.63e-04 gn 0.46 proj_gn 0.12 19,798 tok/s
[m3_wave] step  1160 loss 5.0211 lr 4.58e-04 gn 0.48 proj_gn 0.14 19,817 tok/s
[m3_wave] step  1180 loss 5.0912 lr 4.53e-04 gn 0.47 proj_gn 0.13 19,834 tok/s
[m3_wave] step  1200 loss 5.2288 lr 4.47e-04 gn 0.52 proj_gn 0.14 19,860 tok/s
[m3_wave] step  1220 loss 5.0150 lr 4.42e-04 gn 0.48 proj_gn 0.12 19,843 tok/s
[m3_wave] step  1240 loss 5.0289 lr 4.36e-04 gn 0.44 proj_gn 0.10 19,848 tok/s
[m3_wave] step  1250 VAL 4.9816
[m3_wave] step  1260 loss 5.0533 lr 4.31e-04 gn 0.52 proj_gn 0.14 19,787 tok/s
[m3_wave] step  1280 loss 5.2912 lr 4.25e-04 gn 0.52 proj_gn 0.12 19,830 tok/s
[m3_wave] step  1300 loss 5.1574 lr 4.19e-04 gn 0.49 proj_gn 0.12 19,858 tok/s
[m3_wave] step  1320 loss 4.8801 lr 4.13e-04 gn 0.55 proj_gn 0.12 19,862 tok/s
[m3_wave] step  1340 loss 4.8431 lr 4.08e-04 gn 0.48 proj_gn 0.11 19,884 tok/s
[m3_wave] step  1360 loss 5.0037 lr 4.02e-04 gn 0.51 proj_gn 0.12 19,864 tok/s
[m3_wave] step  1380 loss 5.0756 lr 3.96e-04 gn 0.50 proj_gn 0.12 19,833 tok/s
[m3_wave] step  1400 loss 4.9248 lr 3.90e-04 gn 0.50 proj_gn 0.11 19,863 tok/s
[m3_wave] step  1420 loss 4.8493 lr 3.84e-04 gn 0.52 proj_gn 0.12 19,797 tok/s
[m3_wave] step  1440 loss 4.7549 lr 3.78e-04 gn 0.49 proj_gn 0.12 19,810 tok/s
[m3_wave] step  1460 loss 4.8422 lr 3.72e-04 gn 0.48 proj_gn 0.11 19,863 tok/s
[m3_wave] step  1480 loss 4.9988 lr 3.66e-04 gn 0.47 proj_gn 0.10 19,868 tok/s
[m3_wave] step  1500 loss 4.8044 lr 3.60e-04 gn 0.53 proj_gn 0.13 19,849 tok/s
[m3_wave] step  1500 VAL 4.7790
[m3_wave] step  1520 loss 4.8677 lr 3.54e-04 gn 0.50 proj_gn 0.11 19,774 tok/s
[m3_wave] step  1540 loss 4.9531 lr 3.48e-04 gn 0.51 proj_gn 0.11 19,840 tok/s
[m3_wave] step  1560 loss 4.8465 lr 3.42e-04 gn 0.60 proj_gn 0.15 19,835 tok/s
[m3_wave] step  1580 loss 4.7194 lr 3.36e-04 gn 0.58 proj_gn 0.14 19,864 tok/s
[m3_wave] step  1600 loss 5.0594 lr 3.30e-04 gn 0.56 proj_gn 0.11 19,866 tok/s
[m3_wave] step  1620 loss 4.5475 lr 3.24e-04 gn 0.51 proj_gn 0.11 19,853 tok/s
[m3_wave] step  1640 loss 4.8672 lr 3.18e-04 gn 0.57 proj_gn 0.12 19,858 tok/s
[m3_wave] step  1660 loss 4.8942 lr 3.12e-04 gn 0.50 proj_gn 0.10 19,841 tok/s
[m3_wave] step  1680 loss 4.8266 lr 3.06e-04 gn 0.53 proj_gn 0.11 19,824 tok/s
[m3_wave] step  1700 loss 4.5337 lr 3.00e-04 gn 0.52 proj_gn 0.11 19,789 tok/s
[m3_wave] step  1720 loss 4.8022 lr 2.94e-04 gn 0.52 proj_gn 0.10 19,834 tok/s
[m3_wave] step  1740 loss 4.8427 lr 2.88e-04 gn 0.52 proj_gn 0.11 19,881 tok/s
[m3_wave] step  1750 VAL 4.6322
[m3_wave] step  1760 loss 4.7457 lr 2.82e-04 gn 0.52 proj_gn 0.10 19,853 tok/s
[m3_wave] step  1780 loss 4.9021 lr 2.76e-04 gn 0.55 proj_gn 0.10 19,808 tok/s
[m3_wave] step  1800 loss 4.9264 lr 2.70e-04 gn 0.53 proj_gn 0.11 19,782 tok/s
[m3_wave] step  1820 loss 4.8486 lr 2.64e-04 gn 0.54 proj_gn 0.10 19,840 tok/s
[m3_wave] step  1840 loss 4.6591 lr 2.58e-04 gn 0.51 proj_gn 0.09 19,840 tok/s
[m3_wave] step  1860 loss 4.8225 lr 2.52e-04 gn 0.51 proj_gn 0.10 19,840 tok/s
[m3_wave] step  1880 loss 4.6462 lr 2.47e-04 gn 0.53 proj_gn 0.10 19,882 tok/s
[m3_wave] step  1900 loss 4.3074 lr 2.41e-04 gn 0.51 proj_gn 0.10 19,852 tok/s
[m3_wave] step  1920 loss 4.5869 lr 2.35e-04 gn 0.56 proj_gn 0.12 19,848 tok/s
[m3_wave] step  1940 loss 4.4635 lr 2.29e-04 gn 0.55 proj_gn 0.11 19,816 tok/s
[m3_wave] step  1960 loss 4.7772 lr 2.24e-04 gn 0.50 proj_gn 0.09 19,800 tok/s
[m3_wave] step  1980 loss 4.6547 lr 2.18e-04 gn 0.61 proj_gn 0.12 19,806 tok/s
[m3_wave] step  2000 loss 4.6450 lr 2.13e-04 gn 0.52 proj_gn 0.09 19,828 tok/s
[m3_wave] step  2000 VAL 4.5124
[m3_wave] step  2020 loss 4.5309 lr 2.07e-04 gn 0.56 proj_gn 0.11 19,858 tok/s
[m3_wave] step  2040 loss 4.5623 lr 2.02e-04 gn 0.62 proj_gn 0.12 19,850 tok/s
[m3_wave] step  2060 loss 4.6502 lr 1.97e-04 gn 0.55 proj_gn 0.10 19,811 tok/s
[m3_wave] step  2080 loss 4.4720 lr 1.92e-04 gn 0.54 proj_gn 0.10 19,783 tok/s
[m3_wave] step  2100 loss 4.7206 lr 1.86e-04 gn 0.53 proj_gn 0.10 19,817 tok/s
[m3_wave] step  2120 loss 4.5055 lr 1.81e-04 gn 0.57 proj_gn 0.10 19,861 tok/s
[m3_wave] step  2140 loss 4.4818 lr 1.76e-04 gn 0.53 proj_gn 0.09 19,856 tok/s
[m3_wave] step  2160 loss 4.6255 lr 1.71e-04 gn 0.54 proj_gn 0.09 19,602 tok/s
[m3_wave] step  2180 loss 4.3652 lr 1.66e-04 gn 0.56 proj_gn 0.10 19,848 tok/s
[m3_wave] step  2200 loss 4.7096 lr 1.62e-04 gn 0.58 proj_gn 0.11 19,860 tok/s
[m3_wave] step  2220 loss 4.4496 lr 1.57e-04 gn 0.53 proj_gn 0.10 19,858 tok/s
[m3_wave] step  2240 loss 4.2513 lr 1.52e-04 gn 0.58 proj_gn 0.10 19,855 tok/s
[m3_wave] step  2250 VAL 4.4125
[m3_wave] step  2260 loss 4.5632 lr 1.48e-04 gn 0.59 proj_gn 0.10 19,808 tok/s
[m3_wave] step  2280 loss 4.5730 lr 1.43e-04 gn 0.54 proj_gn 0.09 19,837 tok/s
[m3_wave] step  2300 loss 4.3947 lr 1.39e-04 gn 0.57 proj_gn 0.10 19,715 tok/s
[m3_wave] step  2320 loss 4.6468 lr 1.35e-04 gn 0.59 proj_gn 0.10 19,862 tok/s
[m3_wave] step  2340 loss 4.6727 lr 1.31e-04 gn 0.57 proj_gn 0.09 19,849 tok/s
[m3_wave] step  2360 loss 4.5800 lr 1.27e-04 gn 0.58 proj_gn 0.10 19,853 tok/s
[m3_wave] step  2380 loss 4.6207 lr 1.23e-04 gn 0.61 proj_gn 0.10 19,810 tok/s
[m3_wave] step  2400 loss 4.5413 lr 1.19e-04 gn 0.58 proj_gn 0.10 19,795 tok/s
[m3_wave] step  2420 loss 4.4311 lr 1.15e-04 gn 0.58 proj_gn 0.10 19,809 tok/s
[m3_wave] step  2440 loss 4.4328 lr 1.12e-04 gn 0.58 proj_gn 0.10 19,884 tok/s
[m3_wave] step  2460 loss 4.4135 lr 1.08e-04 gn 0.56 proj_gn 0.08 19,857 tok/s
[m3_wave] step  2480 loss 4.2713 lr 1.05e-04 gn 0.63 proj_gn 0.12 19,854 tok/s
[m3_wave] step  2500 loss 4.3380 lr 1.01e-04 gn 0.55 proj_gn 0.09 19,888 tok/s
[m3_wave] step  2500 VAL 4.3461
[m3_wave] step  2520 loss 4.5521 lr 9.82e-05 gn 0.58 proj_gn 0.10 19,822 tok/s
[m3_wave] step  2540 loss 4.3993 lr 9.52e-05 gn 0.57 proj_gn 0.10 19,841 tok/s
[m3_wave] step  2560 loss 4.7217 lr 9.22e-05 gn 0.55 proj_gn 0.09 19,858 tok/s
[m3_wave] step  2580 loss 4.6838 lr 8.94e-05 gn 0.58 proj_gn 0.10 19,883 tok/s
[m3_wave] step  2600 loss 4.4025 lr 8.67e-05 gn 0.61 proj_gn 0.10 19,838 tok/s
[m3_wave] step  2620 loss 4.6638 lr 8.42e-05 gn 0.57 proj_gn 0.10 19,841 tok/s
[m3_wave] step  2640 loss 4.4828 lr 8.17e-05 gn 0.58 proj_gn 0.09 19,849 tok/s
[m3_wave] step  2660 loss 4.2941 lr 7.94e-05 gn 0.58 proj_gn 0.09 19,780 tok/s
[m3_wave] step  2680 loss 4.4069 lr 7.72e-05 gn 0.58 proj_gn 0.10 19,825 tok/s
[m3_wave] step  2700 loss 4.4777 lr 7.52e-05 gn 0.57 proj_gn 0.09 19,852 tok/s
[m3_wave] step  2720 loss 4.3217 lr 7.32e-05 gn 0.57 proj_gn 0.09 19,857 tok/s
[m3_wave] step  2740 loss 4.5049 lr 7.14e-05 gn 0.64 proj_gn 0.11 19,860 tok/s
[m3_wave] step  2750 VAL 4.2972
[m3_wave] step  2760 loss 4.4603 lr 6.97e-05 gn 0.60 proj_gn 0.09 19,794 tok/s
[m3_wave] step  2780 loss 4.2951 lr 6.82e-05 gn 0.59 proj_gn 0.09 19,811 tok/s
[m3_wave] step  2800 loss 4.5529 lr 6.68e-05 gn 0.62 proj_gn 0.10 19,827 tok/s
[m3_wave] step  2820 loss 4.4183 lr 6.55e-05 gn 0.57 proj_gn 0.09 19,848 tok/s
[m3_wave] step  2840 loss 4.2818 lr 6.43e-05 gn 0.57 proj_gn 0.09 19,864 tok/s
[m3_wave] step  2860 loss 4.3922 lr 6.33e-05 gn 0.57 proj_gn 0.10 19,876 tok/s
[m3_wave] step  2880 loss 4.2372 lr 6.24e-05 gn 0.61 proj_gn 0.10 19,851 tok/s
[m3_wave] step  2900 loss 4.1078 lr 6.17e-05 gn 0.58 proj_gn 0.09 19,833 tok/s
[m3_wave] step  2920 loss 4.3225 lr 6.11e-05 gn 0.55 proj_gn 0.08 19,847 tok/s
[m3_wave] step  2940 loss 4.4246 lr 6.06e-05 gn 0.57 proj_gn 0.09 19,785 tok/s
[m3_wave] step  2960 loss 4.4124 lr 6.03e-05 gn 0.61 proj_gn 0.10 19,797 tok/s
[m3_wave] step  2980 loss 4.5794 lr 6.01e-05 gn 0.60 proj_gn 0.10 19,883 tok/s
[m3_wave] step  2999 loss 4.4134 lr 6.00e-05 gn 0.60 proj_gn 0.10 19,805 tok/s
[m3_wave] step  2999 VAL 4.2646
[m3_wave] done: status=ok final_val=4.2646 wall=5007s -> results\m3\m3_wave
