d_model=512, code_dim=4096, V=131,072
  codec  (onehot / wave)     2,097,152   target
  albert                   2,105,344   +0.39%   rank=16
  hash                     2,097,152   +0.00%   buckets=3584
  dense (reference)       67,108,864   32x

[m3_s1338_albert] device=cuda params={'total': 107512832, 'body': 38298624, 'lm_head': 67108864, 'embedding': 2105344} body_hash=f2710faa97c6
[m3_s1338_albert] step     0 loss 11.8997 lr 3.00e-06 gn 7.82 proj_gn 0.03 16,749 tok/s
[m3_s1338_albert] step     0 VAL 11.8379
[m3_s1338_albert] step    20 loss 11.0056 lr 6.30e-05 gn 1.23 proj_gn 0.00 19,528 tok/s
[m3_s1338_albert] step    40 loss 9.8548 lr 1.23e-04 gn 1.09 proj_gn 0.00 19,596 tok/s
[m3_s1338_albert] step    60 loss 8.5968 lr 1.83e-04 gn 0.84 proj_gn 0.00 19,507 tok/s
[m3_s1338_albert] step    80 loss 8.0908 lr 2.43e-04 gn 0.84 proj_gn 0.01 19,592 tok/s
[m3_s1338_albert] step   100 loss 7.7331 lr 3.03e-04 gn 0.80 proj_gn 0.02 19,525 tok/s
[m3_s1338_albert] step   120 loss 7.4395 lr 3.63e-04 gn 1.03 proj_gn 0.03 19,560 tok/s
[m3_s1338_albert] step   140 loss 7.1337 lr 4.23e-04 gn 1.12 proj_gn 0.03 19,518 tok/s
[m3_s1338_albert] step   160 loss 6.9413 lr 4.83e-04 gn 0.93 proj_gn 0.03 19,592 tok/s
[m3_s1338_albert] step   180 loss 6.8285 lr 5.43e-04 gn 0.75 proj_gn 0.02 19,508 tok/s
[m3_s1338_albert] step   200 loss 6.5973 lr 6.00e-04 gn 0.62 proj_gn 0.02 19,598 tok/s
[m3_s1338_albert] step   220 loss 6.4831 lr 6.00e-04 gn 0.57 proj_gn 0.02 19,521 tok/s
[m3_s1338_albert] step   240 loss 6.4124 lr 6.00e-04 gn 0.61 proj_gn 0.02 19,604 tok/s
[m3_s1338_albert] step   250 VAL 6.2810
[m3_s1338_albert] step   260 loss 6.2184 lr 5.99e-04 gn 0.59 proj_gn 0.01 19,572 tok/s
[m3_s1338_albert] step   280 loss 6.2087 lr 5.99e-04 gn 0.53 proj_gn 0.01 19,539 tok/s
[m3_s1338_albert] step   300 loss 6.3539 lr 5.98e-04 gn 0.64 proj_gn 0.02 19,589 tok/s
[m3_s1338_albert] step   320 loss 6.2245 lr 5.98e-04 gn 0.66 proj_gn 0.02 19,554 tok/s
[m3_s1338_albert] step   340 loss 5.9372 lr 5.97e-04 gn 0.82 proj_gn 0.03 19,606 tok/s
[m3_s1338_albert] step   360 loss 6.1195 lr 5.96e-04 gn 0.56 proj_gn 0.02 19,574 tok/s
[m3_s1338_albert] step   380 loss 6.0285 lr 5.95e-04 gn 0.61 proj_gn 0.02 19,564 tok/s
[m3_s1338_albert] step   400 loss 5.8376 lr 5.93e-04 gn 0.58 proj_gn 0.02 19,551 tok/s
[m3_s1338_albert] step   420 loss 5.7470 lr 5.92e-04 gn 0.60 proj_gn 0.02 19,589 tok/s
[m3_s1338_albert] step   440 loss 5.8622 lr 5.90e-04 gn 0.56 proj_gn 0.01 19,559 tok/s
[m3_s1338_albert] step   460 loss 5.7332 lr 5.89e-04 gn 0.57 proj_gn 0.02 19,593 tok/s
[m3_s1338_albert] step   480 loss 5.5647 lr 5.87e-04 gn 0.61 proj_gn 0.02 19,555 tok/s
[m3_s1338_albert] step   500 loss 5.8545 lr 5.85e-04 gn 0.59 proj_gn 0.02 19,591 tok/s
[m3_s1338_albert] step   500 VAL 5.6483
[m3_s1338_albert] step   520 loss 5.7619 lr 5.83e-04 gn 0.64 proj_gn 0.02 19,563 tok/s
[m3_s1338_albert] step   540 loss 5.6202 lr 5.81e-04 gn 0.60 proj_gn 0.02 19,582 tok/s
[m3_s1338_albert] step   560 loss 5.5815 lr 5.78e-04 gn 0.55 proj_gn 0.02 19,556 tok/s
[m3_s1338_albert] step   580 loss 5.7820 lr 5.76e-04 gn 0.55 proj_gn 0.01 19,600 tok/s
[m3_s1338_albert] step   600 loss 5.6326 lr 5.73e-04 gn 0.58 proj_gn 0.02 19,553 tok/s
[m3_s1338_albert] step   620 loss 5.7114 lr 5.71e-04 gn 0.61 proj_gn 0.02 19,590 tok/s
[m3_s1338_albert] step   640 loss 5.6933 lr 5.68e-04 gn 0.60 proj_gn 0.02 19,549 tok/s
[m3_s1338_albert] step   660 loss 5.4821 lr 5.65e-04 gn 0.71 proj_gn 0.02 19,578 tok/s
[m3_s1338_albert] step   680 loss 5.4883 lr 5.62e-04 gn 0.65 proj_gn 0.02 19,508 tok/s
[m3_s1338_albert] step   700 loss 5.4204 lr 5.59e-04 gn 0.61 proj_gn 0.02 19,575 tok/s
[m3_s1338_albert] step   720 loss 5.2836 lr 5.55e-04 gn 0.56 proj_gn 0.01 19,563 tok/s
[m3_s1338_albert] step   740 loss 5.6238 lr 5.52e-04 gn 0.60 proj_gn 0.02 19,606 tok/s
[m3_s1338_albert] step   750 VAL 5.3199
[m3_s1338_albert] step   760 loss 5.2654 lr 5.48e-04 gn 0.63 proj_gn 0.02 19,593 tok/s
[m3_s1338_albert] step   780 loss 5.1237 lr 5.45e-04 gn 0.60 proj_gn 0.02 19,519 tok/s
[m3_s1338_albert] step   800 loss 5.4931 lr 5.41e-04 gn 0.64 proj_gn 0.02 19,591 tok/s
[m3_s1338_albert] step   820 loss 5.3267 lr 5.37e-04 gn 0.60 proj_gn 0.02 19,521 tok/s
[m3_s1338_albert] step   840 loss 5.5145 lr 5.33e-04 gn 0.61 proj_gn 0.02 19,578 tok/s
[m3_s1338_albert] step   860 loss 5.1759 lr 5.29e-04 gn 0.62 proj_gn 0.02 19,509 tok/s
[m3_s1338_albert] step   880 loss 5.2822 lr 5.25e-04 gn 0.59 proj_gn 0.02 19,583 tok/s
[m3_s1338_albert] step   900 loss 5.1839 lr 5.21e-04 gn 0.64 proj_gn 0.02 19,497 tok/s
[m3_s1338_albert] step   920 loss 5.3213 lr 5.17e-04 gn 0.64 proj_gn 0.02 19,582 tok/s
[m3_s1338_albert] step   940 loss 5.1503 lr 5.12e-04 gn 0.67 proj_gn 0.02 19,544 tok/s
[m3_s1338_albert] step   960 loss 5.2381 lr 5.08e-04 gn 0.64 proj_gn 0.02 19,583 tok/s
[m3_s1338_albert] step   980 loss 5.0181 lr 5.03e-04 gn 0.62 proj_gn 0.02 19,525 tok/s
[m3_s1338_albert] step  1000 loss 5.2537 lr 4.98e-04 gn 0.62 proj_gn 0.02 19,589 tok/s
[m3_s1338_albert] step  1000 VAL 5.0719
[m3_s1338_albert] step  1020 loss 5.0915 lr 4.94e-04 gn 0.62 proj_gn 0.02 19,569 tok/s
[m3_s1338_albert] step  1040 loss 4.8564 lr 4.89e-04 gn 0.70 proj_gn 0.02 19,589 tok/s
[m3_s1338_albert] step  1060 loss 5.0423 lr 4.84e-04 gn 0.65 proj_gn 0.02 19,545 tok/s
[m3_s1338_albert] step  1080 loss 5.2584 lr 4.79e-04 gn 0.60 proj_gn 0.02 19,553 tok/s
[m3_s1338_albert] step  1100 loss 5.0191 lr 4.74e-04 gn 0.65 proj_gn 0.02 19,567 tok/s
[m3_s1338_albert] step  1120 loss 5.0249 lr 4.68e-04 gn 0.67 proj_gn 0.02 19,565 tok/s
[m3_s1338_albert] step  1140 loss 5.1993 lr 4.63e-04 gn 0.61 proj_gn 0.02 19,551 tok/s
[m3_s1338_albert] step  1160 loss 4.8503 lr 4.58e-04 gn 0.64 proj_gn 0.02 19,580 tok/s
[m3_s1338_albert] step  1180 loss 4.9275 lr 4.53e-04 gn 0.68 proj_gn 0.02 19,580 tok/s
[m3_s1338_albert] step  1200 loss 4.9403 lr 4.47e-04 gn 0.66 proj_gn 0.02 19,582 tok/s
[m3_s1338_albert] step  1220 loss 5.0371 lr 4.42e-04 gn 0.66 proj_gn 0.02 19,582 tok/s
[m3_s1338_albert] step  1240 loss 4.6954 lr 4.36e-04 gn 0.64 proj_gn 0.02 19,596 tok/s
[m3_s1338_albert] step  1250 VAL 4.8630
[m3_s1338_albert] step  1260 loss 4.9256 lr 4.31e-04 gn 0.68 proj_gn 0.02 19,580 tok/s
[m3_s1338_albert] step  1280 loss 4.8530 lr 4.25e-04 gn 0.64 proj_gn 0.02 19,530 tok/s
[m3_s1338_albert] step  1300 loss 4.9223 lr 4.19e-04 gn 0.69 proj_gn 0.02 19,579 tok/s
[m3_s1338_albert] step  1320 loss 4.9715 lr 4.13e-04 gn 0.68 proj_gn 0.02 19,554 tok/s
[m3_s1338_albert] step  1340 loss 4.8600 lr 4.08e-04 gn 0.69 proj_gn 0.02 19,581 tok/s
[m3_s1338_albert] step  1360 loss 5.0371 lr 4.02e-04 gn 0.72 proj_gn 0.02 19,523 tok/s
[m3_s1338_albert] step  1380 loss 4.9661 lr 3.96e-04 gn 0.67 proj_gn 0.02 19,575 tok/s
[m3_s1338_albert] step  1400 loss 5.0229 lr 3.90e-04 gn 0.67 proj_gn 0.02 19,501 tok/s
[m3_s1338_albert] step  1420 loss 4.8361 lr 3.84e-04 gn 0.69 proj_gn 0.02 19,582 tok/s
[m3_s1338_albert] step  1440 loss 4.7601 lr 3.78e-04 gn 0.71 proj_gn 0.02 19,544 tok/s
[m3_s1338_albert] step  1460 loss 4.8566 lr 3.72e-04 gn 0.72 proj_gn 0.02 19,570 tok/s
[m3_s1338_albert] step  1480 loss 4.6783 lr 3.66e-04 gn 0.69 proj_gn 0.02 19,530 tok/s
[m3_s1338_albert] step  1500 loss 4.7454 lr 3.60e-04 gn 0.69 proj_gn 0.02 19,595 tok/s
[m3_s1338_albert] step  1500 VAL 4.6993
[m3_s1338_albert] step  1520 loss 4.7117 lr 3.54e-04 gn 0.73 proj_gn 0.02 19,584 tok/s
[m3_s1338_albert] step  1540 loss 4.6707 lr 3.48e-04 gn 0.65 proj_gn 0.02 19,537 tok/s
[m3_s1338_albert] step  1560 loss 4.8357 lr 3.42e-04 gn 0.69 proj_gn 0.02 19,569 tok/s
[m3_s1338_albert] step  1580 loss 4.6874 lr 3.36e-04 gn 0.70 proj_gn 0.02 19,511 tok/s
[m3_s1338_albert] step  1600 loss 4.6871 lr 3.30e-04 gn 0.68 proj_gn 0.02 19,601 tok/s
[m3_s1338_albert] step  1620 loss 4.6930 lr 3.24e-04 gn 0.70 proj_gn 0.02 19,548 tok/s
[m3_s1338_albert] step  1640 loss 4.7923 lr 3.18e-04 gn 0.69 proj_gn 0.02 19,578 tok/s
[m3_s1338_albert] step  1660 loss 4.7353 lr 3.12e-04 gn 0.73 proj_gn 0.02 19,539 tok/s
[m3_s1338_albert] step  1680 loss 4.7246 lr 3.06e-04 gn 0.68 proj_gn 0.02 19,604 tok/s
[m3_s1338_albert] step  1700 loss 4.7125 lr 3.00e-04 gn 0.73 proj_gn 0.02 19,519 tok/s
[m3_s1338_albert] step  1720 loss 4.6850 lr 2.94e-04 gn 0.66 proj_gn 0.02 19,589 tok/s
[m3_s1338_albert] step  1740 loss 4.6516 lr 2.88e-04 gn 0.70 proj_gn 0.01 19,524 tok/s
[m3_s1338_albert] step  1750 VAL 4.5645
[m3_s1338_albert] step  1760 loss 4.5915 lr 2.82e-04 gn 0.77 proj_gn 0.02 19,569 tok/s
[m3_s1338_albert] step  1780 loss 4.7661 lr 2.76e-04 gn 0.74 proj_gn 0.02 19,599 tok/s
[m3_s1338_albert] step  1800 loss 4.6352 lr 2.70e-04 gn 0.65 proj_gn 0.01 19,567 tok/s
[m3_s1338_albert] step  1820 loss 4.5074 lr 2.64e-04 gn 0.74 proj_gn 0.02 19,583 tok/s
[m3_s1338_albert] step  1840 loss 4.6640 lr 2.58e-04 gn 0.73 proj_gn 0.02 19,576 tok/s
[m3_s1338_albert] step  1860 loss 4.7470 lr 2.52e-04 gn 0.73 proj_gn 0.02 19,549 tok/s
[m3_s1338_albert] step  1880 loss 4.8820 lr 2.47e-04 gn 0.76 proj_gn 0.02 19,571 tok/s
[m3_s1338_albert] step  1900 loss 4.6114 lr 2.41e-04 gn 0.74 proj_gn 0.02 19,591 tok/s
[m3_s1338_albert] step  1920 loss 4.4644 lr 2.35e-04 gn 0.71 proj_gn 0.01 19,565 tok/s
[m3_s1338_albert] step  1940 loss 4.6557 lr 2.29e-04 gn 0.86 proj_gn 0.02 19,584 tok/s
[m3_s1338_albert] step  1960 loss 4.6660 lr 2.24e-04 gn 0.76 proj_gn 0.02 19,566 tok/s
[m3_s1338_albert] step  1980 loss 4.5668 lr 2.18e-04 gn 0.75 proj_gn 0.02 19,591 tok/s
[m3_s1338_albert] step  2000 loss 4.4872 lr 2.13e-04 gn 0.89 proj_gn 0.02 19,591 tok/s
[m3_s1338_albert] step  2000 VAL 4.4447
[m3_s1338_albert] step  2020 loss 4.4438 lr 2.07e-04 gn 0.74 proj_gn 0.02 19,579 tok/s
[m3_s1338_albert] step  2040 loss 4.6138 lr 2.02e-04 gn 0.81 proj_gn 0.02 19,553 tok/s
[m3_s1338_albert] step  2060 loss 4.5384 lr 1.97e-04 gn 0.68 proj_gn 0.02 19,553 tok/s
[m3_s1338_albert] step  2080 loss 4.3437 lr 1.92e-04 gn 0.79 proj_gn 0.02 19,535 tok/s
[m3_s1338_albert] step  2100 loss 4.5369 lr 1.86e-04 gn 0.80 proj_gn 0.02 19,595 tok/s
[m3_s1338_albert] step  2120 loss 4.4232 lr 1.81e-04 gn 0.76 proj_gn 0.02 19,550 tok/s
[m3_s1338_albert] step  2140 loss 4.3637 lr 1.76e-04 gn 0.80 proj_gn 0.02 19,593 tok/s
[m3_s1338_albert] step  2160 loss 4.5296 lr 1.71e-04 gn 0.75 proj_gn 0.02 19,568 tok/s
[m3_s1338_albert] step  2180 loss 4.3781 lr 1.66e-04 gn 0.78 proj_gn 0.02 19,574 tok/s
[m3_s1338_albert] step  2200 loss 4.4742 lr 1.62e-04 gn 0.88 proj_gn 0.02 19,511 tok/s
[m3_s1338_albert] step  2220 loss 4.3134 lr 1.57e-04 gn 0.71 proj_gn 0.02 19,569 tok/s
[m3_s1338_albert] step  2240 loss 4.2127 lr 1.52e-04 gn 0.71 proj_gn 0.01 19,530 tok/s
[m3_s1338_albert] step  2250 VAL 4.3522
[m3_s1338_albert] step  2260 loss 4.4509 lr 1.48e-04 gn 0.78 proj_gn 0.02 19,504 tok/s
[m3_s1338_albert] step  2280 loss 4.5935 lr 1.43e-04 gn 0.71 proj_gn 0.02 19,586 tok/s
[m3_s1338_albert] step  2300 loss 4.4243 lr 1.39e-04 gn 0.73 proj_gn 0.02 19,519 tok/s
[m3_s1338_albert] step  2320 loss 4.5487 lr 1.35e-04 gn 0.78 proj_gn 0.02 19,603 tok/s
[m3_s1338_albert] step  2340 loss 4.5218 lr 1.31e-04 gn 0.74 proj_gn 0.01 19,516 tok/s
[m3_s1338_albert] step  2360 loss 4.2860 lr 1.27e-04 gn 0.74 proj_gn 0.02 19,593 tok/s
[m3_s1338_albert] step  2380 loss 4.6330 lr 1.23e-04 gn 0.76 proj_gn 0.02 19,530 tok/s
[m3_s1338_albert] step  2400 loss 4.4867 lr 1.19e-04 gn 0.74 proj_gn 0.02 19,582 tok/s
[m3_s1338_albert] step  2420 loss 4.2729 lr 1.15e-04 gn 0.73 proj_gn 0.01 19,495 tok/s
[m3_s1338_albert] step  2440 loss 4.5801 lr 1.12e-04 gn 0.79 proj_gn 0.02 19,602 tok/s
[m3_s1338_albert] step  2460 loss 4.3994 lr 1.08e-04 gn 0.77 proj_gn 0.02 19,535 tok/s
[m3_s1338_albert] step  2480 loss 4.5466 lr 1.05e-04 gn 0.68 proj_gn 0.01 19,593 tok/s
[m3_s1338_albert] step  2500 loss 4.4653 lr 1.01e-04 gn 0.76 proj_gn 0.01 19,532 tok/s
[m3_s1338_albert] step  2500 VAL 4.2860
[m3_s1338_albert] step  2520 loss 4.5705 lr 9.82e-05 gn 0.72 proj_gn 0.02 19,574 tok/s
[m3_s1338_albert] step  2540 loss 4.3312 lr 9.52e-05 gn 0.74 proj_gn 0.01 19,597 tok/s
[m3_s1338_albert] step  2560 loss 4.6941 lr 9.22e-05 gn 0.72 proj_gn 0.02 19,546 tok/s
[m3_s1338_albert] step  2580 loss 4.4830 lr 8.94e-05 gn 0.73 proj_gn 0.02 19,595 tok/s
[m3_s1338_albert] step  2600 loss 4.4660 lr 8.67e-05 gn 0.74 proj_gn 0.01 19,559 tok/s
[m3_s1338_albert] step  2620 loss 4.4819 lr 8.42e-05 gn 0.68 proj_gn 0.01 19,574 tok/s
[m3_s1338_albert] step  2640 loss 4.1018 lr 8.17e-05 gn 0.79 proj_gn 0.02 19,550 tok/s
[m3_s1338_albert] step  2660 loss 4.3608 lr 7.94e-05 gn 0.73 proj_gn 0.02 19,599 tok/s
[m3_s1338_albert] step  2680 loss 4.4325 lr 7.72e-05 gn 0.75 proj_gn 0.01 19,574 tok/s
[m3_s1338_albert] step  2700 loss 4.3955 lr 7.52e-05 gn 0.74 proj_gn 0.02 19,563 tok/s
[m3_s1338_albert] step  2720 loss 4.5626 lr 7.32e-05 gn 0.69 proj_gn 0.01 19,585 tok/s
[m3_s1338_albert] step  2740 loss 4.2067 lr 7.14e-05 gn 0.74 proj_gn 0.01 19,601 tok/s
[m3_s1338_albert] step  2750 VAL 4.2420
[m3_s1338_albert] step  2760 loss 4.5017 lr 6.97e-05 gn 0.81 proj_gn 0.02 19,555 tok/s
[m3_s1338_albert] step  2780 loss 4.3555 lr 6.82e-05 gn 0.72 proj_gn 0.02 19,585 tok/s
[m3_s1338_albert] step  2800 loss 4.2037 lr 6.68e-05 gn 0.70 proj_gn 0.01 19,552 tok/s
[m3_s1338_albert] step  2820 loss 4.1536 lr 6.55e-05 gn 0.71 proj_gn 0.01 19,608 tok/s
[m3_s1338_albert] step  2840 loss 4.1580 lr 6.43e-05 gn 0.80 proj_gn 0.02 19,529 tok/s
[m3_s1338_albert] step  2860 loss 4.1875 lr 6.33e-05 gn 0.73 proj_gn 0.02 19,579 tok/s
[m3_s1338_albert] step  2880 loss 4.3186 lr 6.24e-05 gn 0.69 proj_gn 0.02 19,531 tok/s
[m3_s1338_albert] step  2900 loss 4.0301 lr 6.17e-05 gn 0.77 proj_gn 0.01 19,571 tok/s
[m3_s1338_albert] step  2920 loss 4.1180 lr 6.11e-05 gn 0.87 proj_gn 0.02 19,550 tok/s
[m3_s1338_albert] step  2940 loss 4.0640 lr 6.06e-05 gn 0.83 proj_gn 0.02 19,589 tok/s
[m3_s1338_albert] step  2960 loss 4.2272 lr 6.03e-05 gn 0.76 proj_gn 0.01 19,535 tok/s
[m3_s1338_albert] step  2980 loss 4.2355 lr 6.01e-05 gn 0.75 proj_gn 0.01 19,580 tok/s
[m3_s1338_albert] step  2999 loss 4.3819 lr 6.00e-05 gn 0.79 proj_gn 0.02 19,562 tok/s
[m3_s1338_albert] step  2999 VAL 4.2143
[m3_s1338_albert] done: status=ok final_val=4.2143 wall=5073s -> results\m3_seeds\m3_s1338_albert
