[m5_s1338_wave] device=cuda params={'total': 62924544, 'body': 11020032, 'lm_head': 50331648, 'embedding': 1572864} body_hash=6dfbeacce139
[m5_s1338_wave] step     0 loss 11.8641 lr 3.00e-06 gn 5.23 proj_gn 0.81 23,361 tok/s
[m5_s1338_wave] step     0 VAL 11.8376
[m5_s1338_wave] step    20 loss 11.0930 lr 6.30e-05 gn 1.42 proj_gn 0.14 29,153 tok/s
[m5_s1338_wave] step    40 loss 10.2235 lr 1.23e-04 gn 1.08 proj_gn 0.06 29,169 tok/s
[m5_s1338_wave] step    60 loss 8.9874 lr 1.83e-04 gn 1.11 proj_gn 0.13 29,149 tok/s
[m5_s1338_wave] step    80 loss 8.1177 lr 2.43e-04 gn 0.89 proj_gn 0.14 29,166 tok/s
[m5_s1338_wave] step   100 loss 7.4265 lr 3.03e-04 gn 0.52 proj_gn 0.11 29,174 tok/s
[m5_s1338_wave] step   120 loss 7.2108 lr 3.63e-04 gn 0.48 proj_gn 0.19 29,138 tok/s
[m5_s1338_wave] step   140 loss 6.9954 lr 4.23e-04 gn 0.49 proj_gn 0.20 29,175 tok/s
[m5_s1338_wave] step   160 loss 6.7732 lr 4.83e-04 gn 0.58 proj_gn 0.23 29,129 tok/s
[m5_s1338_wave] step   180 loss 6.7869 lr 5.43e-04 gn 0.55 proj_gn 0.25 29,168 tok/s
[m5_s1338_wave] step   200 loss 6.7160 lr 6.00e-04 gn 0.63 proj_gn 0.31 29,163 tok/s
[m5_s1338_wave] step   220 loss 6.6953 lr 6.00e-04 gn 0.53 proj_gn 0.26 29,142 tok/s
[m5_s1338_wave] step   240 loss 6.5993 lr 6.00e-04 gn 0.48 proj_gn 0.25 29,173 tok/s
[m5_s1338_wave] step   250 VAL 6.4983
[m5_s1338_wave] step   260 loss 6.6041 lr 5.99e-04 gn 0.64 proj_gn 0.33 29,163 tok/s
[m5_s1338_wave] step   280 loss 6.5912 lr 5.99e-04 gn 0.52 proj_gn 0.23 29,147 tok/s
[m5_s1338_wave] step   300 loss 6.3067 lr 5.98e-04 gn 0.67 proj_gn 0.38 29,171 tok/s
[m5_s1338_wave] step   320 loss 6.3933 lr 5.98e-04 gn 0.74 proj_gn 0.39 29,167 tok/s
[m5_s1338_wave] step   340 loss 6.3347 lr 5.97e-04 gn 0.50 proj_gn 0.24 29,168 tok/s
[m5_s1338_wave] step   360 loss 6.2573 lr 5.96e-04 gn 0.59 proj_gn 0.29 29,179 tok/s
[m5_s1338_wave] step   380 loss 6.3207 lr 5.95e-04 gn 0.52 proj_gn 0.25 29,192 tok/s
[m5_s1338_wave] step   400 loss 6.1346 lr 5.93e-04 gn 0.57 proj_gn 0.27 29,177 tok/s
[m5_s1338_wave] step   420 loss 6.0675 lr 5.92e-04 gn 0.56 proj_gn 0.28 29,156 tok/s
[m5_s1338_wave] step   440 loss 6.0423 lr 5.90e-04 gn 0.51 proj_gn 0.24 29,153 tok/s
[m5_s1338_wave] step   460 loss 6.2020 lr 5.89e-04 gn 0.64 proj_gn 0.30 29,136 tok/s
[m5_s1338_wave] step   480 loss 6.0615 lr 5.87e-04 gn 0.51 proj_gn 0.21 29,157 tok/s
[m5_s1338_wave] step   500 loss 5.8824 lr 5.85e-04 gn 0.60 proj_gn 0.27 29,175 tok/s
[m5_s1338_wave] step   500 VAL 5.9945
[m5_s1338_wave] step   520 loss 6.0119 lr 5.83e-04 gn 0.55 proj_gn 0.23 29,177 tok/s
[m5_s1338_wave] step   540 loss 5.9440 lr 5.81e-04 gn 0.58 proj_gn 0.26 29,175 tok/s
[m5_s1338_wave] step   560 loss 5.9380 lr 5.78e-04 gn 0.59 proj_gn 0.22 29,103 tok/s
[m5_s1338_wave] step   580 loss 5.9072 lr 5.76e-04 gn 0.55 proj_gn 0.23 29,184 tok/s
[m5_s1338_wave] step   600 loss 5.6621 lr 5.73e-04 gn 0.58 proj_gn 0.28 29,154 tok/s
[m5_s1338_wave] step   620 loss 5.9007 lr 5.71e-04 gn 0.62 proj_gn 0.23 29,153 tok/s
[m5_s1338_wave] step   640 loss 5.8484 lr 5.68e-04 gn 0.59 proj_gn 0.22 29,146 tok/s
[m5_s1338_wave] step   660 loss 5.8767 lr 5.65e-04 gn 0.54 proj_gn 0.21 29,151 tok/s
[m5_s1338_wave] step   680 loss 5.8153 lr 5.62e-04 gn 0.56 proj_gn 0.19 29,156 tok/s
[m5_s1338_wave] step   700 loss 5.7738 lr 5.59e-04 gn 0.57 proj_gn 0.21 29,176 tok/s
[m5_s1338_wave] step   720 loss 5.7973 lr 5.55e-04 gn 0.68 proj_gn 0.20 29,153 tok/s
[m5_s1338_wave] step   740 loss 5.7273 lr 5.52e-04 gn 0.57 proj_gn 0.21 29,185 tok/s
[m5_s1338_wave] step   750 VAL 5.6550
[m5_s1338_wave] step   760 loss 5.7601 lr 5.48e-04 gn 0.67 proj_gn 0.23 29,159 tok/s
[m5_s1338_wave] step   780 loss 5.6374 lr 5.45e-04 gn 0.61 proj_gn 0.23 29,154 tok/s
[m5_s1338_wave] step   800 loss 5.8854 lr 5.41e-04 gn 0.60 proj_gn 0.18 29,170 tok/s
[m5_s1338_wave] step   820 loss 5.6244 lr 5.37e-04 gn 0.54 proj_gn 0.17 29,159 tok/s
[m5_s1338_wave] step   840 loss 5.6369 lr 5.33e-04 gn 0.57 proj_gn 0.18 29,199 tok/s
[m5_s1338_wave] step   860 loss 5.5332 lr 5.29e-04 gn 0.57 proj_gn 0.17 29,176 tok/s
[m5_s1338_wave] step   880 loss 5.5898 lr 5.25e-04 gn 0.65 proj_gn 0.23 29,151 tok/s
[m5_s1338_wave] step   900 loss 5.4119 lr 5.21e-04 gn 0.65 proj_gn 0.23 29,181 tok/s
[m5_s1338_wave] step   920 loss 5.6092 lr 5.17e-04 gn 0.58 proj_gn 0.18 29,165 tok/s
[m5_s1338_wave] step   940 loss 5.4361 lr 5.12e-04 gn 0.65 proj_gn 0.20 29,147 tok/s
[m5_s1338_wave] step   960 loss 5.5971 lr 5.08e-04 gn 0.61 proj_gn 0.17 29,165 tok/s
[m5_s1338_wave] step   980 loss 5.5076 lr 5.03e-04 gn 0.63 proj_gn 0.21 29,167 tok/s
[m5_s1338_wave] step  1000 loss 5.5626 lr 4.98e-04 gn 0.63 proj_gn 0.16 29,154 tok/s
[m5_s1338_wave] step  1000 VAL 5.4298
[m5_s1338_wave] step  1020 loss 5.3003 lr 4.94e-04 gn 0.59 proj_gn 0.18 29,173 tok/s
[m5_s1338_wave] step  1040 loss 5.5709 lr 4.89e-04 gn 0.60 proj_gn 0.15 29,168 tok/s
[m5_s1338_wave] step  1060 loss 5.4216 lr 4.84e-04 gn 0.72 proj_gn 0.18 29,165 tok/s
[m5_s1338_wave] step  1080 loss 5.4265 lr 4.79e-04 gn 0.65 proj_gn 0.17 29,188 tok/s
[m5_s1338_wave] step  1100 loss 5.4380 lr 4.74e-04 gn 0.67 proj_gn 0.18 29,145 tok/s
[m5_s1338_wave] step  1120 loss 5.2951 lr 4.68e-04 gn 0.62 proj_gn 0.18 29,183 tok/s
[m5_s1338_wave] step  1140 loss 5.2400 lr 4.63e-04 gn 0.65 proj_gn 0.17 29,181 tok/s
[m5_s1338_wave] step  1160 loss 5.5132 lr 4.58e-04 gn 0.61 proj_gn 0.14 29,166 tok/s
[m5_s1338_wave] step  1180 loss 5.4240 lr 4.53e-04 gn 0.62 proj_gn 0.15 29,176 tok/s
[m5_s1338_wave] step  1200 loss 5.2392 lr 4.47e-04 gn 0.67 proj_gn 0.18 29,151 tok/s
[m5_s1338_wave] step  1220 loss 5.3069 lr 4.42e-04 gn 0.73 proj_gn 0.16 29,153 tok/s
[m5_s1338_wave] step  1240 loss 5.3276 lr 4.36e-04 gn 0.74 proj_gn 0.18 29,180 tok/s
[m5_s1338_wave] step  1250 VAL 5.2630
[m5_s1338_wave] step  1260 loss 5.3551 lr 4.31e-04 gn 0.72 proj_gn 0.18 29,157 tok/s
[m5_s1338_wave] step  1280 loss 5.2473 lr 4.25e-04 gn 0.70 proj_gn 0.20 29,169 tok/s
[m5_s1338_wave] step  1300 loss 5.2058 lr 4.19e-04 gn 0.74 proj_gn 0.19 29,141 tok/s
[m5_s1338_wave] step  1320 loss 5.2010 lr 4.13e-04 gn 0.67 proj_gn 0.17 29,156 tok/s
[m5_s1338_wave] step  1340 loss 5.1539 lr 4.08e-04 gn 0.71 proj_gn 0.18 29,180 tok/s
[m5_s1338_wave] step  1360 loss 5.1888 lr 4.02e-04 gn 0.77 proj_gn 0.20 29,181 tok/s
[m5_s1338_wave] step  1380 loss 5.2934 lr 3.96e-04 gn 0.77 proj_gn 0.19 29,173 tok/s
[m5_s1338_wave] step  1400 loss 5.2461 lr 3.90e-04 gn 0.72 proj_gn 0.16 29,162 tok/s
[m5_s1338_wave] step  1420 loss 5.2625 lr 3.84e-04 gn 0.65 proj_gn 0.15 29,173 tok/s
[m5_s1338_wave] step  1440 loss 5.2370 lr 3.78e-04 gn 0.79 proj_gn 0.16 29,168 tok/s
[m5_s1338_wave] step  1460 loss 5.2624 lr 3.72e-04 gn 0.76 proj_gn 0.16 29,168 tok/s
[m5_s1338_wave] step  1480 loss 5.1832 lr 3.66e-04 gn 0.76 proj_gn 0.17 29,155 tok/s
[m5_s1338_wave] step  1500 loss 5.1728 lr 3.60e-04 gn 0.76 proj_gn 0.16 29,183 tok/s
[m5_s1338_wave] step  1500 VAL 5.1277
[m5_s1338_wave] step  1520 loss 5.0915 lr 3.54e-04 gn 0.77 proj_gn 0.15 29,177 tok/s
[m5_s1338_wave] step  1540 loss 5.1950 lr 3.48e-04 gn 0.80 proj_gn 0.17 29,178 tok/s
[m5_s1338_wave] step  1560 loss 5.2812 lr 3.42e-04 gn 0.71 proj_gn 0.15 29,154 tok/s
[m5_s1338_wave] step  1580 loss 5.2126 lr 3.36e-04 gn 0.75 proj_gn 0.15 29,159 tok/s
[m5_s1338_wave] step  1600 loss 5.0068 lr 3.30e-04 gn 0.81 proj_gn 0.16 29,190 tok/s
[m5_s1338_wave] step  1620 loss 4.9124 lr 3.24e-04 gn 0.69 proj_gn 0.17 29,175 tok/s
[m5_s1338_wave] step  1640 loss 5.0953 lr 3.18e-04 gn 0.75 proj_gn 0.15 29,147 tok/s
[m5_s1338_wave] step  1660 loss 4.9303 lr 3.12e-04 gn 0.66 proj_gn 0.15 29,187 tok/s
[m5_s1338_wave] step  1680 loss 5.0845 lr 3.06e-04 gn 0.88 proj_gn 0.18 29,182 tok/s
[m5_s1338_wave] step  1700 loss 5.1284 lr 3.00e-04 gn 0.74 proj_gn 0.14 29,155 tok/s
[m5_s1338_wave] step  1720 loss 5.0591 lr 2.94e-04 gn 0.76 proj_gn 0.16 29,171 tok/s
[m5_s1338_wave] step  1740 loss 5.0537 lr 2.88e-04 gn 0.81 proj_gn 0.15 29,151 tok/s
[m5_s1338_wave] step  1750 VAL 5.0152
[m5_s1338_wave] step  1760 loss 4.9663 lr 2.82e-04 gn 0.68 proj_gn 0.13 29,146 tok/s
[m5_s1338_wave] step  1780 loss 4.7671 lr 2.76e-04 gn 0.86 proj_gn 0.17 29,156 tok/s
[m5_s1338_wave] step  1800 loss 4.9988 lr 2.70e-04 gn 0.79 proj_gn 0.15 29,177 tok/s
[m5_s1338_wave] step  1820 loss 4.9816 lr 2.64e-04 gn 0.82 proj_gn 0.15 29,188 tok/s
[m5_s1338_wave] step  1840 loss 5.0653 lr 2.58e-04 gn 0.78 proj_gn 0.14 29,153 tok/s
[m5_s1338_wave] step  1860 loss 4.7672 lr 2.52e-04 gn 0.79 proj_gn 0.15 29,167 tok/s
[m5_s1338_wave] step  1880 loss 5.0393 lr 2.47e-04 gn 0.83 proj_gn 0.17 29,165 tok/s
[m5_s1338_wave] step  1900 loss 4.9679 lr 2.41e-04 gn 0.86 proj_gn 0.17 29,161 tok/s
[m5_s1338_wave] step  1920 loss 4.8141 lr 2.35e-04 gn 0.88 proj_gn 0.15 29,165 tok/s
[m5_s1338_wave] step  1940 loss 4.8361 lr 2.29e-04 gn 0.74 proj_gn 0.13 29,161 tok/s
[m5_s1338_wave] step  1960 loss 4.9388 lr 2.24e-04 gn 0.77 proj_gn 0.13 29,148 tok/s
[m5_s1338_wave] step  1980 loss 4.9332 lr 2.18e-04 gn 0.79 proj_gn 0.14 29,170 tok/s
[m5_s1338_wave] step  2000 loss 5.0711 lr 2.13e-04 gn 0.83 proj_gn 0.14 29,152 tok/s
[m5_s1338_wave] step  2000 VAL 4.9225
[m5_s1338_wave] step  2020 loss 4.7138 lr 2.07e-04 gn 0.85 proj_gn 0.17 29,140 tok/s
[m5_s1338_wave] step  2040 loss 4.9669 lr 2.02e-04 gn 0.75 proj_gn 0.12 29,176 tok/s
[m5_s1338_wave] step  2060 loss 4.7214 lr 1.97e-04 gn 0.78 proj_gn 0.16 29,150 tok/s
[m5_s1338_wave] step  2080 loss 4.8056 lr 1.92e-04 gn 0.78 proj_gn 0.14 29,159 tok/s
[m5_s1338_wave] step  2100 loss 4.9750 lr 1.86e-04 gn 0.81 proj_gn 0.17 29,166 tok/s
[m5_s1338_wave] step  2120 loss 4.8358 lr 1.81e-04 gn 0.83 proj_gn 0.15 29,167 tok/s
[m5_s1338_wave] step  2140 loss 5.0323 lr 1.76e-04 gn 0.79 proj_gn 0.13 29,186 tok/s
[m5_s1338_wave] step  2160 loss 5.0987 lr 1.71e-04 gn 0.83 proj_gn 0.14 29,182 tok/s
[m5_s1338_wave] step  2180 loss 4.9754 lr 1.66e-04 gn 0.92 proj_gn 0.15 29,130 tok/s
[m5_s1338_wave] step  2200 loss 4.8545 lr 1.62e-04 gn 0.84 proj_gn 0.14 29,151 tok/s
[m5_s1338_wave] step  2220 loss 4.7575 lr 1.57e-04 gn 0.80 proj_gn 0.14 29,147 tok/s
[m5_s1338_wave] step  2240 loss 4.8584 lr 1.52e-04 gn 0.81 proj_gn 0.14 29,159 tok/s
[m5_s1338_wave] step  2250 VAL 4.8547
[m5_s1338_wave] step  2260 loss 4.9621 lr 1.48e-04 gn 0.83 proj_gn 0.13 29,189 tok/s
[m5_s1338_wave] step  2280 loss 4.9232 lr 1.43e-04 gn 0.79 proj_gn 0.13 29,158 tok/s
[m5_s1338_wave] step  2300 loss 4.9896 lr 1.39e-04 gn 0.86 proj_gn 0.14 29,187 tok/s
[m5_s1338_wave] step  2320 loss 4.9638 lr 1.35e-04 gn 0.76 proj_gn 0.14 29,180 tok/s
[m5_s1338_wave] step  2340 loss 4.8054 lr 1.31e-04 gn 0.81 proj_gn 0.14 29,159 tok/s
[m5_s1338_wave] step  2360 loss 4.7603 lr 1.27e-04 gn 0.89 proj_gn 0.17 29,153 tok/s
[m5_s1338_wave] step  2380 loss 4.6456 lr 1.23e-04 gn 1.00 proj_gn 0.17 29,175 tok/s
[m5_s1338_wave] step  2400 loss 4.9287 lr 1.19e-04 gn 0.86 proj_gn 0.13 29,167 tok/s
[m5_s1338_wave] step  2420 loss 4.8134 lr 1.15e-04 gn 0.79 proj_gn 0.13 29,154 tok/s
[m5_s1338_wave] step  2440 loss 4.8473 lr 1.12e-04 gn 0.86 proj_gn 0.15 29,143 tok/s
[m5_s1338_wave] step  2460 loss 4.9383 lr 1.08e-04 gn 0.82 proj_gn 0.13 29,164 tok/s
[m5_s1338_wave] step  2480 loss 4.6838 lr 1.05e-04 gn 0.79 proj_gn 0.13 29,159 tok/s
[m5_s1338_wave] step  2500 loss 4.6826 lr 1.01e-04 gn 0.79 proj_gn 0.13 29,154 tok/s
[m5_s1338_wave] step  2500 VAL 4.7980
[m5_s1338_wave] step  2520 loss 4.8298 lr 9.82e-05 gn 0.85 proj_gn 0.14 29,184 tok/s
[m5_s1338_wave] step  2540 loss 4.8596 lr 9.52e-05 gn 0.87 proj_gn 0.15 29,175 tok/s
[m5_s1338_wave] step  2560 loss 4.7189 lr 9.22e-05 gn 0.80 proj_gn 0.13 29,161 tok/s
[m5_s1338_wave] step  2580 loss 4.7949 lr 8.94e-05 gn 1.01 proj_gn 0.17 29,171 tok/s
[m5_s1338_wave] step  2600 loss 4.7235 lr 8.67e-05 gn 0.83 proj_gn 0.13 29,163 tok/s
[m5_s1338_wave] step  2620 loss 4.6832 lr 8.42e-05 gn 0.87 proj_gn 0.15 29,169 tok/s
[m5_s1338_wave] step  2640 loss 4.7656 lr 8.17e-05 gn 0.84 proj_gn 0.13 29,148 tok/s
[m5_s1338_wave] step  2660 loss 4.6940 lr 7.94e-05 gn 0.81 proj_gn 0.13 29,185 tok/s
[m5_s1338_wave] step  2680 loss 4.8777 lr 7.72e-05 gn 0.94 proj_gn 0.16 29,147 tok/s
[m5_s1338_wave] step  2700 loss 4.9060 lr 7.52e-05 gn 0.85 proj_gn 0.14 29,145 tok/s
[m5_s1338_wave] step  2720 loss 4.3694 lr 7.32e-05 gn 0.87 proj_gn 0.16 29,169 tok/s
[m5_s1338_wave] step  2740 loss 4.7522 lr 7.14e-05 gn 0.77 proj_gn 0.13 29,176 tok/s
[m5_s1338_wave] step  2750 VAL 4.7603
[m5_s1338_wave] step  2760 loss 4.6423 lr 6.97e-05 gn 0.88 proj_gn 0.15 29,171 tok/s
[m5_s1338_wave] step  2780 loss 4.8494 lr 6.82e-05 gn 0.88 proj_gn 0.13 29,186 tok/s
[m5_s1338_wave] step  2800 loss 4.7516 lr 6.68e-05 gn 0.90 proj_gn 0.15 29,174 tok/s
[m5_s1338_wave] step  2820 loss 4.7457 lr 6.55e-05 gn 0.90 proj_gn 0.15 29,169 tok/s
[m5_s1338_wave] step  2840 loss 4.7060 lr 6.43e-05 gn 0.91 proj_gn 0.17 29,170 tok/s
[m5_s1338_wave] step  2860 loss 4.8671 lr 6.33e-05 gn 0.89 proj_gn 0.14 29,158 tok/s
[m5_s1338_wave] step  2880 loss 4.6412 lr 6.24e-05 gn 0.83 proj_gn 0.12 29,151 tok/s
[m5_s1338_wave] step  2900 loss 4.8776 lr 6.17e-05 gn 0.89 proj_gn 0.14 29,179 tok/s
[m5_s1338_wave] step  2920 loss 4.7590 lr 6.11e-05 gn 0.90 proj_gn 0.14 29,175 tok/s
[m5_s1338_wave] step  2940 loss 4.7872 lr 6.06e-05 gn 0.86 proj_gn 0.15 29,157 tok/s
[m5_s1338_wave] step  2960 loss 4.9112 lr 6.03e-05 gn 0.90 proj_gn 0.13 29,178 tok/s
[m5_s1338_wave] step  2980 loss 4.7204 lr 6.01e-05 gn 0.85 proj_gn 0.13 29,184 tok/s
[m5_s1338_wave] step  2999 loss 4.6920 lr 6.00e-05 gn 0.92 proj_gn 0.15 29,184 tok/s
[m5_s1338_wave] step  2999 VAL 4.7343
[m5_s1338_wave] done: status=ok final_val=4.7343 wall=3407s -> results\m5\m5_s1338_wave
