[m5_wave768] device=cuda params={'total': 61941504, 'body': 11020032, 'lm_head': 50331648, 'embedding': 589824} body_hash=4a6392274148
[m5_wave768] step     0 loss 11.8784 lr 3.00e-06 gn 5.39 proj_gn 0.54 23,403 tok/s
[m5_wave768] step     0 VAL 11.8532
[m5_wave768] step    20 loss 11.1065 lr 6.30e-05 gn 1.49 proj_gn 0.09 29,423 tok/s
[m5_wave768] step    40 loss 10.2672 lr 1.23e-04 gn 1.26 proj_gn 0.12 29,417 tok/s
[m5_wave768] step    60 loss 9.0733 lr 1.83e-04 gn 1.20 proj_gn 0.09 29,401 tok/s
[m5_wave768] step    80 loss 8.0861 lr 2.43e-04 gn 0.93 proj_gn 0.13 29,444 tok/s
[m5_wave768] step   100 loss 7.4038 lr 3.03e-04 gn 0.61 proj_gn 0.17 29,421 tok/s
[m5_wave768] step   120 loss 7.2876 lr 3.63e-04 gn 0.59 proj_gn 0.17 29,432 tok/s
[m5_wave768] step   140 loss 6.9173 lr 4.23e-04 gn 0.73 proj_gn 0.37 29,419 tok/s
[m5_wave768] step   160 loss 6.9227 lr 4.83e-04 gn 0.56 proj_gn 0.24 29,431 tok/s
[m5_wave768] step   180 loss 6.7145 lr 5.43e-04 gn 0.79 proj_gn 0.45 29,426 tok/s
[m5_wave768] step   200 loss 6.5574 lr 6.00e-04 gn 0.58 proj_gn 0.29 29,434 tok/s
[m5_wave768] step   220 loss 6.6937 lr 6.00e-04 gn 0.73 proj_gn 0.35 29,407 tok/s
[m5_wave768] step   240 loss 6.6507 lr 6.00e-04 gn 0.92 proj_gn 0.55 29,423 tok/s
[m5_wave768] step   250 VAL 6.4667
[m5_wave768] step   260 loss 6.3971 lr 5.99e-04 gn 0.60 proj_gn 0.30 29,442 tok/s
[m5_wave768] step   280 loss 6.4083 lr 5.99e-04 gn 0.63 proj_gn 0.32 29,419 tok/s
[m5_wave768] step   300 loss 6.2729 lr 5.98e-04 gn 0.74 proj_gn 0.45 29,401 tok/s
[m5_wave768] step   320 loss 6.3156 lr 5.98e-04 gn 0.61 proj_gn 0.31 29,424 tok/s
[m5_wave768] step   340 loss 6.1286 lr 5.97e-04 gn 0.62 proj_gn 0.33 29,453 tok/s
[m5_wave768] step   360 loss 6.1865 lr 5.96e-04 gn 0.63 proj_gn 0.37 29,422 tok/s
[m5_wave768] step   380 loss 6.2200 lr 5.95e-04 gn 0.62 proj_gn 0.30 29,385 tok/s
[m5_wave768] step   400 loss 6.2276 lr 5.93e-04 gn 0.54 proj_gn 0.28 29,419 tok/s
[m5_wave768] step   420 loss 6.2220 lr 5.92e-04 gn 0.51 proj_gn 0.22 29,440 tok/s
[m5_wave768] step   440 loss 5.9666 lr 5.90e-04 gn 0.66 proj_gn 0.31 29,425 tok/s
[m5_wave768] step   460 loss 6.0127 lr 5.89e-04 gn 0.62 proj_gn 0.32 29,400 tok/s
[m5_wave768] step   480 loss 6.1852 lr 5.87e-04 gn 0.57 proj_gn 0.25 29,426 tok/s
[m5_wave768] step   500 loss 6.0776 lr 5.85e-04 gn 0.64 proj_gn 0.34 29,389 tok/s
[m5_wave768] step   500 VAL 5.9297
[m5_wave768] step   520 loss 5.9470 lr 5.83e-04 gn 0.60 proj_gn 0.27 29,007 tok/s
[m5_wave768] step   540 loss 5.8750 lr 5.81e-04 gn 0.57 proj_gn 0.26 28,944 tok/s
[m5_wave768] step   560 loss 5.8105 lr 5.78e-04 gn 0.61 proj_gn 0.30 29,418 tok/s
[m5_wave768] step   580 loss 5.9064 lr 5.76e-04 gn 0.54 proj_gn 0.25 29,014 tok/s
[m5_wave768] step   600 loss 5.7934 lr 5.73e-04 gn 0.62 proj_gn 0.29 29,429 tok/s
[m5_wave768] step   620 loss 5.8370 lr 5.71e-04 gn 0.58 proj_gn 0.23 29,434 tok/s
[m5_wave768] step   640 loss 5.8156 lr 5.68e-04 gn 0.74 proj_gn 0.30 29,443 tok/s
[m5_wave768] step   660 loss 5.6892 lr 5.65e-04 gn 0.65 proj_gn 0.29 29,433 tok/s
[m5_wave768] step   680 loss 5.7943 lr 5.62e-04 gn 0.66 proj_gn 0.28 29,430 tok/s
[m5_wave768] step   700 loss 5.8627 lr 5.59e-04 gn 0.66 proj_gn 0.27 29,393 tok/s
[m5_wave768] step   720 loss 5.6663 lr 5.55e-04 gn 0.64 proj_gn 0.25 29,433 tok/s
[m5_wave768] step   740 loss 5.6578 lr 5.52e-04 gn 0.55 proj_gn 0.22 29,437 tok/s
[m5_wave768] step   750 VAL 5.6067
[m5_wave768] step   760 loss 5.6706 lr 5.48e-04 gn 0.65 proj_gn 0.25 29,422 tok/s
[m5_wave768] step   780 loss 5.7144 lr 5.45e-04 gn 0.60 proj_gn 0.25 29,409 tok/s
[m5_wave768] step   800 loss 5.6310 lr 5.41e-04 gn 0.62 proj_gn 0.23 29,443 tok/s
[m5_wave768] step   820 loss 5.7288 lr 5.37e-04 gn 0.58 proj_gn 0.20 29,446 tok/s
[m5_wave768] step   840 loss 5.3567 lr 5.33e-04 gn 0.61 proj_gn 0.23 29,419 tok/s
[m5_wave768] step   860 loss 5.5898 lr 5.29e-04 gn 0.65 proj_gn 0.25 29,421 tok/s
[m5_wave768] step   880 loss 5.4391 lr 5.25e-04 gn 0.69 proj_gn 0.25 29,448 tok/s
[m5_wave768] step   900 loss 5.5862 lr 5.21e-04 gn 0.68 proj_gn 0.26 29,412 tok/s
[m5_wave768] step   920 loss 5.4818 lr 5.17e-04 gn 0.58 proj_gn 0.20 29,444 tok/s
[m5_wave768] step   940 loss 5.5156 lr 5.12e-04 gn 0.61 proj_gn 0.22 29,416 tok/s
[m5_wave768] step   960 loss 5.3867 lr 5.08e-04 gn 0.66 proj_gn 0.26 29,409 tok/s
[m5_wave768] step   980 loss 5.3839 lr 5.03e-04 gn 0.63 proj_gn 0.24 29,444 tok/s
[m5_wave768] step  1000 loss 5.4664 lr 4.98e-04 gn 0.70 proj_gn 0.27 29,447 tok/s
[m5_wave768] step  1000 VAL 5.4114
[m5_wave768] step  1020 loss 5.4982 lr 4.94e-04 gn 0.65 proj_gn 0.21 29,424 tok/s
[m5_wave768] step  1040 loss 5.4597 lr 4.89e-04 gn 0.59 proj_gn 0.20 29,427 tok/s
[m5_wave768] step  1060 loss 5.3269 lr 4.84e-04 gn 0.71 proj_gn 0.28 29,438 tok/s
[m5_wave768] step  1080 loss 5.3801 lr 4.79e-04 gn 0.70 proj_gn 0.26 29,397 tok/s
[m5_wave768] step  1100 loss 5.3234 lr 4.74e-04 gn 0.62 proj_gn 0.22 29,425 tok/s
[m5_wave768] step  1120 loss 5.4820 lr 4.68e-04 gn 0.65 proj_gn 0.21 29,424 tok/s
[m5_wave768] step  1140 loss 5.3248 lr 4.63e-04 gn 0.66 proj_gn 0.21 29,423 tok/s
[m5_wave768] step  1160 loss 5.2222 lr 4.58e-04 gn 0.65 proj_gn 0.21 29,429 tok/s
[m5_wave768] step  1180 loss 5.2331 lr 4.53e-04 gn 0.74 proj_gn 0.25 29,420 tok/s
[m5_wave768] step  1200 loss 5.3541 lr 4.47e-04 gn 0.62 proj_gn 0.18 29,404 tok/s
[m5_wave768] step  1220 loss 5.4101 lr 4.42e-04 gn 0.68 proj_gn 0.20 29,448 tok/s
[m5_wave768] step  1240 loss 5.1969 lr 4.36e-04 gn 0.69 proj_gn 0.23 29,432 tok/s
[m5_wave768] step  1250 VAL 5.2369
[m5_wave768] step  1260 loss 5.1797 lr 4.31e-04 gn 0.67 proj_gn 0.21 29,420 tok/s
[m5_wave768] step  1280 loss 5.2200 lr 4.25e-04 gn 0.63 proj_gn 0.18 29,456 tok/s
[m5_wave768] step  1300 loss 5.2048 lr 4.19e-04 gn 0.73 proj_gn 0.21 29,455 tok/s
[m5_wave768] step  1320 loss 5.2119 lr 4.13e-04 gn 0.73 proj_gn 0.25 29,418 tok/s
[m5_wave768] step  1340 loss 5.1040 lr 4.08e-04 gn 0.69 proj_gn 0.20 29,395 tok/s
[m5_wave768] step  1360 loss 5.1778 lr 4.02e-04 gn 0.68 proj_gn 0.19 29,416 tok/s
[m5_wave768] step  1380 loss 5.1450 lr 3.96e-04 gn 0.67 proj_gn 0.20 29,448 tok/s
[m5_wave768] step  1400 loss 5.2046 lr 3.90e-04 gn 0.75 proj_gn 0.20 29,443 tok/s
[m5_wave768] step  1420 loss 5.2864 lr 3.84e-04 gn 0.66 proj_gn 0.17 29,443 tok/s
[m5_wave768] step  1440 loss 5.0862 lr 3.78e-04 gn 0.73 proj_gn 0.20 29,431 tok/s
[m5_wave768] step  1460 loss 5.1135 lr 3.72e-04 gn 0.68 proj_gn 0.18 29,436 tok/s
[m5_wave768] step  1480 loss 5.3476 lr 3.66e-04 gn 0.80 proj_gn 0.19 29,400 tok/s
[m5_wave768] step  1500 loss 5.1081 lr 3.60e-04 gn 0.71 proj_gn 0.18 29,428 tok/s
[m5_wave768] step  1500 VAL 5.1048
[m5_wave768] step  1520 loss 4.9964 lr 3.54e-04 gn 0.66 proj_gn 0.20 29,454 tok/s
[m5_wave768] step  1540 loss 5.1387 lr 3.48e-04 gn 0.72 proj_gn 0.19 29,459 tok/s
[m5_wave768] step  1560 loss 5.0705 lr 3.42e-04 gn 0.70 proj_gn 0.17 29,401 tok/s
[m5_wave768] step  1580 loss 4.7909 lr 3.36e-04 gn 0.70 proj_gn 0.20 29,416 tok/s
[m5_wave768] step  1600 loss 5.0098 lr 3.30e-04 gn 0.75 proj_gn 0.20 29,430 tok/s
[m5_wave768] step  1620 loss 5.1187 lr 3.24e-04 gn 0.73 proj_gn 0.18 29,452 tok/s
[m5_wave768] step  1640 loss 5.0225 lr 3.18e-04 gn 0.72 proj_gn 0.18 29,431 tok/s
[m5_wave768] step  1660 loss 5.1045 lr 3.12e-04 gn 0.77 proj_gn 0.20 29,390 tok/s
[m5_wave768] step  1680 loss 5.2045 lr 3.06e-04 gn 0.72 proj_gn 0.18 29,430 tok/s
[m5_wave768] step  1700 loss 4.9984 lr 3.00e-04 gn 0.75 proj_gn 0.20 29,417 tok/s
[m5_wave768] step  1720 loss 5.0011 lr 2.94e-04 gn 0.70 proj_gn 0.18 29,414 tok/s
[m5_wave768] step  1740 loss 5.0573 lr 2.88e-04 gn 0.69 proj_gn 0.16 29,403 tok/s
[m5_wave768] step  1750 VAL 4.9950
[m5_wave768] step  1760 loss 5.0643 lr 2.82e-04 gn 0.81 proj_gn 0.20 29,432 tok/s
[m5_wave768] step  1780 loss 5.1215 lr 2.76e-04 gn 0.87 proj_gn 0.20 29,428 tok/s
[m5_wave768] step  1800 loss 4.9496 lr 2.70e-04 gn 0.78 proj_gn 0.20 29,435 tok/s
[m5_wave768] step  1820 loss 5.0660 lr 2.64e-04 gn 0.87 proj_gn 0.25 29,416 tok/s
[m5_wave768] step  1840 loss 5.0050 lr 2.58e-04 gn 0.85 proj_gn 0.26 29,412 tok/s
[m5_wave768] step  1860 loss 5.0480 lr 2.52e-04 gn 0.79 proj_gn 0.20 29,424 tok/s
[m5_wave768] step  1880 loss 4.9700 lr 2.47e-04 gn 0.75 proj_gn 0.17 29,440 tok/s
[m5_wave768] step  1900 loss 4.8933 lr 2.41e-04 gn 0.76 proj_gn 0.18 29,429 tok/s
[m5_wave768] step  1920 loss 4.9679 lr 2.35e-04 gn 0.77 proj_gn 0.17 29,410 tok/s
[m5_wave768] step  1940 loss 4.7485 lr 2.29e-04 gn 0.75 proj_gn 0.19 29,428 tok/s
[m5_wave768] step  1960 loss 5.0982 lr 2.24e-04 gn 0.82 proj_gn 0.19 29,402 tok/s
[m5_wave768] step  1980 loss 4.8435 lr 2.18e-04 gn 0.83 proj_gn 0.21 29,455 tok/s
[m5_wave768] step  2000 loss 5.0676 lr 2.13e-04 gn 0.76 proj_gn 0.19 29,422 tok/s
[m5_wave768] step  2000 VAL 4.9039
[m5_wave768] step  2020 loss 4.9764 lr 2.07e-04 gn 0.80 proj_gn 0.20 29,425 tok/s
[m5_wave768] step  2040 loss 5.0792 lr 2.02e-04 gn 0.80 proj_gn 0.19 29,414 tok/s
[m5_wave768] step  2060 loss 4.8462 lr 1.97e-04 gn 0.78 proj_gn 0.19 29,430 tok/s
[m5_wave768] step  2080 loss 4.9602 lr 1.92e-04 gn 0.81 proj_gn 0.19 29,434 tok/s
[m5_wave768] step  2100 loss 4.9232 lr 1.86e-04 gn 0.80 proj_gn 0.17 29,450 tok/s
[m5_wave768] step  2120 loss 4.9721 lr 1.81e-04 gn 0.82 proj_gn 0.18 29,421 tok/s
[m5_wave768] step  2140 loss 4.9358 lr 1.76e-04 gn 0.82 proj_gn 0.17 29,413 tok/s
[m5_wave768] step  2160 loss 4.9254 lr 1.71e-04 gn 0.90 proj_gn 0.24 29,419 tok/s
[m5_wave768] step  2180 loss 4.8408 lr 1.66e-04 gn 0.80 proj_gn 0.17 29,398 tok/s
[m5_wave768] step  2200 loss 4.8684 lr 1.62e-04 gn 0.84 proj_gn 0.23 29,439 tok/s
[m5_wave768] step  2220 loss 4.9050 lr 1.57e-04 gn 0.80 proj_gn 0.17 29,438 tok/s
[m5_wave768] step  2240 loss 4.9299 lr 1.52e-04 gn 0.83 proj_gn 0.19 29,421 tok/s
[m5_wave768] step  2250 VAL 4.8349
[m5_wave768] step  2260 loss 4.6630 lr 1.48e-04 gn 0.74 proj_gn 0.17 29,450 tok/s
[m5_wave768] step  2280 loss 4.6800 lr 1.43e-04 gn 0.84 proj_gn 0.20 29,431 tok/s
[m5_wave768] step  2300 loss 5.1046 lr 1.39e-04 gn 0.82 proj_gn 0.17 29,406 tok/s
[m5_wave768] step  2320 loss 4.8191 lr 1.35e-04 gn 0.80 proj_gn 0.18 29,435 tok/s
[m5_wave768] step  2340 loss 4.7012 lr 1.31e-04 gn 0.81 proj_gn 0.18 29,444 tok/s
[m5_wave768] step  2360 loss 4.8145 lr 1.27e-04 gn 0.81 proj_gn 0.24 29,426 tok/s
[m5_wave768] step  2380 loss 4.7188 lr 1.23e-04 gn 0.81 proj_gn 0.17 29,440 tok/s
[m5_wave768] step  2400 loss 4.8221 lr 1.19e-04 gn 0.81 proj_gn 0.19 29,435 tok/s
[m5_wave768] step  2420 loss 4.8796 lr 1.15e-04 gn 0.84 proj_gn 0.17 29,432 tok/s
[m5_wave768] step  2440 loss 4.8904 lr 1.12e-04 gn 0.82 proj_gn 0.20 29,408 tok/s
[m5_wave768] step  2460 loss 4.7534 lr 1.08e-04 gn 0.78 proj_gn 0.16 29,438 tok/s
[m5_wave768] step  2480 loss 4.7358 lr 1.05e-04 gn 0.92 proj_gn 0.19 29,441 tok/s
[m5_wave768] step  2500 loss 4.7730 lr 1.01e-04 gn 0.79 proj_gn 0.18 29,412 tok/s
[m5_wave768] step  2500 VAL 4.7774
[m5_wave768] step  2520 loss 4.8473 lr 9.82e-05 gn 0.90 proj_gn 0.20 29,434 tok/s
[m5_wave768] step  2540 loss 4.6195 lr 9.52e-05 gn 0.84 proj_gn 0.20 29,444 tok/s
[m5_wave768] step  2560 loss 4.7573 lr 9.22e-05 gn 0.88 proj_gn 0.20 29,430 tok/s
[m5_wave768] step  2580 loss 4.7198 lr 8.94e-05 gn 0.76 proj_gn 0.16 29,438 tok/s
[m5_wave768] step  2600 loss 4.6931 lr 8.67e-05 gn 0.84 proj_gn 0.19 29,432 tok/s
[m5_wave768] step  2620 loss 4.9060 lr 8.42e-05 gn 0.89 proj_gn 0.18 29,443 tok/s
[m5_wave768] step  2640 loss 4.8143 lr 8.17e-05 gn 0.81 proj_gn 0.17 29,408 tok/s
[m5_wave768] step  2660 loss 4.9310 lr 7.94e-05 gn 0.84 proj_gn 0.19 29,432 tok/s
[m5_wave768] step  2680 loss 4.8573 lr 7.72e-05 gn 0.85 proj_gn 0.18 29,443 tok/s
[m5_wave768] step  2700 loss 4.7504 lr 7.52e-05 gn 0.80 proj_gn 0.20 29,438 tok/s
[m5_wave768] step  2720 loss 4.8774 lr 7.32e-05 gn 0.84 proj_gn 0.17 29,430 tok/s
[m5_wave768] step  2740 loss 4.7588 lr 7.14e-05 gn 0.87 proj_gn 0.21 29,451 tok/s
[m5_wave768] step  2750 VAL 4.7382
[m5_wave768] step  2760 loss 4.7027 lr 6.97e-05 gn 0.86 proj_gn 0.18 29,408 tok/s
[m5_wave768] step  2780 loss 4.7989 lr 6.82e-05 gn 0.77 proj_gn 0.16 29,391 tok/s
[m5_wave768] step  2800 loss 4.7273 lr 6.68e-05 gn 0.85 proj_gn 0.17 29,431 tok/s
[m5_wave768] step  2820 loss 4.6171 lr 6.55e-05 gn 0.82 proj_gn 0.19 29,425 tok/s
[m5_wave768] step  2840 loss 4.4837 lr 6.43e-05 gn 0.86 proj_gn 0.18 29,423 tok/s
[m5_wave768] step  2860 loss 4.5788 lr 6.33e-05 gn 0.85 proj_gn 0.19 29,424 tok/s
[m5_wave768] step  2880 loss 4.8569 lr 6.24e-05 gn 0.86 proj_gn 0.17 29,433 tok/s
[m5_wave768] step  2900 loss 4.7539 lr 6.17e-05 gn 0.84 proj_gn 0.19 29,417 tok/s
[m5_wave768] step  2920 loss 4.7195 lr 6.11e-05 gn 0.85 proj_gn 0.17 29,454 tok/s
[m5_wave768] step  2940 loss 4.8172 lr 6.06e-05 gn 0.87 proj_gn 0.17 29,454 tok/s
[m5_wave768] step  2960 loss 4.6190 lr 6.03e-05 gn 0.85 proj_gn 0.19 29,425 tok/s
[m5_wave768] step  2980 loss 4.5166 lr 6.01e-05 gn 0.88 proj_gn 0.19 29,429 tok/s
[m5_wave768] step  2999 loss 4.6564 lr 6.00e-05 gn 0.86 proj_gn 0.19 29,423 tok/s
[m5_wave768] step  2999 VAL 4.7152
[m5_wave768] done: status=ok final_val=4.7152 wall=3375s -> results\m5\m5_wave768
