[m2_onehot] device=cuda params={'total': 62924544, 'body': 11020032, 'lm_head': 50331648, 'embedding': 1572864} body_hash=4a6392274148
[m2_onehot] step     0 loss 11.8609 lr 3.00e-06 gn 0.94 proj_gn 0.67 22,708 tok/s
[m2_onehot] step     0 VAL 11.8622
[m2_onehot] step    20 loss 11.3885 lr 6.30e-05 gn 1.09 proj_gn 0.43 27,743 tok/s
[m2_onehot] step    40 loss 10.4245 lr 1.23e-04 gn 1.14 proj_gn 0.11 28,017 tok/s
[m2_onehot] step    60 loss 9.2055 lr 1.83e-04 gn 1.16 proj_gn 0.05 27,732 tok/s
[m2_onehot] step    80 loss 8.2110 lr 2.43e-04 gn 0.80 proj_gn 0.07 27,815 tok/s
[m2_onehot] step   100 loss 7.5240 lr 3.03e-04 gn 0.51 proj_gn 0.27 28,069 tok/s
[m2_onehot] step   120 loss 7.3665 lr 3.63e-04 gn 0.34 proj_gn 0.22 28,261 tok/s
[m2_onehot] step   140 loss 6.9669 lr 4.23e-04 gn 0.54 proj_gn 0.44 28,122 tok/s
[m2_onehot] step   160 loss 6.9518 lr 4.83e-04 gn 0.68 proj_gn 0.61 28,125 tok/s
[m2_onehot] step   180 loss 6.6955 lr 5.43e-04 gn 0.50 proj_gn 0.41 28,145 tok/s
[m2_onehot] step   200 loss 6.5045 lr 6.00e-04 gn 0.42 proj_gn 0.35 28,242 tok/s
[m2_onehot] step   220 loss 6.6281 lr 6.00e-04 gn 0.85 proj_gn 0.78 28,156 tok/s
[m2_onehot] step   240 loss 6.5479 lr 6.00e-04 gn 0.50 proj_gn 0.42 28,151 tok/s
[m2_onehot] step   250 VAL 6.3433
[m2_onehot] step   260 loss 6.2577 lr 5.99e-04 gn 0.55 proj_gn 0.48 28,185 tok/s
[m2_onehot] step   280 loss 6.2937 lr 5.99e-04 gn 0.77 proj_gn 0.71 28,174 tok/s
[m2_onehot] step   300 loss 6.1044 lr 5.98e-04 gn 0.79 proj_gn 0.73 28,256 tok/s
[m2_onehot] step   320 loss 6.1565 lr 5.98e-04 gn 0.58 proj_gn 0.52 28,212 tok/s
[m2_onehot] step   340 loss 5.9471 lr 5.97e-04 gn 0.60 proj_gn 0.54 28,154 tok/s
[m2_onehot] step   360 loss 6.0189 lr 5.96e-04 gn 0.67 proj_gn 0.60 28,173 tok/s
[m2_onehot] step   380 loss 6.0779 lr 5.95e-04 gn 0.59 proj_gn 0.52 28,210 tok/s
[m2_onehot] step   400 loss 6.0919 lr 5.93e-04 gn 0.60 proj_gn 0.54 28,395 tok/s
[m2_onehot] step   420 loss 6.0924 lr 5.92e-04 gn 0.59 proj_gn 0.53 28,197 tok/s
[m2_onehot] step   440 loss 5.7927 lr 5.90e-04 gn 0.75 proj_gn 0.68 28,204 tok/s
[m2_onehot] step   460 loss 5.8746 lr 5.89e-04 gn 0.58 proj_gn 0.51 28,147 tok/s
[m2_onehot] step   480 loss 6.0734 lr 5.87e-04 gn 0.55 proj_gn 0.47 28,346 tok/s
[m2_onehot] step   500 loss 5.9702 lr 5.85e-04 gn 0.72 proj_gn 0.65 28,285 tok/s
[m2_onehot] step   500 VAL 5.8068
[m2_onehot] step   520 loss 5.8317 lr 5.83e-04 gn 0.77 proj_gn 0.70 28,344 tok/s
[m2_onehot] step   540 loss 5.7728 lr 5.81e-04 gn 0.72 proj_gn 0.65 28,233 tok/s
[m2_onehot] step   560 loss 5.7070 lr 5.78e-04 gn 0.67 proj_gn 0.61 28,197 tok/s
[m2_onehot] step   580 loss 5.8253 lr 5.76e-04 gn 0.65 proj_gn 0.58 28,216 tok/s
[m2_onehot] step   600 loss 5.7091 lr 5.73e-04 gn 0.61 proj_gn 0.55 28,211 tok/s
[m2_onehot] step   620 loss 5.7694 lr 5.71e-04 gn 0.70 proj_gn 0.62 28,363 tok/s
[m2_onehot] step   640 loss 5.7378 lr 5.68e-04 gn 0.68 proj_gn 0.61 28,188 tok/s
[m2_onehot] step   660 loss 5.6027 lr 5.65e-04 gn 0.70 proj_gn 0.63 28,185 tok/s
[m2_onehot] step   680 loss 5.7298 lr 5.62e-04 gn 0.72 proj_gn 0.63 28,193 tok/s
[m2_onehot] step   700 loss 5.8076 lr 5.59e-04 gn 0.62 proj_gn 0.55 28,260 tok/s
[m2_onehot] step   720 loss 5.6006 lr 5.55e-04 gn 0.61 proj_gn 0.52 28,376 tok/s
[m2_onehot] step   740 loss 5.6268 lr 5.52e-04 gn 0.79 proj_gn 0.69 28,194 tok/s
[m2_onehot] step   750 VAL 5.5675
[m2_onehot] step   760 loss 5.6373 lr 5.48e-04 gn 0.66 proj_gn 0.58 28,306 tok/s
[m2_onehot] step   780 loss 5.6760 lr 5.45e-04 gn 0.70 proj_gn 0.62 28,253 tok/s
[m2_onehot] step   800 loss 5.5747 lr 5.41e-04 gn 0.64 proj_gn 0.55 28,251 tok/s
[m2_onehot] step   820 loss 5.7158 lr 5.37e-04 gn 0.67 proj_gn 0.58 28,195 tok/s
[m2_onehot] step   840 loss 5.3222 lr 5.33e-04 gn 0.65 proj_gn 0.57 28,343 tok/s
[m2_onehot] step   860 loss 5.5735 lr 5.29e-04 gn 0.84 proj_gn 0.75 28,312 tok/s
[m2_onehot] step   880 loss 5.4129 lr 5.25e-04 gn 0.90 proj_gn 0.84 28,192 tok/s
[m2_onehot] step   900 loss 5.5772 lr 5.21e-04 gn 0.83 proj_gn 0.74 28,221 tok/s
[m2_onehot] step   920 loss 5.4658 lr 5.17e-04 gn 0.82 proj_gn 0.73 28,183 tok/s
[m2_onehot] step   940 loss 5.5103 lr 5.12e-04 gn 0.67 proj_gn 0.59 28,300 tok/s
[m2_onehot] step   960 loss 5.3747 lr 5.08e-04 gn 0.84 proj_gn 0.76 28,326 tok/s
[m2_onehot] step   980 loss 5.3816 lr 5.03e-04 gn 0.91 proj_gn 0.84 28,254 tok/s
[m2_onehot] step  1000 loss 5.4632 lr 4.98e-04 gn 0.77 proj_gn 0.69 28,238 tok/s
[m2_onehot] step  1000 VAL 5.4071
[m2_onehot] step  1020 loss 5.4930 lr 4.94e-04 gn 0.71 proj_gn 0.62 28,202 tok/s
[m2_onehot] step  1040 loss 5.4676 lr 4.89e-04 gn 0.74 proj_gn 0.67 28,221 tok/s
[m2_onehot] step  1060 loss 5.3249 lr 4.84e-04 gn 0.83 proj_gn 0.76 28,186 tok/s
[m2_onehot] step  1080 loss 5.3859 lr 4.79e-04 gn 0.81 proj_gn 0.72 28,358 tok/s
[m2_onehot] step  1100 loss 5.3301 lr 4.74e-04 gn 0.84 proj_gn 0.76 28,227 tok/s
[m2_onehot] step  1120 loss 5.4877 lr 4.68e-04 gn 0.88 proj_gn 0.79 28,228 tok/s
[m2_onehot] step  1140 loss 5.3355 lr 4.63e-04 gn 0.77 proj_gn 0.68 28,232 tok/s
[m2_onehot] step  1160 loss 5.2249 lr 4.58e-04 gn 0.77 proj_gn 0.68 28,181 tok/s
[m2_onehot] step  1180 loss 5.2383 lr 4.53e-04 gn 1.28 proj_gn 1.22 28,357 tok/s
[m2_onehot] step  1200 loss 5.3807 lr 4.47e-04 gn 0.90 proj_gn 0.80 28,261 tok/s
[m2_onehot] step  1220 loss 5.4372 lr 4.42e-04 gn 1.03 proj_gn 0.95 28,193 tok/s
[m2_onehot] step  1240 loss 5.2031 lr 4.36e-04 gn 0.93 proj_gn 0.84 28,213 tok/s
[m2_onehot] step  1250 VAL 5.2672
[m2_onehot] step  1260 loss 5.2124 lr 4.31e-04 gn 0.94 proj_gn 0.84 28,203 tok/s
[m2_onehot] step  1280 loss 5.2466 lr 4.25e-04 gn 1.33 proj_gn 1.27 28,201 tok/s
[m2_onehot] step  1300 loss 5.2413 lr 4.19e-04 gn 1.35 proj_gn 1.27 28,216 tok/s
[m2_onehot] step  1320 loss 5.2470 lr 4.13e-04 gn 1.24 proj_gn 1.16 28,370 tok/s
[m2_onehot] step  1340 loss 5.1297 lr 4.08e-04 gn 1.18 proj_gn 1.10 28,276 tok/s
[m2_onehot] step  1360 loss 5.2136 lr 4.02e-04 gn 1.32 proj_gn 1.25 28,227 tok/s
[m2_onehot] step  1380 loss 5.1893 lr 3.96e-04 gn 2.53 proj_gn 2.48 28,248 tok/s
[m2_onehot] step  1400 loss 5.2344 lr 3.90e-04 gn 0.89 proj_gn 0.79 28,253 tok/s
[m2_onehot] step  1420 loss 5.3229 lr 3.84e-04 gn 1.41 proj_gn 1.35 28,361 tok/s
[m2_onehot] step  1440 loss 5.1339 lr 3.78e-04 gn 1.64 proj_gn 1.57 28,305 tok/s
[m2_onehot] step  1460 loss 5.1616 lr 3.72e-04 gn 2.01 proj_gn 1.96 28,172 tok/s
[m2_onehot] step  1480 loss 5.3860 lr 3.66e-04 gn 0.77 proj_gn 0.64 28,263 tok/s
[m2_onehot] step  1500 loss 5.1461 lr 3.60e-04 gn 1.36 proj_gn 1.29 28,192 tok/s
[m2_onehot] step  1500 VAL 5.1544
[m2_onehot] step  1520 loss 5.0407 lr 3.54e-04 gn 1.14 proj_gn 1.05 28,254 tok/s
[m2_onehot] step  1540 loss 5.1815 lr 3.48e-04 gn 0.91 proj_gn 0.79 28,197 tok/s
[m2_onehot] step  1560 loss 5.1233 lr 3.42e-04 gn 1.09 proj_gn 1.00 28,320 tok/s
[m2_onehot] step  1580 loss 4.8437 lr 3.36e-04 gn 1.06 proj_gn 0.96 28,262 tok/s
[m2_onehot] step  1600 loss 5.0529 lr 3.30e-04 gn 1.16 proj_gn 1.07 28,227 tok/s
[m2_onehot] step  1620 loss 5.1679 lr 3.24e-04 gn 1.34 proj_gn 1.25 28,203 tok/s
[m2_onehot] step  1640 loss 5.0788 lr 3.18e-04 gn 1.35 proj_gn 1.25 28,251 tok/s
[m2_onehot] step  1660 loss 5.1568 lr 3.12e-04 gn 0.97 proj_gn 0.85 28,345 tok/s
[m2_onehot] step  1680 loss 5.2443 lr 3.06e-04 gn 1.08 proj_gn 0.99 28,308 tok/s
[m2_onehot] step  1700 loss 5.0519 lr 3.00e-04 gn 2.01 proj_gn 1.94 28,190 tok/s
[m2_onehot] step  1720 loss 5.0457 lr 2.94e-04 gn 0.90 proj_gn 0.78 28,226 tok/s
[m2_onehot] step  1740 loss 5.1140 lr 2.88e-04 gn 1.03 proj_gn 0.94 28,230 tok/s
[m2_onehot] step  1750 VAL 5.0563
[m2_onehot] step  1760 loss 5.1125 lr 2.82e-04 gn 0.91 proj_gn 0.79 28,214 tok/s
[m2_onehot] step  1780 loss 5.1810 lr 2.76e-04 gn 0.90 proj_gn 0.77 28,233 tok/s
[m2_onehot] step  1800 loss 5.0057 lr 2.70e-04 gn 1.23 proj_gn 1.14 28,356 tok/s
[m2_onehot] step  1820 loss 5.1186 lr 2.64e-04 gn 0.89 proj_gn 0.76 28,326 tok/s
[m2_onehot] step  1840 loss 5.0605 lr 2.58e-04 gn 1.61 proj_gn 1.53 28,243 tok/s
[m2_onehot] step  1860 loss 5.1090 lr 2.52e-04 gn 1.00 proj_gn 0.87 28,209 tok/s
[m2_onehot] step  1880 loss 5.0290 lr 2.47e-04 gn 1.06 proj_gn 0.95 28,233 tok/s
[m2_onehot] step  1900 loss 4.9640 lr 2.41e-04 gn 1.17 proj_gn 1.06 28,297 tok/s
[m2_onehot] step  1920 loss 5.0127 lr 2.35e-04 gn 1.29 proj_gn 1.21 28,320 tok/s
[m2_onehot] step  1940 loss 4.8117 lr 2.29e-04 gn 0.87 proj_gn 0.74 28,237 tok/s
[m2_onehot] step  1960 loss 5.1644 lr 2.24e-04 gn 0.98 proj_gn 0.85 28,228 tok/s
[m2_onehot] step  1980 loss 4.9146 lr 2.18e-04 gn 0.89 proj_gn 0.75 28,255 tok/s
[m2_onehot] step  2000 loss 5.1150 lr 2.13e-04 gn 0.86 proj_gn 0.74 28,280 tok/s
[m2_onehot] step  2000 VAL 4.9779
[m2_onehot] step  2020 loss 5.0429 lr 2.07e-04 gn 0.96 proj_gn 0.83 28,222 tok/s
[m2_onehot] step  2040 loss 5.1385 lr 2.02e-04 gn 0.94 proj_gn 0.80 28,305 tok/s
[m2_onehot] step  2060 loss 4.9197 lr 1.97e-04 gn 1.21 proj_gn 1.12 28,365 tok/s
[m2_onehot] step  2080 loss 5.0352 lr 1.92e-04 gn 1.25 proj_gn 1.13 28,212 tok/s
[m2_onehot] step  2100 loss 4.9888 lr 1.86e-04 gn 0.91 proj_gn 0.77 28,208 tok/s
[m2_onehot] step  2120 loss 5.0465 lr 1.81e-04 gn 1.03 proj_gn 0.88 28,196 tok/s
[m2_onehot] step  2140 loss 4.9971 lr 1.76e-04 gn 1.19 proj_gn 1.07 28,273 tok/s
[m2_onehot] step  2160 loss 4.9998 lr 1.71e-04 gn 1.00 proj_gn 0.88 28,324 tok/s
[m2_onehot] step  2180 loss 4.9144 lr 1.66e-04 gn 0.93 proj_gn 0.80 28,237 tok/s
[m2_onehot] step  2200 loss 4.9424 lr 1.62e-04 gn 1.04 proj_gn 0.90 28,215 tok/s
[m2_onehot] step  2220 loss 4.9823 lr 1.57e-04 gn 1.08 proj_gn 0.94 28,237 tok/s
[m2_onehot] step  2240 loss 5.0006 lr 1.52e-04 gn 0.98 proj_gn 0.84 28,218 tok/s
[m2_onehot] step  2250 VAL 4.9154
[m2_onehot] step  2260 loss 4.7599 lr 1.48e-04 gn 0.94 proj_gn 0.80 28,205 tok/s
[m2_onehot] step  2280 loss 4.7669 lr 1.43e-04 gn 1.15 proj_gn 1.03 28,302 tok/s
[m2_onehot] step  2300 loss 5.1843 lr 1.39e-04 gn 1.08 proj_gn 0.93 28,318 tok/s
[m2_onehot] step  2320 loss 4.8949 lr 1.35e-04 gn 0.97 proj_gn 0.83 28,185 tok/s
[m2_onehot] step  2340 loss 4.7823 lr 1.31e-04 gn 0.98 proj_gn 0.84 28,234 tok/s
[m2_onehot] step  2360 loss 4.8934 lr 1.27e-04 gn 1.02 proj_gn 0.89 28,237 tok/s
[m2_onehot] step  2380 loss 4.8046 lr 1.23e-04 gn 1.33 proj_gn 1.23 28,261 tok/s
[m2_onehot] step  2400 loss 4.9010 lr 1.19e-04 gn 0.96 proj_gn 0.84 28,384 tok/s
[m2_onehot] step  2420 loss 4.9567 lr 1.15e-04 gn 1.06 proj_gn 0.94 28,212 tok/s
[m2_onehot] step  2440 loss 4.9720 lr 1.12e-04 gn 0.95 proj_gn 0.82 28,206 tok/s
[m2_onehot] step  2460 loss 4.8342 lr 1.08e-04 gn 0.99 proj_gn 0.87 28,231 tok/s
[m2_onehot] step  2480 loss 4.8011 lr 1.05e-04 gn 1.28 proj_gn 1.14 28,256 tok/s
[m2_onehot] step  2500 loss 4.8484 lr 1.01e-04 gn 0.97 proj_gn 0.81 28,352 tok/s
[m2_onehot] step  2500 VAL 4.8674
[m2_onehot] step  2520 loss 4.9294 lr 9.82e-05 gn 1.05 proj_gn 0.89 28,254 tok/s
[m2_onehot] step  2540 loss 4.7024 lr 9.52e-05 gn 1.02 proj_gn 0.88 28,347 tok/s
[m2_onehot] step  2560 loss 4.8322 lr 9.22e-05 gn 1.02 proj_gn 0.87 28,193 tok/s
[m2_onehot] step  2580 loss 4.8153 lr 8.94e-05 gn 1.04 proj_gn 0.92 28,204 tok/s
[m2_onehot] step  2600 loss 4.7753 lr 8.67e-05 gn 1.00 proj_gn 0.86 28,228 tok/s
[m2_onehot] step  2620 loss 4.9870 lr 8.42e-05 gn 1.04 proj_gn 0.88 28,237 tok/s
[m2_onehot] step  2640 loss 4.9092 lr 8.17e-05 gn 1.32 proj_gn 1.20 28,398 tok/s
[m2_onehot] step  2660 loss 5.0184 lr 7.94e-05 gn 1.21 proj_gn 1.09 28,290 tok/s
[m2_onehot] step  2680 loss 4.9244 lr 7.72e-05 gn 0.94 proj_gn 0.79 28,258 tok/s
[m2_onehot] step  2700 loss 4.8478 lr 7.52e-05 gn 1.01 proj_gn 0.88 28,236 tok/s
[m2_onehot] step  2720 loss 4.9542 lr 7.32e-05 gn 1.01 proj_gn 0.87 28,221 tok/s
[m2_onehot] step  2740 loss 4.8343 lr 7.14e-05 gn 1.09 proj_gn 0.96 28,336 tok/s
[m2_onehot] step  2750 VAL 4.8356
[m2_onehot] step  2760 loss 4.7872 lr 6.97e-05 gn 0.93 proj_gn 0.78 28,210 tok/s
[m2_onehot] step  2780 loss 4.8915 lr 6.82e-05 gn 0.99 proj_gn 0.85 28,355 tok/s
[m2_onehot] step  2800 loss 4.8118 lr 6.68e-05 gn 1.03 proj_gn 0.88 28,241 tok/s
[m2_onehot] step  2820 loss 4.7040 lr 6.55e-05 gn 1.00 proj_gn 0.86 28,227 tok/s
[m2_onehot] step  2840 loss 4.5859 lr 6.43e-05 gn 1.15 proj_gn 1.02 28,202 tok/s
[m2_onehot] step  2860 loss 4.6759 lr 6.33e-05 gn 1.12 proj_gn 0.97 28,202 tok/s
[m2_onehot] step  2880 loss 4.9417 lr 6.24e-05 gn 0.97 proj_gn 0.82 28,346 tok/s
[m2_onehot] step  2900 loss 4.8468 lr 6.17e-05 gn 1.18 proj_gn 1.04 28,298 tok/s
[m2_onehot] step  2920 loss 4.8105 lr 6.11e-05 gn 1.03 proj_gn 0.87 28,211 tok/s
[m2_onehot] step  2940 loss 4.8967 lr 6.06e-05 gn 1.03 proj_gn 0.87 28,167 tok/s
[m2_onehot] step  2960 loss 4.7125 lr 6.03e-05 gn 1.03 proj_gn 0.87 28,245 tok/s
[m2_onehot] step  2980 loss 4.6238 lr 6.01e-05 gn 1.11 proj_gn 0.95 28,348 tok/s
[m2_onehot] step  2999 loss 4.7417 lr 6.00e-05 gn 1.04 proj_gn 0.90 28,321 tok/s
[m2_onehot] step  2999 VAL 4.8129
[m2_onehot] done: status=ok final_val=4.8129 wall=3516s -> results\m2\m2_onehot
