d_model=384, code_dim=4096, V=131,072
  codec  (onehot / wave)     1,572,864   target
  albert                   1,577,472   +0.29%   rank=12
  hash                     1,572,736   -0.01%   buckets=3413
  dense (reference)       50,331,648   32x

[m5_s1339_wave768] device=cuda params={'total': 61941504, 'body': 11020032, 'lm_head': 50331648, 'embedding': 589824} body_hash=31cf9342cd74
[m5_s1339_wave768] step     0 loss 11.8434 lr 3.00e-06 gn 5.91 proj_gn 0.60 21,106 tok/s
[m5_s1339_wave768] step     0 VAL 11.8319
[m5_s1339_wave768] step    20 loss 11.0966 lr 6.30e-05 gn 1.22 proj_gn 0.05 28,618 tok/s
[m5_s1339_wave768] step    40 loss 10.2035 lr 1.23e-04 gn 1.15 proj_gn 0.08 23,450 tok/s
[m5_s1339_wave768] step    60 loss 8.9534 lr 1.83e-04 gn 1.06 proj_gn 0.08 29,181 tok/s
[m5_s1339_wave768] step    80 loss 8.0542 lr 2.43e-04 gn 1.16 proj_gn 0.25 28,287 tok/s
[m5_s1339_wave768] step   100 loss 7.4940 lr 3.03e-04 gn 0.66 proj_gn 0.18 28,512 tok/s
[m5_s1339_wave768] step   120 loss 7.1412 lr 3.63e-04 gn 0.69 proj_gn 0.31 28,741 tok/s
[m5_s1339_wave768] step   140 loss 7.0439 lr 4.23e-04 gn 0.51 proj_gn 0.18 28,687 tok/s
[m5_s1339_wave768] step   160 loss 6.9707 lr 4.83e-04 gn 1.14 proj_gn 0.71 28,721 tok/s
[m5_s1339_wave768] step   180 loss 6.8310 lr 5.43e-04 gn 1.19 proj_gn 0.60 29,311 tok/s
[m5_s1339_wave768] step   200 loss 6.7082 lr 6.00e-04 gn 0.99 proj_gn 0.60 29,368 tok/s
[m5_s1339_wave768] step   220 loss 6.6182 lr 6.00e-04 gn 0.68 proj_gn 0.40 29,352 tok/s
[m5_s1339_wave768] step   240 loss 6.6565 lr 6.00e-04 gn 0.70 proj_gn 0.38 29,358 tok/s
[m5_s1339_wave768] step   250 VAL 6.4746
[m5_s1339_wave768] step   260 loss 6.5533 lr 5.99e-04 gn 0.77 proj_gn 0.42 29,347 tok/s
[m5_s1339_wave768] step   280 loss 6.3122 lr 5.99e-04 gn 0.72 proj_gn 0.43 29,346 tok/s
[m5_s1339_wave768] step   300 loss 6.4145 lr 5.98e-04 gn 0.55 proj_gn 0.27 29,364 tok/s
[m5_s1339_wave768] step   320 loss 6.3913 lr 5.98e-04 gn 0.54 proj_gn 0.29 29,384 tok/s
[m5_s1339_wave768] step   340 loss 6.1580 lr 5.97e-04 gn 0.71 proj_gn 0.43 29,375 tok/s
[m5_s1339_wave768] step   360 loss 6.1903 lr 5.96e-04 gn 0.52 proj_gn 0.27 29,372 tok/s
[m5_s1339_wave768] step   380 loss 6.2622 lr 5.95e-04 gn 0.50 proj_gn 0.24 29,366 tok/s
[m5_s1339_wave768] step   400 loss 6.2332 lr 5.93e-04 gn 0.62 proj_gn 0.33 29,384 tok/s
[m5_s1339_wave768] step   420 loss 6.1992 lr 5.92e-04 gn 0.69 proj_gn 0.36 29,390 tok/s
[m5_s1339_wave768] step   440 loss 6.1508 lr 5.90e-04 gn 0.61 proj_gn 0.31 29,387 tok/s
[m5_s1339_wave768] step   460 loss 6.0198 lr 5.89e-04 gn 0.55 proj_gn 0.27 29,334 tok/s
[m5_s1339_wave768] step   480 loss 6.2735 lr 5.87e-04 gn 0.62 proj_gn 0.28 29,401 tok/s
[m5_s1339_wave768] step   500 loss 5.9960 lr 5.85e-04 gn 0.81 proj_gn 0.34 29,399 tok/s
[m5_s1339_wave768] step   500 VAL 5.9303
[m5_s1339_wave768] step   520 loss 5.9848 lr 5.83e-04 gn 0.59 proj_gn 0.27 29,371 tok/s
[m5_s1339_wave768] step   540 loss 5.8873 lr 5.81e-04 gn 0.55 proj_gn 0.27 29,399 tok/s
[m5_s1339_wave768] step   560 loss 5.9396 lr 5.78e-04 gn 0.70 proj_gn 0.35 29,400 tok/s
[m5_s1339_wave768] step   580 loss 5.9066 lr 5.76e-04 gn 0.58 proj_gn 0.26 29,398 tok/s
[m5_s1339_wave768] step   600 loss 6.1065 lr 5.73e-04 gn 0.60 proj_gn 0.26 29,398 tok/s
[m5_s1339_wave768] step   620 loss 5.8407 lr 5.71e-04 gn 0.67 proj_gn 0.27 29,412 tok/s
[m5_s1339_wave768] step   640 loss 5.6216 lr 5.68e-04 gn 0.69 proj_gn 0.36 29,377 tok/s
[m5_s1339_wave768] step   660 loss 5.6714 lr 5.65e-04 gn 0.68 proj_gn 0.32 29,398 tok/s
[m5_s1339_wave768] step   680 loss 5.8961 lr 5.62e-04 gn 0.58 proj_gn 0.23 29,411 tok/s
[m5_s1339_wave768] step   700 loss 5.6457 lr 5.59e-04 gn 0.64 proj_gn 0.27 29,399 tok/s
[m5_s1339_wave768] step   720 loss 5.6790 lr 5.55e-04 gn 0.65 proj_gn 0.27 29,406 tok/s
[m5_s1339_wave768] step   740 loss 5.6961 lr 5.52e-04 gn 0.55 proj_gn 0.24 29,407 tok/s
[m5_s1339_wave768] step   750 VAL 5.6234
[m5_s1339_wave768] step   760 loss 5.7362 lr 5.48e-04 gn 0.66 proj_gn 0.27 29,422 tok/s
[m5_s1339_wave768] step   780 loss 5.7506 lr 5.45e-04 gn 0.61 proj_gn 0.23 29,407 tok/s
[m5_s1339_wave768] step   800 loss 5.5803 lr 5.41e-04 gn 0.61 proj_gn 0.24 29,402 tok/s
[m5_s1339_wave768] step   820 loss 5.7222 lr 5.37e-04 gn 0.60 proj_gn 0.23 29,397 tok/s
[m5_s1339_wave768] step   840 loss 5.5378 lr 5.33e-04 gn 0.59 proj_gn 0.23 29,413 tok/s
[m5_s1339_wave768] step   860 loss 5.6232 lr 5.29e-04 gn 0.56 proj_gn 0.20 29,393 tok/s
[m5_s1339_wave768] step   880 loss 5.5267 lr 5.25e-04 gn 0.70 proj_gn 0.27 29,401 tok/s
[m5_s1339_wave768] step   900 loss 5.5908 lr 5.21e-04 gn 0.58 proj_gn 0.22 29,415 tok/s
[m5_s1339_wave768] step   920 loss 5.4763 lr 5.17e-04 gn 0.59 proj_gn 0.23 29,409 tok/s
[m5_s1339_wave768] step   940 loss 5.5924 lr 5.12e-04 gn 0.64 proj_gn 0.22 29,443 tok/s
[m5_s1339_wave768] step   960 loss 5.4615 lr 5.08e-04 gn 0.65 proj_gn 0.25 29,409 tok/s
[m5_s1339_wave768] step   980 loss 5.4234 lr 5.03e-04 gn 0.58 proj_gn 0.21 29,398 tok/s
[m5_s1339_wave768] step  1000 loss 5.3901 lr 4.98e-04 gn 0.60 proj_gn 0.22 29,419 tok/s
[m5_s1339_wave768] step  1000 VAL 5.4240
[m5_s1339_wave768] step  1020 loss 5.3161 lr 4.94e-04 gn 0.57 proj_gn 0.20 29,427 tok/s
[m5_s1339_wave768] step  1040 loss 5.3291 lr 4.89e-04 gn 0.63 proj_gn 0.25 29,391 tok/s
[m5_s1339_wave768] step  1060 loss 5.3699 lr 4.84e-04 gn 0.69 proj_gn 0.24 29,408 tok/s
[m5_s1339_wave768] step  1080 loss 5.2646 lr 4.79e-04 gn 0.60 proj_gn 0.23 29,396 tok/s
[m5_s1339_wave768] step  1100 loss 5.3790 lr 4.74e-04 gn 0.62 proj_gn 0.20 29,432 tok/s
[m5_s1339_wave768] step  1120 loss 5.2648 lr 4.68e-04 gn 0.60 proj_gn 0.19 29,411 tok/s
[m5_s1339_wave768] step  1140 loss 5.4868 lr 4.63e-04 gn 0.67 proj_gn 0.20 29,418 tok/s
[m5_s1339_wave768] step  1160 loss 5.4627 lr 4.58e-04 gn 0.65 proj_gn 0.20 29,400 tok/s
[m5_s1339_wave768] step  1180 loss 5.2609 lr 4.53e-04 gn 0.69 proj_gn 0.24 29,406 tok/s
[m5_s1339_wave768] step  1200 loss 5.3180 lr 4.47e-04 gn 0.65 proj_gn 0.22 29,427 tok/s
[m5_s1339_wave768] step  1220 loss 5.3787 lr 4.42e-04 gn 0.64 proj_gn 0.19 29,414 tok/s
[m5_s1339_wave768] step  1240 loss 5.2475 lr 4.36e-04 gn 0.69 proj_gn 0.24 29,426 tok/s
[m5_s1339_wave768] step  1250 VAL 5.2565
[m5_s1339_wave768] step  1260 loss 5.1010 lr 4.31e-04 gn 0.58 proj_gn 0.17 29,404 tok/s
[m5_s1339_wave768] step  1280 loss 5.3457 lr 4.25e-04 gn 0.67 proj_gn 0.19 29,400 tok/s
[m5_s1339_wave768] step  1300 loss 5.1358 lr 4.19e-04 gn 0.78 proj_gn 0.23 29,395 tok/s
[m5_s1339_wave768] step  1320 loss 5.1684 lr 4.13e-04 gn 0.68 proj_gn 0.19 29,399 tok/s
[m5_s1339_wave768] step  1340 loss 5.3507 lr 4.08e-04 gn 0.75 proj_gn 0.24 29,380 tok/s
[m5_s1339_wave768] step  1360 loss 5.2820 lr 4.02e-04 gn 0.63 proj_gn 0.18 29,399 tok/s
[m5_s1339_wave768] step  1380 loss 5.4301 lr 3.96e-04 gn 0.76 proj_gn 0.24 29,413 tok/s
[m5_s1339_wave768] step  1400 loss 5.1881 lr 3.90e-04 gn 0.67 proj_gn 0.17 29,409 tok/s
[m5_s1339_wave768] step  1420 loss 5.1902 lr 3.84e-04 gn 0.69 proj_gn 0.18 29,391 tok/s
[m5_s1339_wave768] step  1440 loss 5.2785 lr 3.78e-04 gn 0.79 proj_gn 0.25 29,403 tok/s
[m5_s1339_wave768] step  1460 loss 5.1337 lr 3.72e-04 gn 0.70 proj_gn 0.21 29,416 tok/s
[m5_s1339_wave768] step  1480 loss 5.1936 lr 3.66e-04 gn 0.68 proj_gn 0.18 29,396 tok/s
[m5_s1339_wave768] step  1500 loss 5.2704 lr 3.60e-04 gn 0.70 proj_gn 0.19 29,417 tok/s
[m5_s1339_wave768] step  1500 VAL 5.1290
[m5_s1339_wave768] step  1520 loss 4.9361 lr 3.54e-04 gn 0.68 proj_gn 0.23 29,405 tok/s
[m5_s1339_wave768] step  1540 loss 5.0700 lr 3.48e-04 gn 0.66 proj_gn 0.20 29,423 tok/s
[m5_s1339_wave768] step  1560 loss 5.1145 lr 3.42e-04 gn 0.67 proj_gn 0.17 29,409 tok/s
[m5_s1339_wave768] step  1580 loss 5.1337 lr 3.36e-04 gn 0.72 proj_gn 0.19 29,417 tok/s
[m5_s1339_wave768] step  1600 loss 5.1627 lr 3.30e-04 gn 0.66 proj_gn 0.16 29,406 tok/s
[m5_s1339_wave768] step  1620 loss 5.0332 lr 3.24e-04 gn 0.70 proj_gn 0.21 29,424 tok/s
[m5_s1339_wave768] step  1640 loss 5.1882 lr 3.18e-04 gn 0.73 proj_gn 0.22 29,414 tok/s
[m5_s1339_wave768] step  1660 loss 5.2278 lr 3.12e-04 gn 0.71 proj_gn 0.17 29,408 tok/s
[m5_s1339_wave768] step  1680 loss 5.0629 lr 3.06e-04 gn 0.74 proj_gn 0.19 29,405 tok/s
[m5_s1339_wave768] step  1700 loss 5.1752 lr 3.00e-04 gn 0.77 proj_gn 0.18 29,305 tok/s
[m5_s1339_wave768] step  1720 loss 4.9215 lr 2.94e-04 gn 0.67 proj_gn 0.19 29,351 tok/s
[m5_s1339_wave768] step  1740 loss 4.8884 lr 2.88e-04 gn 1.04 proj_gn 0.25 29,317 tok/s
[m5_s1339_wave768] step  1750 VAL 5.0207
[m5_s1339_wave768] step  1760 loss 5.1131 lr 2.82e-04 gn 0.75 proj_gn 0.18 29,334 tok/s
[m5_s1339_wave768] step  1780 loss 5.0031 lr 2.76e-04 gn 0.76 proj_gn 0.19 29,397 tok/s
[m5_s1339_wave768] step  1800 loss 5.0754 lr 2.70e-04 gn 0.73 proj_gn 0.17 29,354 tok/s
[m5_s1339_wave768] step  1820 loss 5.0570 lr 2.64e-04 gn 0.74 proj_gn 0.18 29,360 tok/s
[m5_s1339_wave768] step  1840 loss 5.0846 lr 2.58e-04 gn 0.76 proj_gn 0.20 29,384 tok/s
[m5_s1339_wave768] step  1860 loss 4.9589 lr 2.52e-04 gn 0.75 proj_gn 0.20 29,381 tok/s
[m5_s1339_wave768] step  1880 loss 4.8702 lr 2.47e-04 gn 0.86 proj_gn 0.20 29,408 tok/s
[m5_s1339_wave768] step  1900 loss 4.9581 lr 2.41e-04 gn 0.74 proj_gn 0.18 29,355 tok/s
[m5_s1339_wave768] step  1920 loss 5.1171 lr 2.35e-04 gn 0.73 proj_gn 0.16 29,332 tok/s
[m5_s1339_wave768] step  1940 loss 5.0062 lr 2.29e-04 gn 0.77 proj_gn 0.17 29,364 tok/s
[m5_s1339_wave768] step  1960 loss 4.9249 lr 2.24e-04 gn 0.78 proj_gn 0.18 29,362 tok/s
[m5_s1339_wave768] step  1980 loss 4.8945 lr 2.18e-04 gn 0.71 proj_gn 0.18 29,374 tok/s
[m5_s1339_wave768] step  2000 loss 4.9189 lr 2.13e-04 gn 0.74 proj_gn 0.17 29,369 tok/s
[m5_s1339_wave768] step  2000 VAL 4.9276
[m5_s1339_wave768] step  2020 loss 4.8900 lr 2.07e-04 gn 0.76 proj_gn 0.17 29,311 tok/s
[m5_s1339_wave768] step  2040 loss 4.8784 lr 2.02e-04 gn 0.72 proj_gn 0.18 29,366 tok/s
[m5_s1339_wave768] step  2060 loss 4.8691 lr 1.97e-04 gn 0.72 proj_gn 0.17 29,349 tok/s
[m5_s1339_wave768] step  2080 loss 4.8768 lr 1.92e-04 gn 0.96 proj_gn 0.26 29,365 tok/s
[m5_s1339_wave768] step  2100 loss 4.9515 lr 1.86e-04 gn 0.77 proj_gn 0.17 29,341 tok/s
[m5_s1339_wave768] step  2120 loss 4.8333 lr 1.81e-04 gn 0.76 proj_gn 0.18 29,367 tok/s
[m5_s1339_wave768] step  2140 loss 4.7267 lr 1.76e-04 gn 0.82 proj_gn 0.21 29,389 tok/s
[m5_s1339_wave768] step  2160 loss 4.9764 lr 1.71e-04 gn 0.79 proj_gn 0.18 29,335 tok/s
[m5_s1339_wave768] step  2180 loss 4.7847 lr 1.66e-04 gn 0.77 proj_gn 0.19 29,345 tok/s
[m5_s1339_wave768] step  2200 loss 4.8114 lr 1.62e-04 gn 0.79 proj_gn 0.17 29,332 tok/s
[m5_s1339_wave768] step  2220 loss 4.8116 lr 1.57e-04 gn 0.81 proj_gn 0.20 29,387 tok/s
[m5_s1339_wave768] step  2240 loss 5.0305 lr 1.52e-04 gn 0.81 proj_gn 0.16 29,373 tok/s
[m5_s1339_wave768] step  2250 VAL 4.8618
[m5_s1339_wave768] step  2260 loss 4.8516 lr 1.48e-04 gn 0.80 proj_gn 0.19 29,298 tok/s
[m5_s1339_wave768] step  2280 loss 4.6870 lr 1.43e-04 gn 0.85 proj_gn 0.20 29,399 tok/s
[m5_s1339_wave768] step  2300 loss 4.8346 lr 1.39e-04 gn 0.81 proj_gn 0.17 29,414 tok/s
[m5_s1339_wave768] step  2320 loss 4.7469 lr 1.35e-04 gn 0.79 proj_gn 0.17 29,348 tok/s
[m5_s1339_wave768] step  2340 loss 4.8339 lr 1.31e-04 gn 0.85 proj_gn 0.19 29,348 tok/s
[m5_s1339_wave768] step  2360 loss 4.5938 lr 1.27e-04 gn 0.83 proj_gn 0.21 29,346 tok/s
[m5_s1339_wave768] step  2380 loss 4.8898 lr 1.23e-04 gn 0.78 proj_gn 0.18 29,368 tok/s
[m5_s1339_wave768] step  2400 loss 4.9160 lr 1.19e-04 gn 0.80 proj_gn 0.16 29,384 tok/s
[m5_s1339_wave768] step  2420 loss 4.7843 lr 1.15e-04 gn 0.81 proj_gn 0.18 29,393 tok/s
[m5_s1339_wave768] step  2440 loss 4.8080 lr 1.12e-04 gn 0.80 proj_gn 0.17 29,341 tok/s
[m5_s1339_wave768] step  2460 loss 4.7986 lr 1.08e-04 gn 0.79 proj_gn 0.16 29,336 tok/s
[m5_s1339_wave768] step  2480 loss 4.7235 lr 1.05e-04 gn 0.80 proj_gn 0.17 29,333 tok/s
[m5_s1339_wave768] step  2500 loss 4.8174 lr 1.01e-04 gn 0.81 proj_gn 0.18 29,358 tok/s
[m5_s1339_wave768] step  2500 VAL 4.8063
[m5_s1339_wave768] step  2520 loss 4.9016 lr 9.82e-05 gn 0.84 proj_gn 0.19 29,387 tok/s
[m5_s1339_wave768] step  2540 loss 4.5997 lr 9.52e-05 gn 0.84 proj_gn 0.18 29,138 tok/s
[m5_s1339_wave768] step  2560 loss 4.9462 lr 9.22e-05 gn 0.78 proj_gn 0.17 29,322 tok/s
[m5_s1339_wave768] step  2580 loss 5.0646 lr 8.94e-05 gn 0.91 proj_gn 0.18 29,295 tok/s
[m5_s1339_wave768] step  2600 loss 4.8681 lr 8.67e-05 gn 0.84 proj_gn 0.16 29,324 tok/s
[m5_s1339_wave768] step  2620 loss 4.8666 lr 8.42e-05 gn 0.83 proj_gn 0.18 29,321 tok/s
[m5_s1339_wave768] step  2640 loss 4.7259 lr 8.17e-05 gn 0.78 proj_gn 0.17 29,381 tok/s
[m5_s1339_wave768] step  2660 loss 4.9917 lr 7.94e-05 gn 0.84 proj_gn 0.17 29,328 tok/s
[m5_s1339_wave768] step  2680 loss 4.7832 lr 7.72e-05 gn 0.80 proj_gn 0.17 29,377 tok/s
[m5_s1339_wave768] step  2700 loss 4.6622 lr 7.52e-05 gn 0.84 proj_gn 0.19 29,338 tok/s
[m5_s1339_wave768] step  2720 loss 4.7858 lr 7.32e-05 gn 0.80 proj_gn 0.16 29,363 tok/s
[m5_s1339_wave768] step  2740 loss 4.5813 lr 7.14e-05 gn 0.78 proj_gn 0.17 29,364 tok/s
[m5_s1339_wave768] step  2750 VAL 4.7725
[m5_s1339_wave768] step  2760 loss 4.7290 lr 6.97e-05 gn 0.88 proj_gn 0.21 29,337 tok/s
[m5_s1339_wave768] step  2780 loss 4.6338 lr 6.82e-05 gn 0.79 proj_gn 0.16 29,372 tok/s
[m5_s1339_wave768] step  2800 loss 4.7886 lr 6.68e-05 gn 0.81 proj_gn 0.19 29,349 tok/s
[m5_s1339_wave768] step  2820 loss 4.6100 lr 6.55e-05 gn 0.80 proj_gn 0.17 29,333 tok/s
[m5_s1339_wave768] step  2840 loss 4.7836 lr 6.43e-05 gn 0.85 proj_gn 0.19 29,354 tok/s
[m5_s1339_wave768] step  2860 loss 4.8300 lr 6.33e-05 gn 0.92 proj_gn 0.19 29,359 tok/s
[m5_s1339_wave768] step  2880 loss 4.8034 lr 6.24e-05 gn 0.87 proj_gn 0.18 29,349 tok/s
[m5_s1339_wave768] step  2900 loss 4.7239 lr 6.17e-05 gn 0.82 proj_gn 0.18 29,246 tok/s
[m5_s1339_wave768] step  2920 loss 4.8722 lr 6.11e-05 gn 0.85 proj_gn 0.18 29,344 tok/s
[m5_s1339_wave768] step  2940 loss 4.8254 lr 6.06e-05 gn 0.89 proj_gn 0.19 29,351 tok/s
[m5_s1339_wave768] step  2960 loss 4.8140 lr 6.03e-05 gn 0.89 proj_gn 0.17 29,322 tok/s
[m5_s1339_wave768] step  2980 loss 4.6491 lr 6.01e-05 gn 0.86 proj_gn 0.17 29,334 tok/s
[m5_s1339_wave768] step  2999 loss 4.7050 lr 6.00e-05 gn 0.86 proj_gn 0.16 29,342 tok/s
[m5_s1339_wave768] step  2999 VAL 4.7480
[m5_s1339_wave768] done: status=ok final_val=4.7480 wall=3389s -> results\m5_seeds\m5_s1339_wave768
