[mstab_onehot] device=cuda params={'total': 62924544, 'body': 11020032, 'lm_head': 50331648, 'embedding': 1572864} body_hash=4a6392274148
[mstab_onehot] step     0 loss 11.8628 lr 3.00e-06 gn 0.72 proj_gn 0.52 22,573 tok/s
[mstab_onehot] step     0 VAL 11.8619
[mstab_onehot] step    50 loss 9.8534 lr 1.53e-04 gn 1.15 proj_gn 0.07 27,730 tok/s
[mstab_onehot] step   100 loss 7.6544 lr 3.03e-04 gn 0.38 proj_gn 0.12 27,663 tok/s
[mstab_onehot] step   150 loss 6.9666 lr 4.53e-04 gn 0.42 proj_gn 0.29 27,672 tok/s
[mstab_onehot] step   200 loss 6.5746 lr 6.00e-04 gn 0.58 proj_gn 0.51 27,513 tok/s
[mstab_onehot] step   250 loss 6.2755 lr 6.00e-04 gn 0.51 proj_gn 0.44 27,513 tok/s
[mstab_onehot] step   250 VAL 6.2515
[mstab_onehot] step   300 loss 5.9470 lr 6.00e-04 gn 0.59 proj_gn 0.53 27,641 tok/s
[mstab_onehot] step   350 loss 5.8931 lr 6.00e-04 gn 0.58 proj_gn 0.50 27,502 tok/s
[mstab_onehot] step   400 loss 5.7693 lr 6.00e-04 gn 0.65 proj_gn 0.58 27,607 tok/s
[mstab_onehot] step   450 loss 5.8041 lr 6.00e-04 gn 0.65 proj_gn 0.58 27,583 tok/s
[mstab_onehot] step   500 loss 5.6799 lr 6.00e-04 gn 0.59 proj_gn 0.52 27,685 tok/s
[mstab_onehot] step   500 VAL 5.6698
[mstab_onehot] step   550 loss 5.7283 lr 6.00e-04 gn 0.60 proj_gn 0.53 27,732 tok/s
[mstab_onehot] step   600 loss 5.5088 lr 6.00e-04 gn 0.61 proj_gn 0.53 27,662 tok/s
[mstab_onehot] step   650 loss 5.5042 lr 5.99e-04 gn 0.66 proj_gn 0.57 27,548 tok/s
[mstab_onehot] step   700 loss 5.7088 lr 5.99e-04 gn 0.59 proj_gn 0.50 27,566 tok/s
[mstab_onehot] step   750 loss 5.5138 lr 5.99e-04 gn 0.61 proj_gn 0.50 27,883 tok/s
[mstab_onehot] step   750 VAL 5.4408
[mstab_onehot] step   800 loss 5.6548 lr 5.99e-04 gn 0.60 proj_gn 0.51 27,792 tok/s
[mstab_onehot] step   850 loss 5.6478 lr 5.99e-04 gn 0.67 proj_gn 0.58 27,684 tok/s
[mstab_onehot] step   900 loss 5.6022 lr 5.99e-04 gn 0.64 proj_gn 0.55 27,567 tok/s
[mstab_onehot] step   950 loss 5.5313 lr 5.99e-04 gn 0.67 proj_gn 0.56 27,558 tok/s
[mstab_onehot] step  1000 loss 5.3908 lr 5.98e-04 gn 0.62 proj_gn 0.53 27,733 tok/s
[mstab_onehot] step  1000 VAL 5.2908
[mstab_onehot] step  1050 loss 5.4642 lr 5.98e-04 gn 0.60 proj_gn 0.51 27,344 tok/s
[mstab_onehot] step  1100 loss 5.2913 lr 5.98e-04 gn 0.79 proj_gn 0.71 27,620 tok/s
[mstab_onehot] step  1150 loss 5.5971 lr 5.98e-04 gn 0.69 proj_gn 0.59 27,742 tok/s
[mstab_onehot] step  1200 loss 5.4162 lr 5.97e-04 gn 0.73 proj_gn 0.63 27,625 tok/s
[mstab_onehot] step  1250 loss 5.3406 lr 5.97e-04 gn 0.81 proj_gn 0.72 27,610 tok/s
[mstab_onehot] step  1250 VAL 5.1795
[mstab_onehot] step  1300 loss 5.3610 lr 5.97e-04 gn 0.85 proj_gn 0.75 27,716 tok/s
[mstab_onehot] step  1350 loss 5.1733 lr 5.97e-04 gn 0.63 proj_gn 0.54 27,693 tok/s
[mstab_onehot] step  1400 loss 5.1861 lr 5.96e-04 gn 1.34 proj_gn 1.27 27,671 tok/s
[mstab_onehot] step  1450 loss 5.2726 lr 5.96e-04 gn 0.76 proj_gn 0.67 27,611 tok/s
[mstab_onehot] step  1500 loss 5.0673 lr 5.96e-04 gn 0.74 proj_gn 0.63 27,688 tok/s
[mstab_onehot] step  1500 VAL 5.0510
[mstab_onehot] step  1550 loss 5.1343 lr 5.95e-04 gn 0.87 proj_gn 0.78 27,605 tok/s
[mstab_onehot] step  1600 loss 5.3279 lr 5.95e-04 gn 0.82 proj_gn 0.70 27,692 tok/s
[mstab_onehot] step  1650 loss 5.0441 lr 5.95e-04 gn 0.76 proj_gn 0.66 27,704 tok/s
[mstab_onehot] step  1700 loss 4.8379 lr 5.94e-04 gn 0.86 proj_gn 0.77 27,619 tok/s
[mstab_onehot] step  1750 loss 4.9434 lr 5.94e-04 gn 0.85 proj_gn 0.75 27,564 tok/s
[mstab_onehot] step  1750 VAL 4.9523
[mstab_onehot] step  1800 loss 5.2133 lr 5.93e-04 gn 0.97 proj_gn 0.86 27,591 tok/s
[mstab_onehot] step  1850 loss 4.9237 lr 5.93e-04 gn 0.81 proj_gn 0.68 27,640 tok/s
[mstab_onehot] step  1900 loss 4.6662 lr 5.93e-04 gn 0.83 proj_gn 0.72 27,769 tok/s
[mstab_onehot] step  1950 loss 4.9713 lr 5.92e-04 gn 1.32 proj_gn 1.22 27,703 tok/s
[mstab_onehot] step  2000 loss 4.9551 lr 5.92e-04 gn 0.74 proj_gn 0.60 27,659 tok/s
[mstab_onehot] step  2000 VAL 4.8383
[mstab_onehot] step  2050 loss 4.8896 lr 5.91e-04 gn 1.17 proj_gn 1.04 27,666 tok/s
[mstab_onehot] step  2100 loss 5.0218 lr 5.91e-04 gn 1.07 proj_gn 0.94 27,791 tok/s
[mstab_onehot] step  2150 loss 4.8942 lr 5.90e-04 gn 1.02 proj_gn 0.91 27,730 tok/s
[mstab_onehot] step  2200 loss 5.0267 lr 5.90e-04 gn 0.91 proj_gn 0.75 27,687 tok/s
[mstab_onehot] step  2250 loss 4.8062 lr 5.89e-04 gn 0.96 proj_gn 0.84 27,642 tok/s
[mstab_onehot] step  2250 VAL 4.7476
[mstab_onehot] step  2300 loss 4.7400 lr 5.89e-04 gn 0.95 proj_gn 0.81 27,667 tok/s
[mstab_onehot] step  2350 loss 4.8089 lr 5.88e-04 gn 0.86 proj_gn 0.72 27,634 tok/s
[mstab_onehot] step  2400 loss 4.8476 lr 5.88e-04 gn 0.90 proj_gn 0.77 27,617 tok/s
[mstab_onehot] step  2450 loss 4.5262 lr 5.87e-04 gn 1.49 proj_gn 1.39 27,666 tok/s
[mstab_onehot] step  2500 loss 4.6567 lr 5.87e-04 gn 0.88 proj_gn 0.73 27,783 tok/s
[mstab_onehot] step  2500 VAL 4.6676
[mstab_onehot] step  2550 loss 4.8740 lr 5.86e-04 gn 1.15 proj_gn 1.03 27,774 tok/s
[mstab_onehot] step  2600 loss 4.6969 lr 5.85e-04 gn 0.85 proj_gn 0.70 27,717 tok/s
[mstab_onehot] step  2650 loss 4.6815 lr 5.85e-04 gn 1.14 proj_gn 1.02 27,666 tok/s
[mstab_onehot] step  2700 loss 4.7467 lr 5.84e-04 gn 0.92 proj_gn 0.78 27,621 tok/s
[mstab_onehot] step  2750 loss 4.9477 lr 5.84e-04 gn 0.96 proj_gn 0.79 27,643 tok/s
[mstab_onehot] step  2750 VAL 4.5910
[mstab_onehot] step  2800 loss 4.7977 lr 5.83e-04 gn 1.07 proj_gn 0.93 27,709 tok/s
[mstab_onehot] step  2850 loss 4.5000 lr 5.82e-04 gn 0.84 proj_gn 0.68 27,664 tok/s
[mstab_onehot] step  2900 loss 4.4000 lr 5.82e-04 gn 0.91 proj_gn 0.76 27,617 tok/s
[mstab_onehot] step  2950 loss 4.5467 lr 5.81e-04 gn 1.19 proj_gn 1.05 27,543 tok/s
[mstab_onehot] step  3000 loss 4.5415 lr 5.80e-04 gn 0.82 proj_gn 0.65 27,602 tok/s
[mstab_onehot] step  3000 VAL 4.5101
[mstab_onehot] step  3050 loss 4.8685 lr 5.79e-04 gn 0.95 proj_gn 0.75 27,600 tok/s
[mstab_onehot] step  3100 loss 4.5649 lr 5.79e-04 gn 1.16 proj_gn 0.98 27,754 tok/s
[mstab_onehot] step  3150 loss 4.4530 lr 5.78e-04 gn 0.92 proj_gn 0.74 27,601 tok/s
[mstab_onehot] step  3200 loss 4.3889 lr 5.77e-04 gn 1.19 proj_gn 1.04 27,578 tok/s
[mstab_onehot] step  3250 loss 4.4172 lr 5.77e-04 gn 0.90 proj_gn 0.71 27,732 tok/s
[mstab_onehot] step  3250 VAL 4.4368
[mstab_onehot] step  3300 loss 4.4238 lr 5.76e-04 gn 1.03 proj_gn 0.85 27,654 tok/s
[mstab_onehot] step  3350 loss 4.5098 lr 5.75e-04 gn 1.01 proj_gn 0.85 27,670 tok/s
[mstab_onehot] step  3400 loss 4.2849 lr 5.74e-04 gn 0.82 proj_gn 0.64 27,632 tok/s
[mstab_onehot] step  3450 loss 4.7480 lr 5.73e-04 gn 1.02 proj_gn 0.83 27,615 tok/s
[mstab_onehot] step  3500 loss 4.4327 lr 5.73e-04 gn 0.86 proj_gn 0.66 27,717 tok/s
[mstab_onehot] step  3500 VAL 4.3799
[mstab_onehot] step  3550 loss 4.7801 lr 5.72e-04 gn 0.87 proj_gn 0.67 27,660 tok/s
[mstab_onehot] step  3600 loss 4.3402 lr 5.71e-04 gn 0.91 proj_gn 0.72 27,575 tok/s
[mstab_onehot] step  3650 loss 4.2262 lr 5.70e-04 gn 1.06 proj_gn 0.89 27,582 tok/s
[mstab_onehot] step  3700 loss 4.6097 lr 5.69e-04 gn 0.89 proj_gn 0.68 27,713 tok/s
[mstab_onehot] step  3750 loss 4.4798 lr 5.68e-04 gn 1.08 proj_gn 0.92 27,563 tok/s
[mstab_onehot] step  3750 VAL 4.3309
[mstab_onehot] step  3800 loss 4.3268 lr 5.67e-04 gn 0.81 proj_gn 0.60 27,574 tok/s
[mstab_onehot] step  3850 loss 4.4612 lr 5.67e-04 gn 0.96 proj_gn 0.78 27,633 tok/s
[mstab_onehot] step  3900 loss 4.4179 lr 5.66e-04 gn 1.04 proj_gn 0.87 27,531 tok/s
[mstab_onehot] step  3950 loss 4.5216 lr 5.65e-04 gn 0.94 proj_gn 0.74 27,586 tok/s
[mstab_onehot] step  4000 loss 4.2028 lr 5.64e-04 gn 0.87 proj_gn 0.67 27,596 tok/s
[mstab_onehot] step  4000 VAL 4.2822
[mstab_onehot] step  4050 loss 4.4038 lr 5.63e-04 gn 1.00 proj_gn 0.81 27,555 tok/s
[mstab_onehot] step  4100 loss 4.2559 lr 5.62e-04 gn 1.22 proj_gn 1.05 27,582 tok/s
[mstab_onehot] step  4150 loss 4.2545 lr 5.61e-04 gn 0.97 proj_gn 0.79 27,687 tok/s
[mstab_onehot] step  4200 loss 4.2492 lr 5.60e-04 gn 0.78 proj_gn 0.56 27,606 tok/s
[mstab_onehot] step  4250 loss 4.3527 lr 5.59e-04 gn 0.91 proj_gn 0.70 27,521 tok/s
[mstab_onehot] step  4250 VAL 4.2537
[mstab_onehot] step  4300 loss 4.3052 lr 5.58e-04 gn 0.87 proj_gn 0.65 27,643 tok/s
[mstab_onehot] step  4350 loss 4.5407 lr 5.57e-04 gn 0.80 proj_gn 0.59 27,554 tok/s
[mstab_onehot] step  4400 loss 4.1918 lr 5.56e-04 gn 0.87 proj_gn 0.66 27,568 tok/s
[mstab_onehot] step  4450 loss 4.1474 lr 5.55e-04 gn 0.96 proj_gn 0.76 27,583 tok/s
[mstab_onehot] step  4500 loss 4.3421 lr 5.54e-04 gn 0.90 proj_gn 0.71 27,614 tok/s
[mstab_onehot] step  4500 VAL 4.2164
[mstab_onehot] step  4550 loss 4.4354 lr 5.53e-04 gn 0.84 proj_gn 0.61 27,615 tok/s
[mstab_onehot] step  4600 loss 4.3878 lr 5.52e-04 gn 0.85 proj_gn 0.63 27,630 tok/s
[mstab_onehot] step  4650 loss 4.3012 lr 5.51e-04 gn 0.88 proj_gn 0.65 27,582 tok/s
[mstab_onehot] step  4700 loss 4.4127 lr 5.50e-04 gn 0.89 proj_gn 0.65 27,780 tok/s
[mstab_onehot] step  4750 loss 4.2523 lr 5.49e-04 gn 0.97 proj_gn 0.76 27,698 tok/s
[mstab_onehot] step  4750 VAL 4.1825
[mstab_onehot] step  4800 loss 4.2255 lr 5.48e-04 gn 1.07 proj_gn 0.88 27,390 tok/s
[mstab_onehot] step  4850 loss 4.0755 lr 5.46e-04 gn 1.01 proj_gn 0.82 27,640 tok/s
[mstab_onehot] step  4900 loss 4.2991 lr 5.45e-04 gn 0.81 proj_gn 0.58 27,614 tok/s
[mstab_onehot] step  4950 loss 4.1860 lr 5.44e-04 gn 0.86 proj_gn 0.63 27,650 tok/s
[mstab_onehot] step  5000 loss 4.1561 lr 5.43e-04 gn 0.91 proj_gn 0.68 27,725 tok/s
[mstab_onehot] step  5000 VAL 4.1554
[mstab_onehot] step  5050 loss 4.0755 lr 5.42e-04 gn 0.89 proj_gn 0.69 27,726 tok/s
[mstab_onehot] step  5100 loss 4.4666 lr 5.41e-04 gn 0.88 proj_gn 0.64 27,627 tok/s
[mstab_onehot] step  5150 loss 4.3049 lr 5.40e-04 gn 0.82 proj_gn 0.59 27,644 tok/s
[mstab_onehot] step  5200 loss 4.5334 lr 5.38e-04 gn 0.96 proj_gn 0.70 27,624 tok/s
[mstab_onehot] step  5250 loss 4.2247 lr 5.37e-04 gn 0.93 proj_gn 0.71 27,707 tok/s
[mstab_onehot] step  5250 VAL 4.1275
[mstab_onehot] step  5300 loss 4.2666 lr 5.36e-04 gn 0.86 proj_gn 0.60 27,710 tok/s
[mstab_onehot] step  5350 loss 4.2159 lr 5.35e-04 gn 0.83 proj_gn 0.58 27,664 tok/s
[mstab_onehot] step  5400 loss 4.2794 lr 5.34e-04 gn 0.92 proj_gn 0.72 27,581 tok/s
[mstab_onehot] step  5450 loss 4.2331 lr 5.32e-04 gn 0.82 proj_gn 0.61 27,591 tok/s
[mstab_onehot] step  5500 loss 4.2151 lr 5.31e-04 gn 0.85 proj_gn 0.60 27,799 tok/s
[mstab_onehot] step  5500 VAL 4.1060
[mstab_onehot] step  5550 loss 4.2556 lr 5.30e-04 gn 0.83 proj_gn 0.59 27,656 tok/s
[mstab_onehot] step  5600 loss 4.2122 lr 5.29e-04 gn 0.93 proj_gn 0.69 27,843 tok/s
[mstab_onehot] step  5650 loss 4.2542 lr 5.27e-04 gn 0.80 proj_gn 0.57 27,827 tok/s
[mstab_onehot] step  5700 loss 4.3422 lr 5.26e-04 gn 0.88 proj_gn 0.63 27,621 tok/s
[mstab_onehot] step  5750 loss 4.1906 lr 5.25e-04 gn 0.86 proj_gn 0.61 27,636 tok/s
[mstab_onehot] step  5750 VAL 4.0877
[mstab_onehot] step  5800 loss 4.1302 lr 5.24e-04 gn 0.86 proj_gn 0.64 27,593 tok/s
[mstab_onehot] step  5850 loss 3.9807 lr 5.22e-04 gn 0.91 proj_gn 0.66 27,620 tok/s
[mstab_onehot] step  5900 loss 4.0536 lr 5.21e-04 gn 0.83 proj_gn 0.57 27,794 tok/s
[mstab_onehot] step  5950 loss 4.1860 lr 5.20e-04 gn 0.87 proj_gn 0.61 27,626 tok/s
[mstab_onehot] step  6000 loss 3.8865 lr 5.18e-04 gn 0.79 proj_gn 0.55 27,609 tok/s
[mstab_onehot] step  6000 VAL 4.0688
[mstab_onehot] step  6050 loss 4.2801 lr 5.17e-04 gn 0.90 proj_gn 0.64 27,608 tok/s
[mstab_onehot] step  6100 loss 4.1605 lr 5.16e-04 gn 0.85 proj_gn 0.59 27,732 tok/s
[mstab_onehot] step  6150 loss 4.3478 lr 5.14e-04 gn 0.81 proj_gn 0.57 27,782 tok/s
[mstab_onehot] step  6200 loss 4.4038 lr 5.13e-04 gn 0.86 proj_gn 0.60 27,614 tok/s
[mstab_onehot] step  6250 loss 4.2596 lr 5.11e-04 gn 0.85 proj_gn 0.61 27,653 tok/s
[mstab_onehot] step  6250 VAL 4.0480
[mstab_onehot] step  6300 loss 4.1050 lr 5.10e-04 gn 0.88 proj_gn 0.63 27,604 tok/s
[mstab_onehot] step  6350 loss 4.0085 lr 5.09e-04 gn 0.86 proj_gn 0.62 27,618 tok/s
[mstab_onehot] step  6400 loss 4.2079 lr 5.07e-04 gn 0.80 proj_gn 0.56 27,736 tok/s
[mstab_onehot] step  6450 loss 4.0660 lr 5.06e-04 gn 0.90 proj_gn 0.66 27,647 tok/s
[mstab_onehot] step  6500 loss 3.9822 lr 5.05e-04 gn 0.99 proj_gn 0.72 27,638 tok/s
[mstab_onehot] step  6500 VAL 4.0299
[mstab_onehot] step  6550 loss 4.0731 lr 5.03e-04 gn 0.78 proj_gn 0.54 27,699 tok/s
[mstab_onehot] step  6600 loss 4.0718 lr 5.02e-04 gn 0.94 proj_gn 0.70 27,697 tok/s
[mstab_onehot] step  6650 loss 4.2086 lr 5.00e-04 gn 0.81 proj_gn 0.55 27,663 tok/s
[mstab_onehot] step  6700 loss 4.1227 lr 4.99e-04 gn 0.90 proj_gn 0.63 27,669 tok/s
[mstab_onehot] step  6750 loss 4.1874 lr 4.97e-04 gn 0.80 proj_gn 0.58 27,623 tok/s
[mstab_onehot] step  6750 VAL 4.0153
[mstab_onehot] step  6800 loss 3.9114 lr 4.96e-04 gn 0.82 proj_gn 0.57 27,561 tok/s
[mstab_onehot] step  6850 loss 4.2194 lr 4.94e-04 gn 0.86 proj_gn 0.60 27,601 tok/s
[mstab_onehot] step  6900 loss 4.0523 lr 4.93e-04 gn 0.85 proj_gn 0.60 27,747 tok/s
[mstab_onehot] step  6950 loss 4.1702 lr 4.91e-04 gn 0.83 proj_gn 0.58 27,568 tok/s
[mstab_onehot] step  7000 loss 4.1632 lr 4.90e-04 gn 0.80 proj_gn 0.55 27,645 tok/s
[mstab_onehot] step  7000 VAL 4.0032
[mstab_onehot] step  7050 loss 4.0578 lr 4.88e-04 gn 0.91 proj_gn 0.66 27,547 tok/s
[mstab_onehot] step  7100 loss 4.0445 lr 4.87e-04 gn 0.81 proj_gn 0.54 27,683 tok/s
[mstab_onehot] step  7150 loss 3.9347 lr 4.85e-04 gn 1.08 proj_gn 0.85 27,599 tok/s
[mstab_onehot] step  7200 loss 4.0420 lr 4.84e-04 gn 0.81 proj_gn 0.54 27,619 tok/s
[mstab_onehot] step  7250 loss 4.1007 lr 4.82e-04 gn 0.94 proj_gn 0.69 27,730 tok/s
[mstab_onehot] step  7250 VAL 3.9927
[mstab_onehot] step  7300 loss 4.1908 lr 4.81e-04 gn 0.81 proj_gn 0.55 27,753 tok/s
[mstab_onehot] step  7350 loss 4.1218 lr 4.79e-04 gn 0.87 proj_gn 0.58 27,625 tok/s
[mstab_onehot] step  7400 loss 4.3075 lr 4.78e-04 gn 0.84 proj_gn 0.54 27,575 tok/s
[mstab_onehot] step  7450 loss 4.2447 lr 4.76e-04 gn 0.87 proj_gn 0.58 27,668 tok/s
[mstab_onehot] step  7500 loss 4.2220 lr 4.75e-04 gn 0.82 proj_gn 0.55 27,655 tok/s
[mstab_onehot] step  7500 VAL 3.9776
[mstab_onehot] step  7550 loss 4.0949 lr 4.73e-04 gn 0.81 proj_gn 0.55 27,669 tok/s
[mstab_onehot] step  7600 loss 4.1633 lr 4.71e-04 gn 0.88 proj_gn 0.61 27,623 tok/s
[mstab_onehot] step  7650 loss 3.8733 lr 4.70e-04 gn 0.81 proj_gn 0.54 27,792 tok/s
[mstab_onehot] step  7700 loss 3.8143 lr 4.68e-04 gn 0.80 proj_gn 0.54 27,629 tok/s
[mstab_onehot] step  7750 loss 4.1683 lr 4.67e-04 gn 0.80 proj_gn 0.53 27,587 tok/s
[mstab_onehot] step  7750 VAL 3.9632
[mstab_onehot] step  7800 loss 4.0746 lr 4.65e-04 gn 0.82 proj_gn 0.55 27,732 tok/s
[mstab_onehot] step  7850 loss 3.9277 lr 4.63e-04 gn 1.00 proj_gn 0.68 27,600 tok/s
[mstab_onehot] step  7900 loss 4.1000 lr 4.62e-04 gn 0.81 proj_gn 0.53 27,617 tok/s
[mstab_onehot] step  7950 loss 4.1048 lr 4.60e-04 gn 0.81 proj_gn 0.55 27,726 tok/s
[mstab_onehot] step  8000 loss 4.0822 lr 4.59e-04 gn 0.99 proj_gn 0.72 27,713 tok/s
[mstab_onehot] step  8000 VAL 3.9523
[mstab_onehot] step  8050 loss 3.9020 lr 4.57e-04 gn 0.80 proj_gn 0.54 27,614 tok/s
[mstab_onehot] step  8100 loss 4.0351 lr 4.55e-04 gn 0.84 proj_gn 0.57 27,555 tok/s
[mstab_onehot] step  8150 loss 4.0411 lr 4.54e-04 gn 0.81 proj_gn 0.52 27,661 tok/s
[mstab_onehot] step  8200 loss 3.9809 lr 4.52e-04 gn 0.81 proj_gn 0.53 27,759 tok/s
[mstab_onehot] step  8250 loss 4.0309 lr 4.50e-04 gn 0.88 proj_gn 0.62 27,633 tok/s
[mstab_onehot] step  8250 VAL 3.9395
[mstab_onehot] step  8300 loss 4.0058 lr 4.49e-04 gn 0.86 proj_gn 0.56 27,572 tok/s
[mstab_onehot] step  8350 loss 4.2231 lr 4.47e-04 gn 0.85 proj_gn 0.56 27,641 tok/s
[mstab_onehot] step  8400 loss 4.0935 lr 4.45e-04 gn 0.84 proj_gn 0.56 27,684 tok/s
[mstab_onehot] step  8450 loss 4.2024 lr 4.44e-04 gn 0.91 proj_gn 0.62 28,034 tok/s
[mstab_onehot] step  8500 loss 4.1770 lr 4.42e-04 gn 1.05 proj_gn 0.79 27,577 tok/s
[mstab_onehot] step  8500 VAL 3.9340
[mstab_onehot] step  8550 loss 4.2615 lr 4.40e-04 gn 0.90 proj_gn 0.60 27,541 tok/s
[mstab_onehot] step  8600 loss 4.1733 lr 4.38e-04 gn 0.82 proj_gn 0.53 27,574 tok/s
[mstab_onehot] step  8650 loss 3.8100 lr 4.37e-04 gn 0.95 proj_gn 0.67 27,571 tok/s
[mstab_onehot] step  8700 loss 4.0778 lr 4.35e-04 gn 0.92 proj_gn 0.65 27,616 tok/s
[mstab_onehot] step  8750 loss 4.0093 lr 4.33e-04 gn 0.85 proj_gn 0.55 27,728 tok/s
[mstab_onehot] step  8750 VAL 3.9222
[mstab_onehot] step  8800 loss 3.8656 lr 4.32e-04 gn 0.83 proj_gn 0.56 27,672 tok/s
[mstab_onehot] step  8850 loss 3.8565 lr 4.30e-04 gn 0.82 proj_gn 0.54 27,639 tok/s
[mstab_onehot] step  8900 loss 4.1014 lr 4.28e-04 gn 0.82 proj_gn 0.52 27,625 tok/s
[mstab_onehot] step  8950 loss 3.8230 lr 4.26e-04 gn 0.82 proj_gn 0.53 27,770 tok/s
[mstab_onehot] step  9000 loss 3.9623 lr 4.25e-04 gn 0.84 proj_gn 0.55 27,543 tok/s
[mstab_onehot] step  9000 VAL 3.9075
[mstab_onehot] step  9050 loss 4.0813 lr 4.23e-04 gn 0.84 proj_gn 0.56 27,570 tok/s
[mstab_onehot] step  9100 loss 4.1106 lr 4.21e-04 gn 0.80 proj_gn 0.52 27,607 tok/s
[mstab_onehot] step  9150 loss 3.7515 lr 4.19e-04 gn 0.84 proj_gn 0.55 27,763 tok/s
[mstab_onehot] step  9200 loss 3.9528 lr 4.18e-04 gn 0.86 proj_gn 0.56 27,661 tok/s
[mstab_onehot] step  9250 loss 3.9874 lr 4.16e-04 gn 0.84 proj_gn 0.56 27,594 tok/s
[mstab_onehot] step  9250 VAL 3.9039
[mstab_onehot] step  9300 loss 4.0054 lr 4.14e-04 gn 0.90 proj_gn 0.59 27,642 tok/s
[mstab_onehot] step  9350 loss 4.1928 lr 4.12e-04 gn 0.82 proj_gn 0.52 27,653 tok/s
[mstab_onehot] step  9400 loss 3.8388 lr 4.11e-04 gn 0.88 proj_gn 0.59 27,646 tok/s
[mstab_onehot] step  9450 loss 4.0590 lr 4.09e-04 gn 0.86 proj_gn 0.57 27,626 tok/s
[mstab_onehot] step  9500 loss 3.9358 lr 4.07e-04 gn 0.82 proj_gn 0.55 27,626 tok/s
[mstab_onehot] step  9500 VAL 3.8953
[mstab_onehot] step  9550 loss 3.9388 lr 4.05e-04 gn 0.83 proj_gn 0.55 27,572 tok/s
[mstab_onehot] step  9600 loss 3.9351 lr 4.03e-04 gn 0.85 proj_gn 0.56 27,711 tok/s
[mstab_onehot] step  9650 loss 4.2121 lr 4.02e-04 gn 0.84 proj_gn 0.53 27,691 tok/s
[mstab_onehot] step  9700 loss 3.9173 lr 4.00e-04 gn 0.85 proj_gn 0.54 27,576 tok/s
[mstab_onehot] step  9750 loss 4.0162 lr 3.98e-04 gn 0.83 proj_gn 0.54 27,621 tok/s
[mstab_onehot] step  9750 VAL 3.8850
[mstab_onehot] step  9800 loss 4.1256 lr 3.96e-04 gn 0.89 proj_gn 0.59 27,619 tok/s
[mstab_onehot] step  9850 loss 3.8912 lr 3.94e-04 gn 0.86 proj_gn 0.55 27,655 tok/s
[mstab_onehot] step  9900 loss 3.7738 lr 3.93e-04 gn 0.85 proj_gn 0.57 27,546 tok/s
[mstab_onehot] step  9950 loss 3.8996 lr 3.91e-04 gn 0.89 proj_gn 0.57 27,687 tok/s
[mstab_onehot] step 10000 loss 3.8753 lr 3.89e-04 gn 0.84 proj_gn 0.54 27,779 tok/s
[mstab_onehot] step 10000 VAL 3.8743
[mstab_onehot] step 10050 loss 3.8506 lr 3.87e-04 gn 0.86 proj_gn 0.55 27,663 tok/s
[mstab_onehot] step 10100 loss 4.3050 lr 3.85e-04 gn 0.97 proj_gn 0.65 27,648 tok/s
[mstab_onehot] step 10150 loss 3.9985 lr 3.84e-04 gn 0.86 proj_gn 0.57 27,633 tok/s
[mstab_onehot] step 10200 loss 3.9271 lr 3.82e-04 gn 0.82 proj_gn 0.53 27,714 tok/s
[mstab_onehot] step 10250 loss 3.8872 lr 3.80e-04 gn 0.95 proj_gn 0.57 27,608 tok/s
[mstab_onehot] step 10250 VAL 3.8676
[mstab_onehot] step 10300 loss 4.0185 lr 3.78e-04 gn 0.85 proj_gn 0.55 27,611 tok/s
[mstab_onehot] step 10350 loss 4.0351 lr 3.76e-04 gn 0.87 proj_gn 0.56 27,658 tok/s
[mstab_onehot] step 10400 loss 3.8142 lr 3.74e-04 gn 0.84 proj_gn 0.54 27,642 tok/s
[mstab_onehot] step 10450 loss 4.0345 lr 3.73e-04 gn 0.86 proj_gn 0.57 27,760 tok/s
[mstab_onehot] step 10500 loss 4.1398 lr 3.71e-04 gn 0.83 proj_gn 0.52 27,590 tok/s
[mstab_onehot] step 10500 VAL 3.8632
[mstab_onehot] step 10550 loss 4.0246 lr 3.69e-04 gn 0.89 proj_gn 0.58 27,787 tok/s
[mstab_onehot] step 10600 loss 4.0597 lr 3.67e-04 gn 0.86 proj_gn 0.54 27,599 tok/s
[mstab_onehot] step 10650 loss 3.9763 lr 3.65e-04 gn 0.84 proj_gn 0.54 27,644 tok/s
[mstab_onehot] step 10700 loss 4.0294 lr 3.63e-04 gn 0.88 proj_gn 0.57 27,791 tok/s
[mstab_onehot] step 10750 loss 3.9742 lr 3.62e-04 gn 0.86 proj_gn 0.56 27,648 tok/s
[mstab_onehot] step 10750 VAL 3.8521
[mstab_onehot] step 10800 loss 3.9027 lr 3.60e-04 gn 0.88 proj_gn 0.58 27,659 tok/s
[mstab_onehot] step 10850 loss 3.9790 lr 3.58e-04 gn 0.88 proj_gn 0.57 27,542 tok/s
[mstab_onehot] step 10900 loss 3.8212 lr 3.56e-04 gn 0.89 proj_gn 0.56 27,617 tok/s
[mstab_onehot] step 10950 loss 3.8478 lr 3.54e-04 gn 0.84 proj_gn 0.54 27,683 tok/s
[mstab_onehot] step 11000 loss 3.6828 lr 3.52e-04 gn 0.85 proj_gn 0.56 27,648 tok/s
[mstab_onehot] step 11000 VAL 3.8437
[mstab_onehot] step 11050 loss 4.0752 lr 3.50e-04 gn 0.91 proj_gn 0.61 27,690 tok/s
[mstab_onehot] step 11100 loss 3.9803 lr 3.49e-04 gn 0.86 proj_gn 0.54 27,654 tok/s
[mstab_onehot] step 11150 loss 3.8699 lr 3.47e-04 gn 0.81 proj_gn 0.52 27,589 tok/s
[mstab_onehot] step 11200 loss 3.6700 lr 3.45e-04 gn 0.93 proj_gn 0.67 27,615 tok/s
[mstab_onehot] step 11250 loss 3.7793 lr 3.43e-04 gn 0.85 proj_gn 0.56 27,813 tok/s
[mstab_onehot] step 11250 VAL 3.8405
[mstab_onehot] step 11300 loss 3.8474 lr 3.41e-04 gn 0.88 proj_gn 0.58 27,734 tok/s
[mstab_onehot] step 11350 loss 3.9818 lr 3.39e-04 gn 0.89 proj_gn 0.58 27,640 tok/s
[mstab_onehot] step 11400 loss 3.9727 lr 3.37e-04 gn 0.87 proj_gn 0.57 27,681 tok/s
[mstab_onehot] step 11450 loss 4.0080 lr 3.36e-04 gn 0.86 proj_gn 0.55 27,628 tok/s
[mstab_onehot] step 11500 loss 3.9892 lr 3.34e-04 gn 0.84 proj_gn 0.53 27,661 tok/s
[mstab_onehot] step 11500 VAL 3.8307
[mstab_onehot] step 11550 loss 4.0182 lr 3.32e-04 gn 0.83 proj_gn 0.54 27,662 tok/s
[mstab_onehot] step 11600 loss 4.0788 lr 3.30e-04 gn 0.92 proj_gn 0.59 27,739 tok/s
[mstab_onehot] step 11650 loss 3.7413 lr 3.28e-04 gn 0.85 proj_gn 0.53 27,679 tok/s
[mstab_onehot] step 11700 loss 3.8173 lr 3.26e-04 gn 0.88 proj_gn 0.56 27,719 tok/s
[mstab_onehot] step 11750 loss 3.9172 lr 3.24e-04 gn 0.86 proj_gn 0.54 27,593 tok/s
[mstab_onehot] step 11750 VAL 3.8229
[mstab_onehot] step 11800 loss 3.8718 lr 3.23e-04 gn 0.87 proj_gn 0.56 27,700 tok/s
[mstab_onehot] step 11850 loss 4.0661 lr 3.21e-04 gn 0.89 proj_gn 0.55 27,600 tok/s
[mstab_onehot] step 11900 loss 4.0167 lr 3.19e-04 gn 0.87 proj_gn 0.55 27,778 tok/s
[mstab_onehot] step 11950 loss 4.1022 lr 3.17e-04 gn 0.92 proj_gn 0.58 27,712 tok/s
[mstab_onehot] step 12000 loss 3.9114 lr 3.15e-04 gn 0.87 proj_gn 0.55 27,627 tok/s
[mstab_onehot] step 12000 VAL 3.8154
[mstab_onehot] step 12050 loss 3.8481 lr 3.13e-04 gn 0.85 proj_gn 0.53 27,664 tok/s
[mstab_onehot] step 12100 loss 3.7974 lr 3.11e-04 gn 0.87 proj_gn 0.56 27,658 tok/s
[mstab_onehot] step 12150 loss 3.8420 lr 3.10e-04 gn 0.89 proj_gn 0.55 28,062 tok/s
[mstab_onehot] step 12200 loss 3.8944 lr 3.08e-04 gn 0.91 proj_gn 0.57 27,789 tok/s
[mstab_onehot] step 12250 loss 4.0170 lr 3.06e-04 gn 0.92 proj_gn 0.58 27,685 tok/s
[mstab_onehot] step 12250 VAL 3.8118
[mstab_onehot] step 12300 loss 3.7709 lr 3.04e-04 gn 0.88 proj_gn 0.56 27,725 tok/s
[mstab_onehot] step 12350 loss 4.0155 lr 3.02e-04 gn 0.90 proj_gn 0.56 27,578 tok/s
[mstab_onehot] step 12400 loss 3.8933 lr 3.00e-04 gn 0.92 proj_gn 0.58 27,596 tok/s
[mstab_onehot] step 12450 loss 4.1024 lr 2.98e-04 gn 0.95 proj_gn 0.60 27,670 tok/s
[mstab_onehot] step 12500 loss 3.7926 lr 2.97e-04 gn 0.88 proj_gn 0.57 27,685 tok/s
[mstab_onehot] step 12500 VAL 3.8059
[mstab_onehot] step 12550 loss 3.8117 lr 2.95e-04 gn 0.89 proj_gn 0.56 27,709 tok/s
[mstab_onehot] step 12600 loss 3.9566 lr 2.93e-04 gn 0.84 proj_gn 0.53 27,637 tok/s
[mstab_onehot] step 12650 loss 4.0104 lr 2.91e-04 gn 0.90 proj_gn 0.57 27,646 tok/s
[mstab_onehot] step 12700 loss 3.8852 lr 2.89e-04 gn 0.92 proj_gn 0.60 27,685 tok/s
[mstab_onehot] step 12750 loss 3.5686 lr 2.87e-04 gn 0.88 proj_gn 0.58 27,734 tok/s
[mstab_onehot] step 12750 VAL 3.7976
[mstab_onehot] step 12800 loss 3.8371 lr 2.86e-04 gn 0.89 proj_gn 0.56 27,755 tok/s
[mstab_onehot] step 12850 loss 3.8274 lr 2.84e-04 gn 0.91 proj_gn 0.60 27,626 tok/s
[mstab_onehot] step 12900 loss 3.9878 lr 2.82e-04 gn 0.86 proj_gn 0.54 27,611 tok/s
[mstab_onehot] step 12950 loss 3.7574 lr 2.80e-04 gn 0.89 proj_gn 0.57 27,680 tok/s
[mstab_onehot] step 13000 loss 3.8125 lr 2.78e-04 gn 0.91 proj_gn 0.59 27,642 tok/s
[mstab_onehot] step 13000 VAL 3.7918
[mstab_onehot] step 13050 loss 4.0468 lr 2.76e-04 gn 0.88 proj_gn 0.56 27,663 tok/s
[mstab_onehot] step 13100 loss 3.7661 lr 2.75e-04 gn 0.91 proj_gn 0.58 27,652 tok/s
[mstab_onehot] step 13150 loss 3.9738 lr 2.73e-04 gn 0.94 proj_gn 0.61 27,627 tok/s
[mstab_onehot] step 13200 loss 3.9585 lr 2.71e-04 gn 0.90 proj_gn 0.57 27,721 tok/s
[mstab_onehot] step 13250 loss 3.7252 lr 2.69e-04 gn 0.95 proj_gn 0.61 27,647 tok/s
[mstab_onehot] step 13250 VAL 3.7847
[mstab_onehot] step 13300 loss 3.8645 lr 2.67e-04 gn 0.88 proj_gn 0.54 27,742 tok/s
[mstab_onehot] step 13350 loss 3.9977 lr 2.66e-04 gn 0.88 proj_gn 0.54 27,602 tok/s
[mstab_onehot] step 13400 loss 3.8883 lr 2.64e-04 gn 0.89 proj_gn 0.56 27,595 tok/s
[mstab_onehot] step 13450 loss 3.9818 lr 2.62e-04 gn 0.90 proj_gn 0.58 27,697 tok/s
[mstab_onehot] step 13500 loss 3.7174 lr 2.60e-04 gn 0.87 proj_gn 0.58 27,664 tok/s
[mstab_onehot] step 13500 VAL 3.7793
[mstab_onehot] step 13550 loss 3.8058 lr 2.58e-04 gn 0.90 proj_gn 0.59 27,690 tok/s
[mstab_onehot] step 13600 loss 3.9510 lr 2.57e-04 gn 0.89 proj_gn 0.56 27,599 tok/s
[mstab_onehot] step 13650 loss 3.9597 lr 2.55e-04 gn 0.96 proj_gn 0.62 27,655 tok/s
[mstab_onehot] step 13700 loss 3.9452 lr 2.53e-04 gn 0.95 proj_gn 0.61 27,655 tok/s
[mstab_onehot] step 13750 loss 3.9367 lr 2.51e-04 gn 0.88 proj_gn 0.56 28,219 tok/s
[mstab_onehot] step 13750 VAL 3.7780
[mstab_onehot] step 13800 loss 3.9550 lr 2.49e-04 gn 0.91 proj_gn 0.58 27,766 tok/s
[mstab_onehot] step 13850 loss 3.9300 lr 2.48e-04 gn 0.93 proj_gn 0.58 27,581 tok/s
[mstab_onehot] step 13900 loss 4.0096 lr 2.46e-04 gn 0.95 proj_gn 0.62 27,635 tok/s
[mstab_onehot] step 13950 loss 3.8592 lr 2.44e-04 gn 0.95 proj_gn 0.63 27,620 tok/s
[mstab_onehot] step 14000 loss 3.7868 lr 2.42e-04 gn 1.03 proj_gn 0.75 27,763 tok/s
[mstab_onehot] step 14000 VAL 3.7691
[mstab_onehot] step 14050 loss 3.8073 lr 2.41e-04 gn 0.91 proj_gn 0.58 27,766 tok/s
[mstab_onehot] step 14100 loss 3.7475 lr 2.39e-04 gn 0.89 proj_gn 0.57 27,615 tok/s
[mstab_onehot] step 14150 loss 4.0153 lr 2.37e-04 gn 0.96 proj_gn 0.61 27,578 tok/s
[mstab_onehot] step 14200 loss 4.1205 lr 2.35e-04 gn 0.94 proj_gn 0.58 27,713 tok/s
[mstab_onehot] step 14250 loss 3.8417 lr 2.34e-04 gn 0.94 proj_gn 0.60 27,784 tok/s
[mstab_onehot] step 14250 VAL 3.7592
[mstab_onehot] step 14300 loss 3.8597 lr 2.32e-04 gn 0.93 proj_gn 0.59 27,736 tok/s
[mstab_onehot] step 14350 loss 3.7574 lr 2.30e-04 gn 0.91 proj_gn 0.58 27,655 tok/s
[mstab_onehot] step 14400 loss 3.6468 lr 2.28e-04 gn 0.97 proj_gn 0.64 27,629 tok/s
[mstab_onehot] step 14450 loss 3.6121 lr 2.27e-04 gn 0.94 proj_gn 0.58 27,608 tok/s
[mstab_onehot] step 14500 loss 3.7661 lr 2.25e-04 gn 0.88 proj_gn 0.56 27,635 tok/s
[mstab_onehot] step 14500 VAL 3.7547
[mstab_onehot] step 14550 loss 3.7231 lr 2.23e-04 gn 0.99 proj_gn 0.58 27,626 tok/s
[mstab_onehot] step 14600 loss 3.8296 lr 2.22e-04 gn 0.92 proj_gn 0.59 27,589 tok/s
[mstab_onehot] step 14650 loss 3.8554 lr 2.20e-04 gn 0.94 proj_gn 0.61 27,697 tok/s
[mstab_onehot] step 14700 loss 3.9550 lr 2.18e-04 gn 0.93 proj_gn 0.59 27,747 tok/s
[mstab_onehot] step 14750 loss 3.8587 lr 2.16e-04 gn 0.91 proj_gn 0.59 27,673 tok/s
[mstab_onehot] step 14750 VAL 3.7485
[mstab_onehot] step 14800 loss 3.9169 lr 2.15e-04 gn 0.91 proj_gn 0.56 27,902 tok/s
[mstab_onehot] step 14850 loss 3.8084 lr 2.13e-04 gn 0.92 proj_gn 0.59 27,702 tok/s
[mstab_onehot] step 14900 loss 4.0178 lr 2.11e-04 gn 0.93 proj_gn 0.58 27,610 tok/s
[mstab_onehot] step 14950 loss 3.9433 lr 2.10e-04 gn 0.95 proj_gn 0.61 27,624 tok/s
[mstab_onehot] step 15000 loss 3.8262 lr 2.08e-04 gn 0.92 proj_gn 0.59 27,653 tok/s
[mstab_onehot] step 15000 VAL 3.7437
[mstab_onehot] step 15050 loss 3.9708 lr 2.06e-04 gn 0.94 proj_gn 0.60 27,635 tok/s
[mstab_onehot] step 15100 loss 3.7573 lr 2.05e-04 gn 0.98 proj_gn 0.64 27,840 tok/s
[mstab_onehot] step 15150 loss 3.7309 lr 2.03e-04 gn 0.93 proj_gn 0.60 27,620 tok/s
[mstab_onehot] step 15200 loss 3.8762 lr 2.01e-04 gn 0.97 proj_gn 0.61 27,577 tok/s
[mstab_onehot] step 15250 loss 3.7475 lr 2.00e-04 gn 0.94 proj_gn 0.60 27,664 tok/s
[mstab_onehot] step 15250 VAL 3.7390
[mstab_onehot] step 15300 loss 3.7365 lr 1.98e-04 gn 0.92 proj_gn 0.57 27,624 tok/s
[mstab_onehot] step 15350 loss 3.8292 lr 1.97e-04 gn 0.93 proj_gn 0.58 27,773 tok/s
[mstab_onehot] step 15400 loss 3.8602 lr 1.95e-04 gn 0.95 proj_gn 0.61 27,600 tok/s
[mstab_onehot] step 15450 loss 3.8651 lr 1.93e-04 gn 0.94 proj_gn 0.60 27,616 tok/s
[mstab_onehot] step 15500 loss 3.8434 lr 1.92e-04 gn 0.96 proj_gn 0.60 27,649 tok/s
[mstab_onehot] step 15500 VAL 3.7335
[mstab_onehot] step 15550 loss 3.8618 lr 1.90e-04 gn 0.96 proj_gn 0.60 27,673 tok/s
[mstab_onehot] step 15600 loss 3.6637 lr 1.89e-04 gn 0.95 proj_gn 0.62 27,706 tok/s
[mstab_onehot] step 15650 loss 3.7926 lr 1.87e-04 gn 0.96 proj_gn 0.62 27,663 tok/s
[mstab_onehot] step 15700 loss 3.9242 lr 1.85e-04 gn 0.97 proj_gn 0.63 27,640 tok/s
[mstab_onehot] step 15750 loss 3.6010 lr 1.84e-04 gn 0.93 proj_gn 0.59 27,688 tok/s
[mstab_onehot] step 15750 VAL 3.7265
[mstab_onehot] step 15800 loss 4.0235 lr 1.82e-04 gn 0.93 proj_gn 0.59 27,770 tok/s
[mstab_onehot] step 15850 loss 3.7292 lr 1.81e-04 gn 0.95 proj_gn 0.61 27,604 tok/s
[mstab_onehot] step 15900 loss 3.6037 lr 1.79e-04 gn 1.02 proj_gn 0.71 27,567 tok/s
[mstab_onehot] step 15950 loss 3.8690 lr 1.78e-04 gn 0.94 proj_gn 0.60 27,619 tok/s
[mstab_onehot] step 16000 loss 3.9648 lr 1.76e-04 gn 0.98 proj_gn 0.62 27,711 tok/s
[mstab_onehot] step 16000 VAL 3.7196
[mstab_onehot] step 16050 loss 3.9391 lr 1.75e-04 gn 0.95 proj_gn 0.62 27,740 tok/s
[mstab_onehot] step 16100 loss 3.8110 lr 1.73e-04 gn 1.05 proj_gn 0.66 27,606 tok/s
[mstab_onehot] step 16150 loss 3.8252 lr 1.72e-04 gn 0.93 proj_gn 0.60 27,643 tok/s
[mstab_onehot] step 16200 loss 3.8104 lr 1.70e-04 gn 0.97 proj_gn 0.63 27,619 tok/s
[mstab_onehot] step 16250 loss 3.7449 lr 1.69e-04 gn 0.94 proj_gn 0.59 27,793 tok/s
[mstab_onehot] step 16250 VAL 3.7160
[mstab_onehot] step 16300 loss 3.8609 lr 1.67e-04 gn 0.95 proj_gn 0.64 27,771 tok/s
[mstab_onehot] step 16350 loss 3.8836 lr 1.66e-04 gn 1.00 proj_gn 0.64 27,616 tok/s
[mstab_onehot] step 16400 loss 3.9109 lr 1.64e-04 gn 0.95 proj_gn 0.58 27,685 tok/s
[mstab_onehot] step 16450 loss 4.0094 lr 1.63e-04 gn 0.97 proj_gn 0.62 27,643 tok/s
[mstab_onehot] step 16500 loss 3.8184 lr 1.61e-04 gn 0.94 proj_gn 0.61 27,711 tok/s
[mstab_onehot] step 16500 VAL 3.7132
[mstab_onehot] step 16550 loss 3.7938 lr 1.60e-04 gn 0.95 proj_gn 0.62 27,666 tok/s
[mstab_onehot] step 16600 loss 3.9220 lr 1.58e-04 gn 0.97 proj_gn 0.60 27,717 tok/s
[mstab_onehot] step 16650 loss 3.8420 lr 1.57e-04 gn 0.95 proj_gn 0.59 27,631 tok/s
[mstab_onehot] step 16700 loss 3.8667 lr 1.55e-04 gn 0.97 proj_gn 0.61 27,718 tok/s
[mstab_onehot] step 16750 loss 3.6207 lr 1.54e-04 gn 0.97 proj_gn 0.63 27,674 tok/s
[mstab_onehot] step 16750 VAL 3.7109
[mstab_onehot] step 16800 loss 3.6983 lr 1.53e-04 gn 0.96 proj_gn 0.62 27,614 tok/s
[mstab_onehot] step 16850 loss 3.8898 lr 1.51e-04 gn 0.96 proj_gn 0.60 27,811 tok/s
[mstab_onehot] step 16900 loss 3.7962 lr 1.50e-04 gn 0.95 proj_gn 0.62 27,612 tok/s
[mstab_onehot] step 16950 loss 3.5309 lr 1.49e-04 gn 0.93 proj_gn 0.60 27,642 tok/s
[mstab_onehot] step 17000 loss 3.8258 lr 1.47e-04 gn 0.95 proj_gn 0.59 27,622 tok/s
[mstab_onehot] step 17000 VAL 3.7019
[mstab_onehot] step 17050 loss 3.8650 lr 1.46e-04 gn 0.97 proj_gn 0.59 27,660 tok/s
[mstab_onehot] step 17100 loss 3.6051 lr 1.44e-04 gn 0.97 proj_gn 0.63 27,682 tok/s
[mstab_onehot] step 17150 loss 3.7508 lr 1.43e-04 gn 0.97 proj_gn 0.64 27,803 tok/s
[mstab_onehot] step 17200 loss 3.8450 lr 1.42e-04 gn 0.99 proj_gn 0.64 27,646 tok/s
[mstab_onehot] step 17250 loss 3.5566 lr 1.40e-04 gn 0.94 proj_gn 0.61 27,569 tok/s
[mstab_onehot] step 17250 VAL 3.6983
[mstab_onehot] step 17300 loss 3.8910 lr 1.39e-04 gn 0.99 proj_gn 0.65 27,711 tok/s
[mstab_onehot] step 17350 loss 3.7997 lr 1.38e-04 gn 1.01 proj_gn 0.63 27,636 tok/s
[mstab_onehot] step 17400 loss 3.7322 lr 1.36e-04 gn 0.98 proj_gn 0.63 27,828 tok/s
[mstab_onehot] step 17450 loss 3.6886 lr 1.35e-04 gn 0.99 proj_gn 0.62 27,640 tok/s
[mstab_onehot] step 17500 loss 3.7092 lr 1.34e-04 gn 0.96 proj_gn 0.61 27,626 tok/s
[mstab_onehot] step 17500 VAL 3.6933
[mstab_onehot] step 17550 loss 3.6456 lr 1.33e-04 gn 0.95 proj_gn 0.63 27,656 tok/s
[mstab_onehot] step 17600 loss 3.6957 lr 1.31e-04 gn 0.95 proj_gn 0.63 27,654 tok/s
[mstab_onehot] step 17650 loss 3.8668 lr 1.30e-04 gn 0.96 proj_gn 0.61 27,672 tok/s
[mstab_onehot] step 17700 loss 3.8177 lr 1.29e-04 gn 1.00 proj_gn 0.64 27,771 tok/s
[mstab_onehot] step 17750 loss 3.9775 lr 1.28e-04 gn 0.99 proj_gn 0.62 27,668 tok/s
[mstab_onehot] step 17750 VAL 3.6916
[mstab_onehot] step 17800 loss 3.8416 lr 1.26e-04 gn 0.98 proj_gn 0.63 27,625 tok/s
[mstab_onehot] step 17850 loss 3.6084 lr 1.25e-04 gn 0.97 proj_gn 0.62 27,635 tok/s
[mstab_onehot] step 17900 loss 3.7053 lr 1.24e-04 gn 1.00 proj_gn 0.64 27,655 tok/s
[mstab_onehot] step 17950 loss 3.8235 lr 1.23e-04 gn 0.96 proj_gn 0.61 27,623 tok/s
[mstab_onehot] step 18000 loss 3.8301 lr 1.22e-04 gn 0.96 proj_gn 0.62 27,830 tok/s
[mstab_onehot] step 18000 VAL 3.6859
[mstab_onehot] step 18050 loss 3.6299 lr 1.20e-04 gn 0.96 proj_gn 0.61 27,754 tok/s
[mstab_onehot] step 18100 loss 3.7125 lr 1.19e-04 gn 0.99 proj_gn 0.65 27,728 tok/s
[mstab_onehot] step 18150 loss 3.7027 lr 1.18e-04 gn 1.00 proj_gn 0.66 27,627 tok/s
[mstab_onehot] step 18200 loss 4.0068 lr 1.17e-04 gn 1.01 proj_gn 0.66 27,666 tok/s
[mstab_onehot] step 18250 loss 3.7174 lr 1.16e-04 gn 0.95 proj_gn 0.62 27,636 tok/s
[mstab_onehot] step 18250 VAL 3.6824
[mstab_onehot] step 18300 loss 3.6849 lr 1.15e-04 gn 1.03 proj_gn 0.70 27,730 tok/s
[mstab_onehot] step 18350 loss 3.8996 lr 1.14e-04 gn 0.98 proj_gn 0.63 27,723 tok/s
[mstab_onehot] step 18400 loss 3.6655 lr 1.12e-04 gn 0.97 proj_gn 0.63 27,699 tok/s
[mstab_onehot] step 18450 loss 3.8936 lr 1.11e-04 gn 1.02 proj_gn 0.67 27,820 tok/s
[mstab_onehot] step 18500 loss 3.7809 lr 1.10e-04 gn 0.97 proj_gn 0.62 27,585 tok/s
[mstab_onehot] step 18500 VAL 3.6801
[mstab_onehot] step 18550 loss 3.6512 lr 1.09e-04 gn 1.05 proj_gn 0.69 27,628 tok/s
[mstab_onehot] step 18600 loss 3.7844 lr 1.08e-04 gn 1.02 proj_gn 0.66 27,706 tok/s
[mstab_onehot] step 18650 loss 3.7407 lr 1.07e-04 gn 1.00 proj_gn 0.65 27,607 tok/s
[mstab_onehot] step 18700 loss 3.7797 lr 1.06e-04 gn 0.97 proj_gn 0.64 27,638 tok/s
[mstab_onehot] step 18750 loss 3.7849 lr 1.05e-04 gn 1.03 proj_gn 0.69 27,810 tok/s
[mstab_onehot] step 18750 VAL 3.6752
[mstab_onehot] step 18800 loss 3.7424 lr 1.04e-04 gn 0.98 proj_gn 0.64 27,741 tok/s
[mstab_onehot] step 18850 loss 3.5929 lr 1.03e-04 gn 0.98 proj_gn 0.64 27,632 tok/s
[mstab_onehot] step 18900 loss 3.7952 lr 1.02e-04 gn 0.98 proj_gn 0.63 27,631 tok/s
[mstab_onehot] step 18950 loss 3.6619 lr 1.01e-04 gn 1.00 proj_gn 0.65 27,628 tok/s
[mstab_onehot] step 19000 loss 3.7280 lr 1.00e-04 gn 1.02 proj_gn 0.68 27,593 tok/s
[mstab_onehot] step 19000 VAL 3.6731
[mstab_onehot] step 19050 loss 3.6335 lr 9.90e-05 gn 1.02 proj_gn 0.66 28,075 tok/s
[mstab_onehot] step 19100 loss 3.8394 lr 9.81e-05 gn 1.05 proj_gn 0.67 27,716 tok/s
[mstab_onehot] step 19150 loss 3.6972 lr 9.71e-05 gn 1.05 proj_gn 0.68 27,724 tok/s
[mstab_onehot] step 19200 loss 3.7658 lr 9.62e-05 gn 0.98 proj_gn 0.62 27,656 tok/s
[mstab_onehot] step 19250 loss 3.7558 lr 9.52e-05 gn 0.97 proj_gn 0.62 27,648 tok/s
[mstab_onehot] step 19250 VAL 3.6676
[mstab_onehot] step 19300 loss 3.8279 lr 9.43e-05 gn 1.01 proj_gn 0.65 27,637 tok/s
[mstab_onehot] step 19350 loss 3.7819 lr 9.34e-05 gn 1.05 proj_gn 0.70 27,627 tok/s
[mstab_onehot] step 19400 loss 3.6181 lr 9.25e-05 gn 0.98 proj_gn 0.64 27,703 tok/s
[mstab_onehot] step 19450 loss 3.7443 lr 9.17e-05 gn 1.00 proj_gn 0.65 27,740 tok/s
[mstab_onehot] step 19500 loss 3.6628 lr 9.08e-05 gn 1.00 proj_gn 0.66 27,642 tok/s
[mstab_onehot] step 19500 VAL 3.6663
[mstab_onehot] step 19550 loss 3.7817 lr 8.99e-05 gn 0.99 proj_gn 0.64 27,606 tok/s
[mstab_onehot] step 19600 loss 3.6610 lr 8.91e-05 gn 0.98 proj_gn 0.63 27,657 tok/s
[mstab_onehot] step 19650 loss 3.8991 lr 8.83e-05 gn 1.00 proj_gn 0.65 27,646 tok/s
[mstab_onehot] step 19700 loss 3.4978 lr 8.74e-05 gn 0.96 proj_gn 0.62 27,675 tok/s
[mstab_onehot] step 19750 loss 3.9399 lr 8.66e-05 gn 1.02 proj_gn 0.66 27,814 tok/s
[mstab_onehot] step 19750 VAL 3.6637
[mstab_onehot] step 19800 loss 3.7185 lr 8.58e-05 gn 0.98 proj_gn 0.64 27,769 tok/s
[mstab_onehot] step 19850 loss 3.8139 lr 8.50e-05 gn 1.00 proj_gn 0.64 27,808 tok/s
[mstab_onehot] step 19900 loss 3.8045 lr 8.43e-05 gn 1.02 proj_gn 0.68 27,681 tok/s
[mstab_onehot] step 19950 loss 3.8164 lr 8.35e-05 gn 1.01 proj_gn 0.65 27,630 tok/s
[mstab_onehot] step 20000 loss 3.6515 lr 8.27e-05 gn 0.99 proj_gn 0.65 27,620 tok/s
[mstab_onehot] step 20000 VAL 3.6586
[mstab_onehot] step 20050 loss 3.7070 lr 8.20e-05 gn 1.01 proj_gn 0.67 27,626 tok/s
[mstab_onehot] step 20100 loss 3.6692 lr 8.13e-05 gn 1.02 proj_gn 0.68 27,658 tok/s
[mstab_onehot] step 20150 loss 3.7605 lr 8.06e-05 gn 1.00 proj_gn 0.66 27,710 tok/s
[mstab_onehot] step 20200 loss 3.8847 lr 7.98e-05 gn 1.02 proj_gn 0.67 27,680 tok/s
[mstab_onehot] step 20250 loss 3.7649 lr 7.92e-05 gn 1.00 proj_gn 0.66 27,628 tok/s
[mstab_onehot] step 20250 VAL 3.6570
[mstab_onehot] step 20300 loss 3.6546 lr 7.85e-05 gn 0.99 proj_gn 0.65 27,643 tok/s
[mstab_onehot] step 20350 loss 3.5877 lr 7.78e-05 gn 0.99 proj_gn 0.64 28,158 tok/s
[mstab_onehot] step 20400 loss 3.6860 lr 7.71e-05 gn 1.00 proj_gn 0.65 27,669 tok/s
[mstab_onehot] step 20450 loss 3.6775 lr 7.65e-05 gn 0.99 proj_gn 0.65 27,727 tok/s
[mstab_onehot] step 20500 loss 3.6615 lr 7.59e-05 gn 0.99 proj_gn 0.64 27,668 tok/s
[mstab_onehot] step 20500 VAL 3.6554
[mstab_onehot] step 20550 loss 3.7745 lr 7.52e-05 gn 1.03 proj_gn 0.67 27,722 tok/s
[mstab_onehot] step 20600 loss 3.8101 lr 7.46e-05 gn 1.01 proj_gn 0.66 27,637 tok/s
[mstab_onehot] step 20650 loss 3.6705 lr 7.40e-05 gn 1.02 proj_gn 0.67 27,665 tok/s
[mstab_onehot] step 20700 loss 3.5195 lr 7.34e-05 gn 1.01 proj_gn 0.65 27,621 tok/s
[mstab_onehot] step 20750 loss 3.6922 lr 7.29e-05 gn 1.00 proj_gn 0.66 27,756 tok/s
[mstab_onehot] step 20750 VAL 3.6512
[mstab_onehot] step 20800 loss 3.9022 lr 7.23e-05 gn 1.03 proj_gn 0.68 27,728 tok/s
[mstab_onehot] step 20850 loss 3.9012 lr 7.18e-05 gn 0.99 proj_gn 0.64 27,745 tok/s
[mstab_onehot] step 20900 loss 3.7167 lr 7.12e-05 gn 1.00 proj_gn 0.65 27,646 tok/s
[mstab_onehot] step 20950 loss 3.6611 lr 7.07e-05 gn 1.01 proj_gn 0.67 27,656 tok/s
[mstab_onehot] step 21000 loss 3.5437 lr 7.02e-05 gn 1.05 proj_gn 0.70 27,673 tok/s
[mstab_onehot] step 21000 VAL 3.6492
[mstab_onehot] step 21050 loss 3.7187 lr 6.97e-05 gn 1.02 proj_gn 0.66 27,625 tok/s
[mstab_onehot] step 21100 loss 3.5991 lr 6.92e-05 gn 1.05 proj_gn 0.69 27,659 tok/s
[mstab_onehot] step 21150 loss 3.6836 lr 6.87e-05 gn 1.02 proj_gn 0.67 27,744 tok/s
[mstab_onehot] step 21200 loss 3.8153 lr 6.83e-05 gn 1.06 proj_gn 0.68 27,632 tok/s
[mstab_onehot] step 21250 loss 3.4393 lr 6.78e-05 gn 1.12 proj_gn 0.77 27,660 tok/s
[mstab_onehot] step 21250 VAL 3.6487
[mstab_onehot] step 21300 loss 3.5450 lr 6.74e-05 gn 1.05 proj_gn 0.69 27,617 tok/s
[mstab_onehot] step 21350 loss 3.8966 lr 6.69e-05 gn 1.02 proj_gn 0.67 27,630 tok/s
[mstab_onehot] step 21400 loss 3.7291 lr 6.65e-05 gn 1.05 proj_gn 0.69 27,699 tok/s
[mstab_onehot] step 21450 loss 3.7470 lr 6.61e-05 gn 1.08 proj_gn 0.70 27,706 tok/s
[mstab_onehot] step 21500 loss 3.8450 lr 6.57e-05 gn 1.07 proj_gn 0.72 27,700 tok/s
[mstab_onehot] step 21500 VAL 3.6440
[mstab_onehot] step 21550 loss 3.7519 lr 6.54e-05 gn 1.05 proj_gn 0.68 27,641 tok/s
[mstab_onehot] step 21600 loss 3.8180 lr 6.50e-05 gn 1.00 proj_gn 0.64 27,650 tok/s
[mstab_onehot] step 21650 loss 3.5600 lr 6.47e-05 gn 0.99 proj_gn 0.66 27,686 tok/s
[mstab_onehot] step 21700 loss 3.7415 lr 6.43e-05 gn 1.02 proj_gn 0.67 27,720 tok/s
[mstab_onehot] step 21750 loss 3.7851 lr 6.40e-05 gn 1.02 proj_gn 0.67 27,735 tok/s
[mstab_onehot] step 21750 VAL 3.6415
[mstab_onehot] step 21800 loss 3.8112 lr 6.37e-05 gn 1.03 proj_gn 0.69 27,743 tok/s
[mstab_onehot] step 21850 loss 3.6446 lr 6.34e-05 gn 1.04 proj_gn 0.69 27,376 tok/s
[mstab_onehot] step 21900 loss 3.6644 lr 6.31e-05 gn 1.06 proj_gn 0.71 27,612 tok/s
[mstab_onehot] step 21950 loss 3.8242 lr 6.28e-05 gn 1.03 proj_gn 0.69 27,748 tok/s
[mstab_onehot] step 22000 loss 3.7093 lr 6.26e-05 gn 1.03 proj_gn 0.68 27,792 tok/s
[mstab_onehot] step 22000 VAL 3.6407
[mstab_onehot] step 22050 loss 3.7107 lr 6.23e-05 gn 1.06 proj_gn 0.71 27,749 tok/s
[mstab_onehot] step 22100 loss 3.6938 lr 6.21e-05 gn 1.04 proj_gn 0.69 27,772 tok/s
[mstab_onehot] step 22150 loss 3.7730 lr 6.18e-05 gn 1.04 proj_gn 0.70 27,659 tok/s
[mstab_onehot] step 22200 loss 3.6206 lr 6.16e-05 gn 1.04 proj_gn 0.69 27,610 tok/s
[mstab_onehot] step 22250 loss 3.7740 lr 6.14e-05 gn 1.06 proj_gn 0.70 27,657 tok/s
[mstab_onehot] step 22250 VAL 3.6403
[mstab_onehot] step 22300 loss 3.4746 lr 6.13e-05 gn 1.02 proj_gn 0.67 27,880 tok/s
[mstab_onehot] step 22350 loss 3.8053 lr 6.11e-05 gn 1.08 proj_gn 0.71 27,653 tok/s
[mstab_onehot] step 22400 loss 3.7922 lr 6.09e-05 gn 1.03 proj_gn 0.68 27,627 tok/s
[mstab_onehot] step 22450 loss 3.7826 lr 6.08e-05 gn 1.06 proj_gn 0.70 27,692 tok/s
[mstab_onehot] step 22500 loss 3.8509 lr 6.06e-05 gn 1.04 proj_gn 0.69 27,821 tok/s
[mstab_onehot] step 22500 VAL 3.6373
[mstab_onehot] step 22550 loss 3.7568 lr 6.05e-05 gn 1.03 proj_gn 0.68 27,750 tok/s
[mstab_onehot] step 22600 loss 3.7961 lr 6.04e-05 gn 1.09 proj_gn 0.71 27,686 tok/s
[mstab_onehot] step 22650 loss 3.7220 lr 6.03e-05 gn 1.08 proj_gn 0.71 27,625 tok/s
[mstab_onehot] step 22700 loss 3.5692 lr 6.02e-05 gn 1.09 proj_gn 0.73 27,645 tok/s
[mstab_onehot] step 22750 loss 3.6564 lr 6.02e-05 gn 1.03 proj_gn 0.70 27,654 tok/s
[mstab_onehot] step 22750 VAL 3.6372
[mstab_onehot] step 22800 loss 3.7487 lr 6.01e-05 gn 1.05 proj_gn 0.69 27,621 tok/s
[mstab_onehot] step 22850 loss 3.6660 lr 6.01e-05 gn 1.10 proj_gn 0.73 27,675 tok/s
[mstab_onehot] step 22900 loss 3.8583 lr 6.00e-05 gn 1.04 proj_gn 0.70 27,702 tok/s
[mstab_onehot] step 22950 loss 3.5776 lr 6.00e-05 gn 1.06 proj_gn 0.72 27,730 tok/s
[mstab_onehot] step 22999 loss 3.8671 lr 6.00e-05 gn 1.06 proj_gn 0.70 27,631 tok/s
[mstab_onehot] step 22999 VAL 3.6356
[mstab_onehot] done: status=ok final_val=3.6356 wall=27509s -> results\mstab\mstab_onehot
