[m5_s1339_onehot] device=cuda params={'total': 62924544, 'body': 11020032, 'lm_head': 50331648, 'embedding': 1572864} body_hash=31cf9342cd74
[m5_s1339_onehot] step     0 loss 11.8443 lr 3.00e-06 gn 0.96 proj_gn 0.69 23,364 tok/s
[m5_s1339_onehot] step     0 VAL 11.8484
[m5_s1339_onehot] step    20 loss 11.3606 lr 6.30e-05 gn 0.98 proj_gn 0.42 29,158 tok/s
[m5_s1339_onehot] step    40 loss 10.3862 lr 1.23e-04 gn 1.11 proj_gn 0.10 29,148 tok/s
[m5_s1339_onehot] step    60 loss 9.1240 lr 1.83e-04 gn 1.05 proj_gn 0.05 29,154 tok/s
[m5_s1339_onehot] step    80 loss 8.1791 lr 2.43e-04 gn 0.81 proj_gn 0.06 29,172 tok/s
[m5_s1339_onehot] step   100 loss 7.6067 lr 3.03e-04 gn 0.64 proj_gn 0.52 29,144 tok/s
[m5_s1339_onehot] step   120 loss 7.2079 lr 3.63e-04 gn 0.34 proj_gn 0.20 29,157 tok/s
[m5_s1339_onehot] step   140 loss 7.0808 lr 4.23e-04 gn 0.55 proj_gn 0.46 29,167 tok/s
[m5_s1339_onehot] step   160 loss 6.9591 lr 4.83e-04 gn 0.54 proj_gn 0.45 29,136 tok/s
[m5_s1339_onehot] step   180 loss 6.8123 lr 5.43e-04 gn 0.53 proj_gn 0.45 29,159 tok/s
[m5_s1339_onehot] step   200 loss 6.6402 lr 6.00e-04 gn 0.60 proj_gn 0.52 29,157 tok/s
[m5_s1339_onehot] step   220 loss 6.5231 lr 6.00e-04 gn 0.58 proj_gn 0.51 29,166 tok/s
[m5_s1339_onehot] step   240 loss 6.5567 lr 6.00e-04 gn 0.70 proj_gn 0.62 29,162 tok/s
[m5_s1339_onehot] step   250 VAL 6.3383
[m5_s1339_onehot] step   260 loss 6.4260 lr 5.99e-04 gn 0.61 proj_gn 0.54 29,162 tok/s
[m5_s1339_onehot] step   280 loss 6.1404 lr 5.99e-04 gn 0.57 proj_gn 0.51 29,167 tok/s
[m5_s1339_onehot] step   300 loss 6.2797 lr 5.98e-04 gn 0.62 proj_gn 0.56 29,149 tok/s
[m5_s1339_onehot] step   320 loss 6.2467 lr 5.98e-04 gn 0.56 proj_gn 0.50 29,161 tok/s
[m5_s1339_onehot] step   340 loss 5.9540 lr 5.97e-04 gn 0.68 proj_gn 0.62 29,158 tok/s
[m5_s1339_onehot] step   360 loss 6.0193 lr 5.96e-04 gn 0.68 proj_gn 0.63 29,171 tok/s
[m5_s1339_onehot] step   380 loss 6.1332 lr 5.95e-04 gn 0.64 proj_gn 0.57 29,164 tok/s
[m5_s1339_onehot] step   400 loss 6.0747 lr 5.93e-04 gn 0.63 proj_gn 0.57 29,160 tok/s
[m5_s1339_onehot] step   420 loss 6.0610 lr 5.92e-04 gn 0.80 proj_gn 0.71 29,138 tok/s
[m5_s1339_onehot] step   440 loss 6.0152 lr 5.90e-04 gn 0.79 proj_gn 0.73 29,169 tok/s
[m5_s1339_onehot] step   460 loss 5.8971 lr 5.89e-04 gn 0.75 proj_gn 0.68 29,171 tok/s
[m5_s1339_onehot] step   480 loss 6.1581 lr 5.87e-04 gn 0.77 proj_gn 0.65 29,172 tok/s
[m5_s1339_onehot] step   500 loss 5.8333 lr 5.85e-04 gn 0.73 proj_gn 0.65 29,158 tok/s
[m5_s1339_onehot] step   500 VAL 5.8026
[m5_s1339_onehot] step   520 loss 5.8775 lr 5.83e-04 gn 0.65 proj_gn 0.58 29,165 tok/s
[m5_s1339_onehot] step   540 loss 5.7867 lr 5.81e-04 gn 0.84 proj_gn 0.78 29,159 tok/s
[m5_s1339_onehot] step   560 loss 5.8464 lr 5.78e-04 gn 0.68 proj_gn 0.60 29,156 tok/s
[m5_s1339_onehot] step   580 loss 5.8120 lr 5.76e-04 gn 0.60 proj_gn 0.53 29,164 tok/s
[m5_s1339_onehot] step   600 loss 6.0247 lr 5.73e-04 gn 0.68 proj_gn 0.60 29,134 tok/s
[m5_s1339_onehot] step   620 loss 5.7517 lr 5.71e-04 gn 0.70 proj_gn 0.62 29,156 tok/s
[m5_s1339_onehot] step   640 loss 5.5413 lr 5.68e-04 gn 0.66 proj_gn 0.59 29,174 tok/s
[m5_s1339_onehot] step   660 loss 5.5910 lr 5.65e-04 gn 0.67 proj_gn 0.58 29,172 tok/s
[m5_s1339_onehot] step   680 loss 5.8316 lr 5.62e-04 gn 0.60 proj_gn 0.52 29,166 tok/s
[m5_s1339_onehot] step   700 loss 5.5971 lr 5.59e-04 gn 0.69 proj_gn 0.61 29,184 tok/s
[m5_s1339_onehot] step   720 loss 5.6260 lr 5.55e-04 gn 0.64 proj_gn 0.56 29,154 tok/s
[m5_s1339_onehot] step   740 loss 5.6366 lr 5.52e-04 gn 0.71 proj_gn 0.63 29,144 tok/s
[m5_s1339_onehot] step   750 VAL 5.5856
[m5_s1339_onehot] step   760 loss 5.7067 lr 5.48e-04 gn 0.75 proj_gn 0.66 29,177 tok/s
[m5_s1339_onehot] step   780 loss 5.7183 lr 5.45e-04 gn 0.65 proj_gn 0.56 29,130 tok/s
[m5_s1339_onehot] step   800 loss 5.5384 lr 5.41e-04 gn 0.71 proj_gn 0.63 29,169 tok/s
[m5_s1339_onehot] step   820 loss 5.6842 lr 5.37e-04 gn 0.67 proj_gn 0.59 29,169 tok/s
[m5_s1339_onehot] step   840 loss 5.5070 lr 5.33e-04 gn 0.75 proj_gn 0.66 29,163 tok/s
[m5_s1339_onehot] step   860 loss 5.6061 lr 5.29e-04 gn 0.71 proj_gn 0.61 29,168 tok/s
[m5_s1339_onehot] step   880 loss 5.4943 lr 5.25e-04 gn 0.74 proj_gn 0.64 29,178 tok/s
[m5_s1339_onehot] step   900 loss 5.5694 lr 5.21e-04 gn 0.67 proj_gn 0.58 29,157 tok/s
[m5_s1339_onehot] step   920 loss 5.4542 lr 5.17e-04 gn 0.68 proj_gn 0.59 29,156 tok/s
[m5_s1339_onehot] step   940 loss 5.5743 lr 5.12e-04 gn 0.71 proj_gn 0.62 29,141 tok/s
[m5_s1339_onehot] step   960 loss 5.4417 lr 5.08e-04 gn 0.73 proj_gn 0.65 29,161 tok/s
[m5_s1339_onehot] step   980 loss 5.4192 lr 5.03e-04 gn 0.86 proj_gn 0.77 29,145 tok/s
[m5_s1339_onehot] step  1000 loss 5.3794 lr 4.98e-04 gn 0.84 proj_gn 0.75 29,179 tok/s
[m5_s1339_onehot] step  1000 VAL 5.4143
[m5_s1339_onehot] step  1020 loss 5.2933 lr 4.94e-04 gn 0.69 proj_gn 0.61 29,163 tok/s
[m5_s1339_onehot] step  1040 loss 5.3148 lr 4.89e-04 gn 1.02 proj_gn 0.95 29,167 tok/s
[m5_s1339_onehot] step  1060 loss 5.3506 lr 4.84e-04 gn 0.95 proj_gn 0.88 29,179 tok/s
[m5_s1339_onehot] step  1080 loss 5.2594 lr 4.79e-04 gn 0.84 proj_gn 0.76 29,167 tok/s
[m5_s1339_onehot] step  1100 loss 5.3704 lr 4.74e-04 gn 0.67 proj_gn 0.58 29,165 tok/s
[m5_s1339_onehot] step  1120 loss 5.2617 lr 4.68e-04 gn 1.04 proj_gn 0.97 29,166 tok/s
[m5_s1339_onehot] step  1140 loss 5.4867 lr 4.63e-04 gn 0.79 proj_gn 0.69 29,176 tok/s
[m5_s1339_onehot] step  1160 loss 5.4663 lr 4.58e-04 gn 1.11 proj_gn 1.04 29,169 tok/s
[m5_s1339_onehot] step  1180 loss 5.2505 lr 4.53e-04 gn 0.79 proj_gn 0.71 29,189 tok/s
[m5_s1339_onehot] step  1200 loss 5.3197 lr 4.47e-04 gn 1.23 proj_gn 1.17 29,157 tok/s
[m5_s1339_onehot] step  1220 loss 5.3797 lr 4.42e-04 gn 0.95 proj_gn 0.87 29,145 tok/s
[m5_s1339_onehot] step  1240 loss 5.2548 lr 4.36e-04 gn 1.37 proj_gn 1.31 29,174 tok/s
[m5_s1339_onehot] step  1250 VAL 5.2736
[m5_s1339_onehot] step  1260 loss 5.1103 lr 4.31e-04 gn 0.95 proj_gn 0.88 29,149 tok/s
[m5_s1339_onehot] step  1280 loss 5.3631 lr 4.25e-04 gn 1.26 proj_gn 1.19 29,164 tok/s
[m5_s1339_onehot] step  1300 loss 5.1427 lr 4.19e-04 gn 1.00 proj_gn 0.90 29,174 tok/s
[m5_s1339_onehot] step  1320 loss 5.1776 lr 4.13e-04 gn 1.41 proj_gn 1.35 29,171 tok/s
[m5_s1339_onehot] step  1340 loss 5.3612 lr 4.08e-04 gn 1.04 proj_gn 0.94 29,176 tok/s
[m5_s1339_onehot] step  1360 loss 5.2869 lr 4.02e-04 gn 1.00 proj_gn 0.92 29,159 tok/s
[m5_s1339_onehot] step  1380 loss 5.4514 lr 3.96e-04 gn 1.53 proj_gn 1.45 29,148 tok/s
[m5_s1339_onehot] step  1400 loss 5.2066 lr 3.90e-04 gn 0.85 proj_gn 0.75 29,161 tok/s
[m5_s1339_onehot] step  1420 loss 5.2192 lr 3.84e-04 gn 0.96 proj_gn 0.85 29,147 tok/s
[m5_s1339_onehot] step  1440 loss 5.2945 lr 3.78e-04 gn 0.90 proj_gn 0.77 29,148 tok/s
[m5_s1339_onehot] step  1460 loss 5.1540 lr 3.72e-04 gn 1.56 proj_gn 1.49 29,162 tok/s
[m5_s1339_onehot] step  1480 loss 5.2240 lr 3.66e-04 gn 0.85 proj_gn 0.74 29,147 tok/s
[m5_s1339_onehot] step  1500 loss 5.2991 lr 3.60e-04 gn 1.23 proj_gn 1.14 29,182 tok/s
[m5_s1339_onehot] step  1500 VAL 5.1580
[m5_s1339_onehot] step  1520 loss 4.9670 lr 3.54e-04 gn 0.90 proj_gn 0.80 29,135 tok/s
[m5_s1339_onehot] step  1540 loss 5.0846 lr 3.48e-04 gn 1.16 proj_gn 1.08 29,173 tok/s
[m5_s1339_onehot] step  1560 loss 5.1369 lr 3.42e-04 gn 0.94 proj_gn 0.85 29,168 tok/s
[m5_s1339_onehot] step  1580 loss 5.1627 lr 3.36e-04 gn 0.92 proj_gn 0.80 29,144 tok/s
[m5_s1339_onehot] step  1600 loss 5.1970 lr 3.30e-04 gn 0.97 proj_gn 0.86 29,176 tok/s
[m5_s1339_onehot] step  1620 loss 5.0592 lr 3.24e-04 gn 0.83 proj_gn 0.73 29,172 tok/s
[m5_s1339_onehot] step  1640 loss 5.2325 lr 3.18e-04 gn 1.82 proj_gn 1.76 29,188 tok/s
[m5_s1339_onehot] step  1660 loss 5.2500 lr 3.12e-04 gn 0.87 proj_gn 0.74 29,184 tok/s
[m5_s1339_onehot] step  1680 loss 5.1008 lr 3.06e-04 gn 0.92 proj_gn 0.79 29,169 tok/s
[m5_s1339_onehot] step  1700 loss 5.2110 lr 3.00e-04 gn 2.30 proj_gn 2.24 29,155 tok/s
[m5_s1339_onehot] step  1720 loss 4.9630 lr 2.94e-04 gn 1.05 proj_gn 0.95 29,193 tok/s
[m5_s1339_onehot] step  1740 loss 4.9456 lr 2.88e-04 gn 1.16 proj_gn 1.01 29,139 tok/s
[m5_s1339_onehot] step  1750 VAL 5.0674
[m5_s1339_onehot] step  1760 loss 5.1522 lr 2.82e-04 gn 1.12 proj_gn 1.00 29,180 tok/s
[m5_s1339_onehot] step  1780 loss 5.0404 lr 2.76e-04 gn 0.89 proj_gn 0.77 29,174 tok/s
[m5_s1339_onehot] step  1800 loss 5.1141 lr 2.70e-04 gn 1.11 proj_gn 1.01 29,160 tok/s
[m5_s1339_onehot] step  1820 loss 5.0921 lr 2.64e-04 gn 1.07 proj_gn 0.96 29,182 tok/s
[m5_s1339_onehot] step  1840 loss 5.1325 lr 2.58e-04 gn 1.05 proj_gn 0.91 29,184 tok/s
[m5_s1339_onehot] step  1860 loss 4.9979 lr 2.52e-04 gn 1.14 proj_gn 1.04 29,090 tok/s
[m5_s1339_onehot] step  1880 loss 4.9099 lr 2.47e-04 gn 1.15 proj_gn 1.05 29,178 tok/s
[m5_s1339_onehot] step  1900 loss 4.9827 lr 2.41e-04 gn 1.21 proj_gn 1.13 29,180 tok/s
[m5_s1339_onehot] step  1920 loss 5.1550 lr 2.35e-04 gn 0.95 proj_gn 0.81 29,139 tok/s
[m5_s1339_onehot] step  1940 loss 5.0568 lr 2.29e-04 gn 1.13 proj_gn 1.01 29,169 tok/s
[m5_s1339_onehot] step  1960 loss 4.9758 lr 2.24e-04 gn 1.02 proj_gn 0.90 29,158 tok/s
[m5_s1339_onehot] step  1980 loss 4.9436 lr 2.18e-04 gn 0.92 proj_gn 0.81 29,168 tok/s
[m5_s1339_onehot] step  2000 loss 4.9696 lr 2.13e-04 gn 1.24 proj_gn 1.15 29,149 tok/s
[m5_s1339_onehot] step  2000 VAL 4.9818
[m5_s1339_onehot] step  2020 loss 4.9374 lr 2.07e-04 gn 0.91 proj_gn 0.78 29,165 tok/s
[m5_s1339_onehot] step  2040 loss 4.9281 lr 2.02e-04 gn 0.97 proj_gn 0.85 29,166 tok/s
[m5_s1339_onehot] step  2060 loss 4.9193 lr 1.97e-04 gn 0.95 proj_gn 0.82 29,171 tok/s
[m5_s1339_onehot] step  2080 loss 4.9223 lr 1.92e-04 gn 0.89 proj_gn 0.76 29,159 tok/s
[m5_s1339_onehot] step  2100 loss 4.9957 lr 1.86e-04 gn 1.00 proj_gn 0.87 29,170 tok/s
[m5_s1339_onehot] step  2120 loss 4.8799 lr 1.81e-04 gn 1.12 proj_gn 1.01 29,154 tok/s
[m5_s1339_onehot] step  2140 loss 4.7876 lr 1.76e-04 gn 1.21 proj_gn 1.11 29,136 tok/s
[m5_s1339_onehot] step  2160 loss 5.0235 lr 1.71e-04 gn 1.18 proj_gn 1.07 29,173 tok/s
[m5_s1339_onehot] step  2180 loss 4.8393 lr 1.66e-04 gn 1.00 proj_gn 0.87 29,153 tok/s
[m5_s1339_onehot] step  2200 loss 4.8719 lr 1.62e-04 gn 1.29 proj_gn 1.19 29,182 tok/s
[m5_s1339_onehot] step  2220 loss 4.8626 lr 1.57e-04 gn 1.26 proj_gn 1.14 29,179 tok/s
[m5_s1339_onehot] step  2240 loss 5.0873 lr 1.52e-04 gn 0.93 proj_gn 0.78 29,161 tok/s
[m5_s1339_onehot] step  2250 VAL 4.9216
[m5_s1339_onehot] step  2260 loss 4.9049 lr 1.48e-04 gn 0.98 proj_gn 0.85 29,167 tok/s
[m5_s1339_onehot] step  2280 loss 4.7381 lr 1.43e-04 gn 1.09 proj_gn 0.96 29,166 tok/s
[m5_s1339_onehot] step  2300 loss 4.8876 lr 1.39e-04 gn 1.08 proj_gn 0.96 29,162 tok/s
[m5_s1339_onehot] step  2320 loss 4.8098 lr 1.35e-04 gn 1.00 proj_gn 0.88 29,160 tok/s
[m5_s1339_onehot] step  2340 loss 4.8987 lr 1.31e-04 gn 0.99 proj_gn 0.86 29,180 tok/s
[m5_s1339_onehot] step  2360 loss 4.6524 lr 1.27e-04 gn 1.06 proj_gn 0.94 29,152 tok/s
[m5_s1339_onehot] step  2380 loss 4.9539 lr 1.23e-04 gn 1.01 proj_gn 0.85 29,181 tok/s
[m5_s1339_onehot] step  2400 loss 4.9692 lr 1.19e-04 gn 0.96 proj_gn 0.81 29,156 tok/s
[m5_s1339_onehot] step  2420 loss 4.8415 lr 1.15e-04 gn 1.37 proj_gn 1.25 29,146 tok/s
[m5_s1339_onehot] step  2440 loss 4.8574 lr 1.12e-04 gn 1.08 proj_gn 0.96 29,167 tok/s
[m5_s1339_onehot] step  2460 loss 4.8653 lr 1.08e-04 gn 1.26 proj_gn 1.16 29,176 tok/s
[m5_s1339_onehot] step  2480 loss 4.7854 lr 1.05e-04 gn 1.14 proj_gn 1.02 29,166 tok/s
[m5_s1339_onehot] step  2500 loss 4.8846 lr 1.01e-04 gn 1.10 proj_gn 0.97 29,156 tok/s
[m5_s1339_onehot] step  2500 VAL 4.8740
[m5_s1339_onehot] step  2520 loss 4.9649 lr 9.82e-05 gn 1.06 proj_gn 0.91 29,162 tok/s
[m5_s1339_onehot] step  2540 loss 4.6674 lr 9.52e-05 gn 1.13 proj_gn 0.99 29,174 tok/s
[m5_s1339_onehot] step  2560 loss 4.9946 lr 9.22e-05 gn 0.91 proj_gn 0.77 29,164 tok/s
[m5_s1339_onehot] step  2580 loss 5.1204 lr 8.94e-05 gn 1.12 proj_gn 0.96 29,172 tok/s
[m5_s1339_onehot] step  2600 loss 4.9313 lr 8.67e-05 gn 1.03 proj_gn 0.88 29,168 tok/s
[m5_s1339_onehot] step  2620 loss 4.9180 lr 8.42e-05 gn 1.09 proj_gn 0.96 29,145 tok/s
[m5_s1339_onehot] step  2640 loss 4.7881 lr 8.17e-05 gn 0.98 proj_gn 0.85 29,171 tok/s
[m5_s1339_onehot] step  2660 loss 5.0607 lr 7.94e-05 gn 1.00 proj_gn 0.83 29,137 tok/s
[m5_s1339_onehot] step  2680 loss 4.8335 lr 7.72e-05 gn 1.09 proj_gn 0.95 29,190 tok/s
[m5_s1339_onehot] step  2700 loss 4.7215 lr 7.52e-05 gn 1.16 proj_gn 1.03 29,167 tok/s
[m5_s1339_onehot] step  2720 loss 4.8576 lr 7.32e-05 gn 1.18 proj_gn 1.05 29,155 tok/s
[m5_s1339_onehot] step  2740 loss 4.6466 lr 7.14e-05 gn 1.02 proj_gn 0.89 29,167 tok/s
[m5_s1339_onehot] step  2750 VAL 4.8442
[m5_s1339_onehot] step  2760 loss 4.7957 lr 6.97e-05 gn 1.09 proj_gn 0.95 29,173 tok/s
[m5_s1339_onehot] step  2780 loss 4.7027 lr 6.82e-05 gn 1.00 proj_gn 0.87 29,160 tok/s
[m5_s1339_onehot] step  2800 loss 4.8528 lr 6.68e-05 gn 0.98 proj_gn 0.84 29,148 tok/s
[m5_s1339_onehot] step  2820 loss 4.6809 lr 6.55e-05 gn 1.21 proj_gn 1.09 28,805 tok/s
[m5_s1339_onehot] step  2840 loss 4.8482 lr 6.43e-05 gn 1.23 proj_gn 1.12 29,160 tok/s
[m5_s1339_onehot] step  2860 loss 4.8843 lr 6.33e-05 gn 1.04 proj_gn 0.89 28,855 tok/s
[m5_s1339_onehot] step  2880 loss 4.8751 lr 6.24e-05 gn 1.18 proj_gn 1.04 29,192 tok/s
[m5_s1339_onehot] step  2900 loss 4.7844 lr 6.17e-05 gn 1.03 proj_gn 0.88 29,156 tok/s
[m5_s1339_onehot] step  2920 loss 4.9430 lr 6.11e-05 gn 0.99 proj_gn 0.83 29,174 tok/s
[m5_s1339_onehot] step  2940 loss 4.8764 lr 6.06e-05 gn 0.97 proj_gn 0.82 29,165 tok/s
[m5_s1339_onehot] step  2960 loss 4.8721 lr 6.03e-05 gn 1.01 proj_gn 0.86 29,147 tok/s
[m5_s1339_onehot] step  2980 loss 4.7181 lr 6.01e-05 gn 1.07 proj_gn 0.91 29,163 tok/s
[m5_s1339_onehot] step  2999 loss 4.7684 lr 6.00e-05 gn 1.00 proj_gn 0.84 29,165 tok/s
[m5_s1339_onehot] step  2999 VAL 4.8217
[m5_s1339_onehot] done: status=ok final_val=4.8217 wall=3406s -> results\m5\m5_s1339_onehot
