d_model=512, code_dim=4096, V=131,072
  codec  (onehot / wave)     2,097,152   target
  albert                   2,105,344   +0.39%   rank=16
  hash                     2,097,152   +0.00%   buckets=3584
  dense (reference)       67,108,864   32x

[m3_s1338_onehot] device=cuda params={'total': 107504640, 'body': 38298624, 'lm_head': 67108864, 'embedding': 2097152} body_hash=f2710faa97c6
[m3_s1338_onehot] step     0 loss 11.8755 lr 3.00e-06 gn 1.13 proj_gn 0.73 16,898 tok/s
[m3_s1338_onehot] step     0 VAL 11.8702
[m3_s1338_onehot] step    20 loss 11.0682 lr 6.30e-05 gn 1.12 proj_gn 0.18 20,044 tok/s
[m3_s1338_onehot] step    40 loss 9.9418 lr 1.23e-04 gn 1.06 proj_gn 0.08 20,032 tok/s
[m3_s1338_onehot] step    60 loss 8.5753 lr 1.83e-04 gn 0.83 proj_gn 0.09 20,054 tok/s
[m3_s1338_onehot] step    80 loss 7.8030 lr 2.43e-04 gn 0.54 proj_gn 0.28 20,022 tok/s
[m3_s1338_onehot] step   100 loss 7.3686 lr 3.03e-04 gn 0.48 proj_gn 0.33 20,057 tok/s
[m3_s1338_onehot] step   120 loss 7.0536 lr 3.63e-04 gn 0.37 proj_gn 0.21 19,996 tok/s
[m3_s1338_onehot] step   140 loss 6.7776 lr 4.23e-04 gn 0.62 proj_gn 0.52 20,056 tok/s
[m3_s1338_onehot] step   160 loss 6.5011 lr 4.83e-04 gn 0.65 proj_gn 0.53 20,024 tok/s
[m3_s1338_onehot] step   180 loss 6.4586 lr 5.43e-04 gn 0.64 proj_gn 0.55 20,051 tok/s
[m3_s1338_onehot] step   200 loss 6.3006 lr 6.00e-04 gn 0.61 proj_gn 0.50 20,020 tok/s
[m3_s1338_onehot] step   220 loss 6.2239 lr 6.00e-04 gn 0.59 proj_gn 0.51 20,055 tok/s
[m3_s1338_onehot] step   240 loss 6.2115 lr 6.00e-04 gn 0.64 proj_gn 0.54 20,076 tok/s
[m3_s1338_onehot] step   250 VAL 6.0257
[m3_s1338_onehot] step   260 loss 5.9527 lr 5.99e-04 gn 0.58 proj_gn 0.46 20,040 tok/s
[m3_s1338_onehot] step   280 loss 5.9911 lr 5.99e-04 gn 0.54 proj_gn 0.45 20,002 tok/s
[m3_s1338_onehot] step   300 loss 6.1564 lr 5.98e-04 gn 0.52 proj_gn 0.40 20,064 tok/s
[m3_s1338_onehot] step   320 loss 6.0082 lr 5.98e-04 gn 0.55 proj_gn 0.45 20,012 tok/s
[m3_s1338_onehot] step   340 loss 5.7432 lr 5.97e-04 gn 0.72 proj_gn 0.64 20,056 tok/s
[m3_s1338_onehot] step   360 loss 5.9397 lr 5.96e-04 gn 0.61 proj_gn 0.52 20,045 tok/s
[m3_s1338_onehot] step   380 loss 5.8640 lr 5.95e-04 gn 0.57 proj_gn 0.44 20,062 tok/s
[m3_s1338_onehot] step   400 loss 5.6629 lr 5.93e-04 gn 0.53 proj_gn 0.44 20,038 tok/s
[m3_s1338_onehot] step   420 loss 5.5907 lr 5.92e-04 gn 0.52 proj_gn 0.42 20,072 tok/s
[m3_s1338_onehot] step   440 loss 5.7313 lr 5.90e-04 gn 0.62 proj_gn 0.53 20,017 tok/s
[m3_s1338_onehot] step   460 loss 5.6168 lr 5.89e-04 gn 0.51 proj_gn 0.42 20,059 tok/s
[m3_s1338_onehot] step   480 loss 5.4416 lr 5.87e-04 gn 0.51 proj_gn 0.41 20,028 tok/s
[m3_s1338_onehot] step   500 loss 5.7401 lr 5.85e-04 gn 0.53 proj_gn 0.42 20,047 tok/s
[m3_s1338_onehot] step   500 VAL 5.5315
[m3_s1338_onehot] step   520 loss 5.6596 lr 5.83e-04 gn 0.49 proj_gn 0.37 20,010 tok/s
[m3_s1338_onehot] step   540 loss 5.5088 lr 5.81e-04 gn 0.50 proj_gn 0.39 20,076 tok/s
[m3_s1338_onehot] step   560 loss 5.4961 lr 5.78e-04 gn 0.52 proj_gn 0.43 20,020 tok/s
[m3_s1338_onehot] step   580 loss 5.7219 lr 5.76e-04 gn 0.49 proj_gn 0.37 20,051 tok/s
[m3_s1338_onehot] step   600 loss 5.5537 lr 5.73e-04 gn 0.49 proj_gn 0.38 20,027 tok/s
[m3_s1338_onehot] step   620 loss 5.6547 lr 5.71e-04 gn 0.47 proj_gn 0.36 20,059 tok/s
[m3_s1338_onehot] step   640 loss 5.6303 lr 5.68e-04 gn 0.48 proj_gn 0.36 20,026 tok/s
[m3_s1338_onehot] step   660 loss 5.4432 lr 5.65e-04 gn 0.53 proj_gn 0.43 20,052 tok/s
[m3_s1338_onehot] step   680 loss 5.4434 lr 5.62e-04 gn 0.46 proj_gn 0.34 20,051 tok/s
[m3_s1338_onehot] step   700 loss 5.3700 lr 5.59e-04 gn 0.47 proj_gn 0.37 20,064 tok/s
[m3_s1338_onehot] step   720 loss 5.2511 lr 5.55e-04 gn 0.53 proj_gn 0.43 20,065 tok/s
[m3_s1338_onehot] step   740 loss 5.6028 lr 5.52e-04 gn 0.48 proj_gn 0.36 20,006 tok/s
[m3_s1338_onehot] step   750 VAL 5.2987
[m3_s1338_onehot] step   760 loss 5.2359 lr 5.48e-04 gn 0.50 proj_gn 0.38 19,986 tok/s
[m3_s1338_onehot] step   780 loss 5.1058 lr 5.45e-04 gn 0.49 proj_gn 0.38 20,051 tok/s
[m3_s1338_onehot] step   800 loss 5.4938 lr 5.41e-04 gn 0.51 proj_gn 0.38 20,047 tok/s
[m3_s1338_onehot] step   820 loss 5.3368 lr 5.37e-04 gn 0.53 proj_gn 0.42 20,057 tok/s
[m3_s1338_onehot] step   840 loss 5.5261 lr 5.33e-04 gn 0.48 proj_gn 0.36 20,053 tok/s
[m3_s1338_onehot] step   860 loss 5.1971 lr 5.29e-04 gn 0.47 proj_gn 0.35 20,016 tok/s
[m3_s1338_onehot] step   880 loss 5.2942 lr 5.25e-04 gn 0.46 proj_gn 0.35 20,054 tok/s
[m3_s1338_onehot] step   900 loss 5.1893 lr 5.21e-04 gn 0.50 proj_gn 0.37 20,019 tok/s
[m3_s1338_onehot] step   920 loss 5.3499 lr 5.17e-04 gn 0.54 proj_gn 0.42 20,061 tok/s
[m3_s1338_onehot] step   940 loss 5.1902 lr 5.12e-04 gn 0.50 proj_gn 0.38 20,021 tok/s
[m3_s1338_onehot] step   960 loss 5.2978 lr 5.08e-04 gn 0.51 proj_gn 0.39 20,060 tok/s
[m3_s1338_onehot] step   980 loss 5.0368 lr 5.03e-04 gn 0.54 proj_gn 0.43 20,008 tok/s
[m3_s1338_onehot] step  1000 loss 5.2785 lr 4.98e-04 gn 0.49 proj_gn 0.36 20,071 tok/s
[m3_s1338_onehot] step  1000 VAL 5.1136
[m3_s1338_onehot] step  1020 loss 5.1511 lr 4.94e-04 gn 0.47 proj_gn 0.35 20,033 tok/s
[m3_s1338_onehot] step  1040 loss 4.9268 lr 4.89e-04 gn 0.55 proj_gn 0.43 20,062 tok/s
[m3_s1338_onehot] step  1060 loss 5.1025 lr 4.84e-04 gn 0.56 proj_gn 0.44 20,031 tok/s
[m3_s1338_onehot] step  1080 loss 5.3022 lr 4.79e-04 gn 0.51 proj_gn 0.38 20,062 tok/s
[m3_s1338_onehot] step  1100 loss 5.1059 lr 4.74e-04 gn 0.54 proj_gn 0.41 20,027 tok/s
[m3_s1338_onehot] step  1120 loss 5.0923 lr 4.68e-04 gn 0.57 proj_gn 0.45 20,040 tok/s
[m3_s1338_onehot] step  1140 loss 5.2545 lr 4.63e-04 gn 0.56 proj_gn 0.42 20,063 tok/s
[m3_s1338_onehot] step  1160 loss 4.9053 lr 4.58e-04 gn 0.52 proj_gn 0.39 20,026 tok/s
[m3_s1338_onehot] step  1180 loss 4.9995 lr 4.53e-04 gn 0.69 proj_gn 0.57 20,068 tok/s
[m3_s1338_onehot] step  1200 loss 5.0047 lr 4.47e-04 gn 0.56 proj_gn 0.45 20,059 tok/s
[m3_s1338_onehot] step  1220 loss 5.1132 lr 4.42e-04 gn 0.59 proj_gn 0.47 20,057 tok/s
[m3_s1338_onehot] step  1240 loss 4.7904 lr 4.36e-04 gn 0.60 proj_gn 0.48 20,052 tok/s
[m3_s1338_onehot] step  1250 VAL 4.9451
[m3_s1338_onehot] step  1260 loss 4.9892 lr 4.31e-04 gn 0.55 proj_gn 0.42 20,064 tok/s
[m3_s1338_onehot] step  1280 loss 4.9290 lr 4.25e-04 gn 0.59 proj_gn 0.46 20,046 tok/s
[m3_s1338_onehot] step  1300 loss 4.9895 lr 4.19e-04 gn 0.52 proj_gn 0.38 20,035 tok/s
[m3_s1338_onehot] step  1320 loss 5.0337 lr 4.13e-04 gn 0.56 proj_gn 0.41 20,063 tok/s
[m3_s1338_onehot] step  1340 loss 4.9465 lr 4.08e-04 gn 0.62 proj_gn 0.49 20,030 tok/s
[m3_s1338_onehot] step  1360 loss 5.1054 lr 4.02e-04 gn 0.62 proj_gn 0.47 20,055 tok/s
[m3_s1338_onehot] step  1380 loss 5.0382 lr 3.96e-04 gn 0.64 proj_gn 0.52 20,036 tok/s
[m3_s1338_onehot] step  1400 loss 5.0892 lr 3.90e-04 gn 0.59 proj_gn 0.45 20,055 tok/s
[m3_s1338_onehot] step  1420 loss 4.9129 lr 3.84e-04 gn 0.61 proj_gn 0.48 20,014 tok/s
[m3_s1338_onehot] step  1440 loss 4.8575 lr 3.78e-04 gn 0.60 proj_gn 0.46 20,050 tok/s
[m3_s1338_onehot] step  1460 loss 4.9372 lr 3.72e-04 gn 0.57 proj_gn 0.42 20,022 tok/s
[m3_s1338_onehot] step  1480 loss 4.7652 lr 3.66e-04 gn 0.60 proj_gn 0.47 20,048 tok/s
[m3_s1338_onehot] step  1500 loss 4.8319 lr 3.60e-04 gn 0.58 proj_gn 0.43 20,055 tok/s
[m3_s1338_onehot] step  1500 VAL 4.7837
[m3_s1338_onehot] step  1520 loss 4.8034 lr 3.54e-04 gn 0.54 proj_gn 0.40 20,056 tok/s
[m3_s1338_onehot] step  1540 loss 4.7534 lr 3.48e-04 gn 0.63 proj_gn 0.50 20,030 tok/s
[m3_s1338_onehot] step  1560 loss 4.9090 lr 3.42e-04 gn 0.73 proj_gn 0.62 20,041 tok/s
[m3_s1338_onehot] step  1580 loss 4.7765 lr 3.36e-04 gn 0.74 proj_gn 0.62 20,017 tok/s
[m3_s1338_onehot] step  1600 loss 4.7715 lr 3.30e-04 gn 0.62 proj_gn 0.48 20,064 tok/s
[m3_s1338_onehot] step  1620 loss 4.7540 lr 3.24e-04 gn 0.60 proj_gn 0.46 20,028 tok/s
[m3_s1338_onehot] step  1640 loss 4.8750 lr 3.18e-04 gn 0.57 proj_gn 0.43 20,063 tok/s
[m3_s1338_onehot] step  1660 loss 4.7941 lr 3.12e-04 gn 0.64 proj_gn 0.49 20,056 tok/s
[m3_s1338_onehot] step  1680 loss 4.7761 lr 3.06e-04 gn 0.57 proj_gn 0.42 20,020 tok/s
[m3_s1338_onehot] step  1700 loss 4.7854 lr 3.00e-04 gn 0.55 proj_gn 0.41 20,054 tok/s
[m3_s1338_onehot] step  1720 loss 4.7615 lr 2.94e-04 gn 0.66 proj_gn 0.52 20,030 tok/s
[m3_s1338_onehot] step  1740 loss 4.7239 lr 2.88e-04 gn 0.73 proj_gn 0.60 20,075 tok/s
[m3_s1338_onehot] step  1750 VAL 4.6486
[m3_s1338_onehot] step  1760 loss 4.6865 lr 2.82e-04 gn 0.66 proj_gn 0.50 20,043 tok/s
[m3_s1338_onehot] step  1780 loss 4.8295 lr 2.76e-04 gn 0.74 proj_gn 0.59 20,079 tok/s
[m3_s1338_onehot] step  1800 loss 4.7172 lr 2.70e-04 gn 0.67 proj_gn 0.53 20,014 tok/s
[m3_s1338_onehot] step  1820 loss 4.5962 lr 2.64e-04 gn 0.70 proj_gn 0.55 20,061 tok/s
[m3_s1338_onehot] step  1840 loss 4.7533 lr 2.58e-04 gn 0.64 proj_gn 0.48 20,003 tok/s
[m3_s1338_onehot] step  1860 loss 4.8170 lr 2.52e-04 gn 0.62 proj_gn 0.45 20,044 tok/s
[m3_s1338_onehot] step  1880 loss 4.9298 lr 2.47e-04 gn 0.88 proj_gn 0.73 20,023 tok/s
[m3_s1338_onehot] step  1900 loss 4.6944 lr 2.41e-04 gn 0.78 proj_gn 0.65 20,063 tok/s
[m3_s1338_onehot] step  1920 loss 4.5743 lr 2.35e-04 gn 0.66 proj_gn 0.50 20,016 tok/s
[m3_s1338_onehot] step  1940 loss 4.7473 lr 2.29e-04 gn 0.71 proj_gn 0.56 20,051 tok/s
[m3_s1338_onehot] step  1960 loss 4.7446 lr 2.24e-04 gn 0.66 proj_gn 0.49 20,054 tok/s
[m3_s1338_onehot] step  1980 loss 4.6387 lr 2.18e-04 gn 0.67 proj_gn 0.52 20,057 tok/s
[m3_s1338_onehot] step  2000 loss 4.5739 lr 2.13e-04 gn 0.71 proj_gn 0.56 20,058 tok/s
[m3_s1338_onehot] step  2000 VAL 4.5333
[m3_s1338_onehot] step  2020 loss 4.5173 lr 2.07e-04 gn 0.66 proj_gn 0.49 20,075 tok/s
[m3_s1338_onehot] step  2040 loss 4.6972 lr 2.02e-04 gn 0.86 proj_gn 0.71 20,015 tok/s
[m3_s1338_onehot] step  2060 loss 4.6025 lr 1.97e-04 gn 0.63 proj_gn 0.48 20,051 tok/s
[m3_s1338_onehot] step  2080 loss 4.4425 lr 1.92e-04 gn 0.65 proj_gn 0.49 20,044 tok/s
[m3_s1338_onehot] step  2100 loss 4.6083 lr 1.86e-04 gn 0.65 proj_gn 0.50 20,057 tok/s
[m3_s1338_onehot] step  2120 loss 4.5076 lr 1.81e-04 gn 0.68 proj_gn 0.51 20,055 tok/s
[m3_s1338_onehot] step  2140 loss 4.4460 lr 1.76e-04 gn 0.69 proj_gn 0.53 20,034 tok/s
[m3_s1338_onehot] step  2160 loss 4.5989 lr 1.71e-04 gn 0.72 proj_gn 0.58 20,070 tok/s
[m3_s1338_onehot] step  2180 loss 4.4760 lr 1.66e-04 gn 0.71 proj_gn 0.55 20,007 tok/s
[m3_s1338_onehot] step  2200 loss 4.5463 lr 1.62e-04 gn 0.77 proj_gn 0.62 20,050 tok/s
[m3_s1338_onehot] step  2220 loss 4.4146 lr 1.57e-04 gn 0.65 proj_gn 0.49 20,026 tok/s
[m3_s1338_onehot] step  2240 loss 4.3203 lr 1.52e-04 gn 0.79 proj_gn 0.66 20,066 tok/s
[m3_s1338_onehot] step  2250 VAL 4.4442
[m3_s1338_onehot] step  2260 loss 4.5676 lr 1.48e-04 gn 0.69 proj_gn 0.53 20,056 tok/s
[m3_s1338_onehot] step  2280 loss 4.6713 lr 1.43e-04 gn 0.70 proj_gn 0.53 20,059 tok/s
[m3_s1338_onehot] step  2300 loss 4.5053 lr 1.39e-04 gn 0.65 proj_gn 0.48 20,014 tok/s
[m3_s1338_onehot] step  2320 loss 4.6007 lr 1.35e-04 gn 0.75 proj_gn 0.59 20,032 tok/s
[m3_s1338_onehot] step  2340 loss 4.5871 lr 1.31e-04 gn 0.66 proj_gn 0.49 20,036 tok/s
[m3_s1338_onehot] step  2360 loss 4.4048 lr 1.27e-04 gn 0.70 proj_gn 0.52 20,053 tok/s
[m3_s1338_onehot] step  2380 loss 4.6966 lr 1.23e-04 gn 0.66 proj_gn 0.49 20,029 tok/s
[m3_s1338_onehot] step  2400 loss 4.5782 lr 1.19e-04 gn 0.70 proj_gn 0.53 20,064 tok/s
[m3_s1338_onehot] step  2420 loss 4.3490 lr 1.15e-04 gn 0.66 proj_gn 0.49 20,024 tok/s
[m3_s1338_onehot] step  2440 loss 4.6408 lr 1.12e-04 gn 0.80 proj_gn 0.66 20,066 tok/s
[m3_s1338_onehot] step  2460 loss 4.5113 lr 1.08e-04 gn 0.70 proj_gn 0.52 20,071 tok/s
[m3_s1338_onehot] step  2480 loss 4.6112 lr 1.05e-04 gn 0.65 proj_gn 0.48 20,062 tok/s
[m3_s1338_onehot] step  2500 loss 4.5429 lr 1.01e-04 gn 0.76 proj_gn 0.61 20,067 tok/s
[m3_s1338_onehot] step  2500 VAL 4.3785
[m3_s1338_onehot] step  2520 loss 4.6461 lr 9.82e-05 gn 0.66 proj_gn 0.49 20,064 tok/s
[m3_s1338_onehot] step  2540 loss 4.4176 lr 9.52e-05 gn 0.71 proj_gn 0.51 20,036 tok/s
[m3_s1338_onehot] step  2560 loss 4.7698 lr 9.22e-05 gn 0.72 proj_gn 0.55 20,040 tok/s
[m3_s1338_onehot] step  2580 loss 4.5457 lr 8.94e-05 gn 0.72 proj_gn 0.55 20,047 tok/s
[m3_s1338_onehot] step  2600 loss 4.5413 lr 8.67e-05 gn 0.63 proj_gn 0.47 20,062 tok/s
[m3_s1338_onehot] step  2620 loss 4.5759 lr 8.42e-05 gn 0.67 proj_gn 0.51 20,044 tok/s
[m3_s1338_onehot] step  2640 loss 4.2034 lr 8.17e-05 gn 0.80 proj_gn 0.64 20,064 tok/s
[m3_s1338_onehot] step  2660 loss 4.4663 lr 7.94e-05 gn 0.67 proj_gn 0.50 20,051 tok/s
[m3_s1338_onehot] step  2680 loss 4.5100 lr 7.72e-05 gn 0.69 proj_gn 0.51 20,006 tok/s
[m3_s1338_onehot] step  2700 loss 4.4994 lr 7.52e-05 gn 0.69 proj_gn 0.51 20,052 tok/s
[m3_s1338_onehot] step  2720 loss 4.6482 lr 7.32e-05 gn 0.70 proj_gn 0.52 20,035 tok/s
[m3_s1338_onehot] step  2740 loss 4.3223 lr 7.14e-05 gn 0.69 proj_gn 0.52 20,054 tok/s
[m3_s1338_onehot] step  2750 VAL 4.3323
[m3_s1338_onehot] step  2760 loss 4.5775 lr 6.97e-05 gn 0.79 proj_gn 0.63 20,057 tok/s
[m3_s1338_onehot] step  2780 loss 4.4358 lr 6.82e-05 gn 0.71 proj_gn 0.54 20,055 tok/s
[m3_s1338_onehot] step  2800 loss 4.2974 lr 6.68e-05 gn 0.69 proj_gn 0.52 20,036 tok/s
[m3_s1338_onehot] step  2820 loss 4.2590 lr 6.55e-05 gn 0.68 proj_gn 0.51 20,053 tok/s
[m3_s1338_onehot] step  2840 loss 4.2508 lr 6.43e-05 gn 0.72 proj_gn 0.55 20,029 tok/s
[m3_s1338_onehot] step  2860 loss 4.2878 lr 6.33e-05 gn 0.74 proj_gn 0.57 20,052 tok/s
[m3_s1338_onehot] step  2880 loss 4.3939 lr 6.24e-05 gn 0.70 proj_gn 0.54 20,038 tok/s
[m3_s1338_onehot] step  2900 loss 4.1299 lr 6.17e-05 gn 0.72 proj_gn 0.54 20,052 tok/s
[m3_s1338_onehot] step  2920 loss 4.2313 lr 6.11e-05 gn 0.76 proj_gn 0.57 20,057 tok/s
[m3_s1338_onehot] step  2940 loss 4.1858 lr 6.06e-05 gn 0.88 proj_gn 0.68 20,043 tok/s
[m3_s1338_onehot] step  2960 loss 4.3009 lr 6.03e-05 gn 0.67 proj_gn 0.51 20,053 tok/s
[m3_s1338_onehot] step  2980 loss 4.3317 lr 6.01e-05 gn 0.70 proj_gn 0.52 20,059 tok/s
[m3_s1338_onehot] step  2999 loss 4.4747 lr 6.00e-05 gn 0.72 proj_gn 0.53 20,015 tok/s
[m3_s1338_onehot] step  2999 VAL 4.3037
[m3_s1338_onehot] done: status=ok final_val=4.3037 wall=4964s -> results\m3_seeds\m3_s1338_onehot
