[m5_s1339_wave] device=cuda params={'total': 62924544, 'body': 11020032, 'lm_head': 50331648, 'embedding': 1572864} body_hash=31cf9342cd74
[m5_s1339_wave] step     0 loss 11.8692 lr 3.00e-06 gn 5.61 proj_gn 0.87 23,347 tok/s
[m5_s1339_wave] step     0 VAL 11.8453
[m5_s1339_wave] step    20 loss 11.1059 lr 6.30e-05 gn 1.21 proj_gn 0.06 29,169 tok/s
[m5_s1339_wave] step    40 loss 10.2202 lr 1.23e-04 gn 1.16 proj_gn 0.09 29,150 tok/s
[m5_s1339_wave] step    60 loss 8.9722 lr 1.83e-04 gn 1.11 proj_gn 0.12 29,172 tok/s
[m5_s1339_wave] step    80 loss 8.0962 lr 2.43e-04 gn 1.93 proj_gn 0.39 29,145 tok/s
[m5_s1339_wave] step   100 loss 7.5224 lr 3.03e-04 gn 0.53 proj_gn 0.15 29,157 tok/s
[m5_s1339_wave] step   120 loss 7.1705 lr 3.63e-04 gn 0.39 proj_gn 0.12 29,160 tok/s
[m5_s1339_wave] step   140 loss 7.0896 lr 4.23e-04 gn 0.54 proj_gn 0.20 29,181 tok/s
[m5_s1339_wave] step   160 loss 6.9907 lr 4.83e-04 gn 0.69 proj_gn 0.35 29,154 tok/s
[m5_s1339_wave] step   180 loss 6.8614 lr 5.43e-04 gn 0.47 proj_gn 0.19 29,169 tok/s
[m5_s1339_wave] step   200 loss 6.7451 lr 6.00e-04 gn 0.61 proj_gn 0.26 29,148 tok/s
[m5_s1339_wave] step   220 loss 6.6688 lr 6.00e-04 gn 0.47 proj_gn 0.21 29,165 tok/s
[m5_s1339_wave] step   240 loss 6.7123 lr 6.00e-04 gn 0.62 proj_gn 0.33 29,184 tok/s
[m5_s1339_wave] step   250 VAL 6.5154
[m5_s1339_wave] step   260 loss 6.6635 lr 5.99e-04 gn 2.25 proj_gn 1.29 29,161 tok/s
[m5_s1339_wave] step   280 loss 6.3677 lr 5.99e-04 gn 0.45 proj_gn 0.21 29,171 tok/s
[m5_s1339_wave] step   300 loss 6.4835 lr 5.98e-04 gn 0.51 proj_gn 0.23 29,136 tok/s
[m5_s1339_wave] step   320 loss 6.4606 lr 5.98e-04 gn 0.62 proj_gn 0.33 29,176 tok/s
[m5_s1339_wave] step   340 loss 6.2300 lr 5.97e-04 gn 0.61 proj_gn 0.32 29,153 tok/s
[m5_s1339_wave] step   360 loss 6.2660 lr 5.96e-04 gn 0.57 proj_gn 0.26 29,174 tok/s
[m5_s1339_wave] step   380 loss 6.3371 lr 5.95e-04 gn 0.57 proj_gn 0.24 29,151 tok/s
[m5_s1339_wave] step   400 loss 6.2988 lr 5.93e-04 gn 0.58 proj_gn 0.29 29,161 tok/s
[m5_s1339_wave] step   420 loss 6.2521 lr 5.92e-04 gn 0.55 proj_gn 0.25 29,127 tok/s
[m5_s1339_wave] step   440 loss 6.1995 lr 5.90e-04 gn 0.57 proj_gn 0.26 29,140 tok/s
[m5_s1339_wave] step   460 loss 6.0788 lr 5.89e-04 gn 0.51 proj_gn 0.20 29,169 tok/s
[m5_s1339_wave] step   480 loss 6.3325 lr 5.87e-04 gn 0.77 proj_gn 0.32 29,170 tok/s
[m5_s1339_wave] step   500 loss 6.0560 lr 5.85e-04 gn 0.71 proj_gn 0.26 29,170 tok/s
[m5_s1339_wave] step   500 VAL 5.9923
[m5_s1339_wave] step   520 loss 6.0427 lr 5.83e-04 gn 0.57 proj_gn 0.23 29,178 tok/s
[m5_s1339_wave] step   540 loss 5.9511 lr 5.81e-04 gn 0.55 proj_gn 0.25 29,166 tok/s
[m5_s1339_wave] step   560 loss 5.9823 lr 5.78e-04 gn 0.62 proj_gn 0.26 29,164 tok/s
[m5_s1339_wave] step   580 loss 5.9589 lr 5.76e-04 gn 0.59 proj_gn 0.23 29,146 tok/s
[m5_s1339_wave] step   600 loss 6.1460 lr 5.73e-04 gn 0.58 proj_gn 0.21 29,139 tok/s
[m5_s1339_wave] step   620 loss 5.8811 lr 5.71e-04 gn 0.56 proj_gn 0.22 29,188 tok/s
[m5_s1339_wave] step   640 loss 5.6678 lr 5.68e-04 gn 0.51 proj_gn 0.20 29,162 tok/s
[m5_s1339_wave] step   660 loss 5.7172 lr 5.65e-04 gn 0.54 proj_gn 0.20 29,167 tok/s
[m5_s1339_wave] step   680 loss 5.9446 lr 5.62e-04 gn 0.67 proj_gn 0.25 29,182 tok/s
[m5_s1339_wave] step   700 loss 5.6969 lr 5.59e-04 gn 0.62 proj_gn 0.25 29,168 tok/s
[m5_s1339_wave] step   720 loss 5.7146 lr 5.55e-04 gn 0.54 proj_gn 0.19 29,172 tok/s
[m5_s1339_wave] step   740 loss 5.7461 lr 5.52e-04 gn 0.60 proj_gn 0.23 29,174 tok/s
[m5_s1339_wave] step   750 VAL 5.6554
[m5_s1339_wave] step   760 loss 5.7719 lr 5.48e-04 gn 0.57 proj_gn 0.19 29,170 tok/s
[m5_s1339_wave] step   780 loss 5.7842 lr 5.45e-04 gn 0.55 proj_gn 0.19 29,181 tok/s
[m5_s1339_wave] step   800 loss 5.6220 lr 5.41e-04 gn 0.70 proj_gn 0.27 29,170 tok/s
[m5_s1339_wave] step   820 loss 5.7455 lr 5.37e-04 gn 0.52 proj_gn 0.18 29,161 tok/s
[m5_s1339_wave] step   840 loss 5.5745 lr 5.33e-04 gn 0.60 proj_gn 0.21 29,172 tok/s
[m5_s1339_wave] step   860 loss 5.6459 lr 5.29e-04 gn 0.53 proj_gn 0.16 29,140 tok/s
[m5_s1339_wave] step   880 loss 5.5588 lr 5.25e-04 gn 0.72 proj_gn 0.22 29,155 tok/s
[m5_s1339_wave] step   900 loss 5.6222 lr 5.21e-04 gn 0.55 proj_gn 0.18 29,149 tok/s
[m5_s1339_wave] step   920 loss 5.4898 lr 5.17e-04 gn 0.56 proj_gn 0.17 29,174 tok/s
[m5_s1339_wave] step   940 loss 5.6205 lr 5.12e-04 gn 0.61 proj_gn 0.19 29,172 tok/s
[m5_s1339_wave] step   960 loss 5.4880 lr 5.08e-04 gn 0.60 proj_gn 0.19 29,154 tok/s
[m5_s1339_wave] step   980 loss 5.4564 lr 5.03e-04 gn 0.63 proj_gn 0.19 29,183 tok/s
[m5_s1339_wave] step  1000 loss 5.4163 lr 4.98e-04 gn 0.63 proj_gn 0.18 29,168 tok/s
[m5_s1339_wave] step  1000 VAL 5.4480
[m5_s1339_wave] step  1020 loss 5.3411 lr 4.94e-04 gn 0.59 proj_gn 0.18 29,159 tok/s
[m5_s1339_wave] step  1040 loss 5.3590 lr 4.89e-04 gn 0.59 proj_gn 0.18 29,186 tok/s
[m5_s1339_wave] step  1060 loss 5.3854 lr 4.84e-04 gn 0.58 proj_gn 0.17 29,183 tok/s
[m5_s1339_wave] step  1080 loss 5.2951 lr 4.79e-04 gn 0.63 proj_gn 0.19 29,158 tok/s
[m5_s1339_wave] step  1100 loss 5.4143 lr 4.74e-04 gn 0.77 proj_gn 0.19 29,148 tok/s
[m5_s1339_wave] step  1120 loss 5.2854 lr 4.68e-04 gn 0.61 proj_gn 0.18 29,157 tok/s
[m5_s1339_wave] step  1140 loss 5.5172 lr 4.63e-04 gn 0.74 proj_gn 0.19 29,167 tok/s
[m5_s1339_wave] step  1160 loss 5.4891 lr 4.58e-04 gn 0.67 proj_gn 0.16 29,152 tok/s
[m5_s1339_wave] step  1180 loss 5.2770 lr 4.53e-04 gn 0.65 proj_gn 0.17 29,149 tok/s
[m5_s1339_wave] step  1200 loss 5.3426 lr 4.47e-04 gn 0.63 proj_gn 0.16 29,151 tok/s
[m5_s1339_wave] step  1220 loss 5.4005 lr 4.42e-04 gn 0.64 proj_gn 0.16 29,185 tok/s
[m5_s1339_wave] step  1240 loss 5.2588 lr 4.36e-04 gn 0.62 proj_gn 0.15 29,160 tok/s
[m5_s1339_wave] step  1250 VAL 5.2810
[m5_s1339_wave] step  1260 loss 5.1315 lr 4.31e-04 gn 0.64 proj_gn 0.16 29,159 tok/s
[m5_s1339_wave] step  1280 loss 5.3631 lr 4.25e-04 gn 0.64 proj_gn 0.14 29,170 tok/s
[m5_s1339_wave] step  1300 loss 5.1535 lr 4.19e-04 gn 0.69 proj_gn 0.21 29,149 tok/s
[m5_s1339_wave] step  1320 loss 5.1892 lr 4.13e-04 gn 0.63 proj_gn 0.15 29,167 tok/s
[m5_s1339_wave] step  1340 loss 5.3786 lr 4.08e-04 gn 0.76 proj_gn 0.21 29,172 tok/s
[m5_s1339_wave] step  1360 loss 5.3044 lr 4.02e-04 gn 0.65 proj_gn 0.17 29,146 tok/s
[m5_s1339_wave] step  1380 loss 5.4388 lr 3.96e-04 gn 0.73 proj_gn 0.15 29,163 tok/s
[m5_s1339_wave] step  1400 loss 5.2154 lr 3.90e-04 gn 0.64 proj_gn 0.15 29,149 tok/s
[m5_s1339_wave] step  1420 loss 5.2128 lr 3.84e-04 gn 0.70 proj_gn 0.16 29,147 tok/s
[m5_s1339_wave] step  1440 loss 5.3012 lr 3.78e-04 gn 0.77 proj_gn 0.18 29,158 tok/s
[m5_s1339_wave] step  1460 loss 5.1523 lr 3.72e-04 gn 0.67 proj_gn 0.18 29,164 tok/s
[m5_s1339_wave] step  1480 loss 5.2176 lr 3.66e-04 gn 0.65 proj_gn 0.14 29,144 tok/s
[m5_s1339_wave] step  1500 loss 5.2892 lr 3.60e-04 gn 0.69 proj_gn 0.16 29,158 tok/s
[m5_s1339_wave] step  1500 VAL 5.1474
[m5_s1339_wave] step  1520 loss 4.9551 lr 3.54e-04 gn 0.68 proj_gn 0.17 29,164 tok/s
[m5_s1339_wave] step  1540 loss 5.0904 lr 3.48e-04 gn 0.66 proj_gn 0.15 29,184 tok/s
[m5_s1339_wave] step  1560 loss 5.1266 lr 3.42e-04 gn 0.66 proj_gn 0.15 29,195 tok/s
[m5_s1339_wave] step  1580 loss 5.1460 lr 3.36e-04 gn 0.74 proj_gn 0.15 29,166 tok/s
[m5_s1339_wave] step  1600 loss 5.1838 lr 3.30e-04 gn 0.68 proj_gn 0.15 29,181 tok/s
[m5_s1339_wave] step  1620 loss 5.0622 lr 3.24e-04 gn 0.66 proj_gn 0.15 29,152 tok/s
[m5_s1339_wave] step  1640 loss 5.1977 lr 3.18e-04 gn 0.72 proj_gn 0.19 29,153 tok/s
[m5_s1339_wave] step  1660 loss 5.2544 lr 3.12e-04 gn 0.82 proj_gn 0.18 29,166 tok/s
[m5_s1339_wave] step  1680 loss 5.0809 lr 3.06e-04 gn 0.73 proj_gn 0.15 29,150 tok/s
[m5_s1339_wave] step  1700 loss 5.1980 lr 3.00e-04 gn 0.71 proj_gn 0.14 29,175 tok/s
[m5_s1339_wave] step  1720 loss 4.9485 lr 2.94e-04 gn 0.71 proj_gn 0.14 29,158 tok/s
[m5_s1339_wave] step  1740 loss 4.9174 lr 2.88e-04 gn 1.14 proj_gn 0.22 29,149 tok/s
[m5_s1339_wave] step  1750 VAL 5.0367
[m5_s1339_wave] step  1760 loss 5.1299 lr 2.82e-04 gn 0.69 proj_gn 0.14 29,178 tok/s
[m5_s1339_wave] step  1780 loss 5.0176 lr 2.76e-04 gn 0.71 proj_gn 0.14 29,150 tok/s
[m5_s1339_wave] step  1800 loss 5.0988 lr 2.70e-04 gn 0.75 proj_gn 0.13 29,167 tok/s
[m5_s1339_wave] step  1820 loss 5.0678 lr 2.64e-04 gn 0.67 proj_gn 0.14 29,159 tok/s
[m5_s1339_wave] step  1840 loss 5.1049 lr 2.58e-04 gn 0.77 proj_gn 0.15 29,170 tok/s
[m5_s1339_wave] step  1860 loss 4.9729 lr 2.52e-04 gn 0.77 proj_gn 0.14 29,180 tok/s
[m5_s1339_wave] step  1880 loss 4.8822 lr 2.47e-04 gn 0.82 proj_gn 0.14 29,157 tok/s
[m5_s1339_wave] step  1900 loss 4.9682 lr 2.41e-04 gn 0.69 proj_gn 0.13 29,164 tok/s
[m5_s1339_wave] step  1920 loss 5.1409 lr 2.35e-04 gn 0.77 proj_gn 0.15 29,140 tok/s
[m5_s1339_wave] step  1940 loss 5.0241 lr 2.29e-04 gn 0.74 proj_gn 0.15 29,179 tok/s
[m5_s1339_wave] step  1960 loss 4.9409 lr 2.24e-04 gn 0.77 proj_gn 0.15 29,161 tok/s
[m5_s1339_wave] step  1980 loss 4.9123 lr 2.18e-04 gn 0.76 proj_gn 0.14 29,178 tok/s
[m5_s1339_wave] step  2000 loss 4.9348 lr 2.13e-04 gn 0.76 proj_gn 0.14 29,155 tok/s
[m5_s1339_wave] step  2000 VAL 4.9432
[m5_s1339_wave] step  2020 loss 4.9001 lr 2.07e-04 gn 0.74 proj_gn 0.14 29,171 tok/s
[m5_s1339_wave] step  2040 loss 4.8959 lr 2.02e-04 gn 0.74 proj_gn 0.14 29,176 tok/s
[m5_s1339_wave] step  2060 loss 4.8892 lr 1.97e-04 gn 0.73 proj_gn 0.14 29,142 tok/s
[m5_s1339_wave] step  2080 loss 4.8990 lr 1.92e-04 gn 0.82 proj_gn 0.14 29,163 tok/s
[m5_s1339_wave] step  2100 loss 4.9640 lr 1.86e-04 gn 0.78 proj_gn 0.15 29,160 tok/s
[m5_s1339_wave] step  2120 loss 4.8483 lr 1.81e-04 gn 0.70 proj_gn 0.13 29,166 tok/s
[m5_s1339_wave] step  2140 loss 4.7435 lr 1.76e-04 gn 0.82 proj_gn 0.18 29,162 tok/s
[m5_s1339_wave] step  2160 loss 4.9901 lr 1.71e-04 gn 0.76 proj_gn 0.14 29,163 tok/s
[m5_s1339_wave] step  2180 loss 4.8027 lr 1.66e-04 gn 0.76 proj_gn 0.13 29,148 tok/s
[m5_s1339_wave] step  2200 loss 4.8284 lr 1.62e-04 gn 0.77 proj_gn 0.15 29,174 tok/s
[m5_s1339_wave] step  2220 loss 4.8275 lr 1.57e-04 gn 0.78 proj_gn 0.15 29,169 tok/s
[m5_s1339_wave] step  2240 loss 5.0470 lr 1.52e-04 gn 0.78 proj_gn 0.13 29,190 tok/s
[m5_s1339_wave] step  2250 VAL 4.8764
[m5_s1339_wave] step  2260 loss 4.8670 lr 1.48e-04 gn 0.79 proj_gn 0.15 29,145 tok/s
[m5_s1339_wave] step  2280 loss 4.7112 lr 1.43e-04 gn 0.84 proj_gn 0.14 29,166 tok/s
[m5_s1339_wave] step  2300 loss 4.8439 lr 1.39e-04 gn 0.77 proj_gn 0.13 29,161 tok/s
[m5_s1339_wave] step  2320 loss 4.7648 lr 1.35e-04 gn 0.74 proj_gn 0.14 29,185 tok/s
[m5_s1339_wave] step  2340 loss 4.8464 lr 1.31e-04 gn 0.81 proj_gn 0.14 29,152 tok/s
[m5_s1339_wave] step  2360 loss 4.6018 lr 1.27e-04 gn 0.77 proj_gn 0.13 29,162 tok/s
[m5_s1339_wave] step  2380 loss 4.9068 lr 1.23e-04 gn 0.71 proj_gn 0.12 29,158 tok/s
[m5_s1339_wave] step  2400 loss 4.9318 lr 1.19e-04 gn 0.79 proj_gn 0.14 29,155 tok/s
[m5_s1339_wave] step  2420 loss 4.8025 lr 1.15e-04 gn 0.75 proj_gn 0.14 29,162 tok/s
[m5_s1339_wave] step  2440 loss 4.8200 lr 1.12e-04 gn 0.77 proj_gn 0.13 29,171 tok/s
[m5_s1339_wave] step  2460 loss 4.8203 lr 1.08e-04 gn 0.76 proj_gn 0.13 29,181 tok/s
[m5_s1339_wave] step  2480 loss 4.7317 lr 1.05e-04 gn 0.78 proj_gn 0.14 29,150 tok/s
[m5_s1339_wave] step  2500 loss 4.8251 lr 1.01e-04 gn 0.80 proj_gn 0.15 29,157 tok/s
[m5_s1339_wave] step  2500 VAL 4.8194
[m5_s1339_wave] step  2520 loss 4.9137 lr 9.82e-05 gn 0.80 proj_gn 0.14 29,173 tok/s
[m5_s1339_wave] step  2540 loss 4.6134 lr 9.52e-05 gn 0.80 proj_gn 0.15 29,146 tok/s
[m5_s1339_wave] step  2560 loss 4.9577 lr 9.22e-05 gn 0.77 proj_gn 0.13 29,179 tok/s
[m5_s1339_wave] step  2580 loss 5.0726 lr 8.94e-05 gn 0.85 proj_gn 0.13 29,166 tok/s
[m5_s1339_wave] step  2600 loss 4.8880 lr 8.67e-05 gn 0.80 proj_gn 0.14 29,137 tok/s
[m5_s1339_wave] step  2620 loss 4.8689 lr 8.42e-05 gn 0.77 proj_gn 0.15 29,183 tok/s
[m5_s1339_wave] step  2640 loss 4.7424 lr 8.17e-05 gn 0.75 proj_gn 0.13 29,171 tok/s
[m5_s1339_wave] step  2660 loss 5.0120 lr 7.94e-05 gn 0.80 proj_gn 0.14 29,160 tok/s
[m5_s1339_wave] step  2680 loss 4.7891 lr 7.72e-05 gn 0.79 proj_gn 0.13 29,164 tok/s
[m5_s1339_wave] step  2700 loss 4.6729 lr 7.52e-05 gn 0.82 proj_gn 0.15 29,181 tok/s
[m5_s1339_wave] step  2720 loss 4.8015 lr 7.32e-05 gn 0.78 proj_gn 0.14 29,159 tok/s
[m5_s1339_wave] step  2740 loss 4.5985 lr 7.14e-05 gn 0.78 proj_gn 0.13 29,153 tok/s
[m5_s1339_wave] step  2750 VAL 4.7836
[m5_s1339_wave] step  2760 loss 4.7343 lr 6.97e-05 gn 0.88 proj_gn 0.16 29,165 tok/s
[m5_s1339_wave] step  2780 loss 4.6462 lr 6.82e-05 gn 0.74 proj_gn 0.12 29,164 tok/s
[m5_s1339_wave] step  2800 loss 4.7971 lr 6.68e-05 gn 0.81 proj_gn 0.14 29,137 tok/s
[m5_s1339_wave] step  2820 loss 4.6265 lr 6.55e-05 gn 0.80 proj_gn 0.13 29,147 tok/s
[m5_s1339_wave] step  2840 loss 4.7914 lr 6.43e-05 gn 0.78 proj_gn 0.14 29,160 tok/s
[m5_s1339_wave] step  2860 loss 4.8407 lr 6.33e-05 gn 0.84 proj_gn 0.14 29,191 tok/s
[m5_s1339_wave] step  2880 loss 4.8170 lr 6.24e-05 gn 0.79 proj_gn 0.14 29,166 tok/s
[m5_s1339_wave] step  2900 loss 4.7295 lr 6.17e-05 gn 0.80 proj_gn 0.14 29,175 tok/s
[m5_s1339_wave] step  2920 loss 4.8828 lr 6.11e-05 gn 0.82 proj_gn 0.13 29,171 tok/s
[m5_s1339_wave] step  2940 loss 4.8277 lr 6.06e-05 gn 0.81 proj_gn 0.13 29,148 tok/s
[m5_s1339_wave] step  2960 loss 4.8273 lr 6.03e-05 gn 0.83 proj_gn 0.13 29,132 tok/s
[m5_s1339_wave] step  2980 loss 4.6539 lr 6.01e-05 gn 0.81 proj_gn 0.14 29,173 tok/s
[m5_s1339_wave] step  2999 loss 4.7070 lr 6.00e-05 gn 0.90 proj_gn 0.15 29,171 tok/s
[m5_s1339_wave] step  2999 VAL 4.7588
[m5_s1339_wave] done: status=ok final_val=4.7588 wall=3405s -> results\m5\m5_s1339_wave
