[mstab_wave768] device=cuda params={'total': 61941504, 'body': 11020032, 'lm_head': 50331648, 'embedding': 589824} body_hash=4a6392274148
[mstab_wave768] step     0 loss 11.8822 lr 3.00e-06 gn 3.76 proj_gn 0.38 22,363 tok/s
[mstab_wave768] step     0 VAL 11.8562
[mstab_wave768] step    50 loss 9.6944 lr 1.53e-04 gn 1.15 proj_gn 0.04 28,194 tok/s
[mstab_wave768] step   100 loss 7.4939 lr 3.03e-04 gn 0.68 proj_gn 0.20 27,967 tok/s
[mstab_wave768] step   150 loss 6.9440 lr 4.53e-04 gn 0.83 proj_gn 0.31 27,946 tok/s
[mstab_wave768] step   200 loss 6.6489 lr 6.00e-04 gn 0.72 proj_gn 0.33 27,928 tok/s
[mstab_wave768] step   250 loss 6.4279 lr 6.00e-04 gn 0.59 proj_gn 0.32 27,942 tok/s
[mstab_wave768] step   250 VAL 6.4081
[mstab_wave768] step   300 loss 6.1367 lr 6.00e-04 gn 0.76 proj_gn 0.45 28,061 tok/s
[mstab_wave768] step   350 loss 6.0841 lr 6.00e-04 gn 0.63 proj_gn 0.32 27,983 tok/s
[mstab_wave768] step   400 loss 5.9320 lr 6.00e-04 gn 0.57 proj_gn 0.31 27,930 tok/s
[mstab_wave768] step   450 loss 5.9455 lr 6.00e-04 gn 0.76 proj_gn 0.48 27,995 tok/s
[mstab_wave768] step   500 loss 5.8208 lr 6.00e-04 gn 0.55 proj_gn 0.25 27,872 tok/s
[mstab_wave768] step   500 VAL 5.7987
[mstab_wave768] step   550 loss 5.8341 lr 6.00e-04 gn 0.55 proj_gn 0.27 28,095 tok/s
[mstab_wave768] step   600 loss 5.6018 lr 6.00e-04 gn 0.55 proj_gn 0.25 27,900 tok/s
[mstab_wave768] step   650 loss 5.5893 lr 5.99e-04 gn 0.58 proj_gn 0.26 27,882 tok/s
[mstab_wave768] step   700 loss 5.7793 lr 5.99e-04 gn 0.60 proj_gn 0.26 27,947 tok/s
[mstab_wave768] step   750 loss 5.5668 lr 5.99e-04 gn 0.57 proj_gn 0.21 27,884 tok/s
[mstab_wave768] step   750 VAL 5.5011
[mstab_wave768] step   800 loss 5.7000 lr 5.99e-04 gn 0.53 proj_gn 0.20 27,908 tok/s
[mstab_wave768] step   850 loss 5.6814 lr 5.99e-04 gn 0.63 proj_gn 0.24 27,893 tok/s
[mstab_wave768] step   900 loss 5.6243 lr 5.99e-04 gn 0.56 proj_gn 0.20 27,967 tok/s
[mstab_wave768] step   950 loss 5.5517 lr 5.99e-04 gn 0.59 proj_gn 0.22 27,939 tok/s
[mstab_wave768] step  1000 loss 5.4039 lr 5.98e-04 gn 0.52 proj_gn 0.19 27,889 tok/s
[mstab_wave768] step  1000 VAL 5.3110
[mstab_wave768] step  1050 loss 5.4723 lr 5.98e-04 gn 0.56 proj_gn 0.20 27,913 tok/s
[mstab_wave768] step  1100 loss 5.2948 lr 5.98e-04 gn 0.67 proj_gn 0.20 27,878 tok/s
[mstab_wave768] step  1150 loss 5.5812 lr 5.98e-04 gn 0.56 proj_gn 0.18 28,017 tok/s
[mstab_wave768] step  1200 loss 5.4169 lr 5.97e-04 gn 0.64 proj_gn 0.21 27,926 tok/s
[mstab_wave768] step  1250 loss 5.3158 lr 5.97e-04 gn 0.57 proj_gn 0.18 27,879 tok/s
[mstab_wave768] step  1250 VAL 5.1635
[mstab_wave768] step  1300 loss 5.3385 lr 5.97e-04 gn 0.59 proj_gn 0.18 27,875 tok/s
[mstab_wave768] step  1350 loss 5.1541 lr 5.97e-04 gn 0.57 proj_gn 0.17 27,970 tok/s
[mstab_wave768] step  1400 loss 5.1509 lr 5.96e-04 gn 0.62 proj_gn 0.18 27,937 tok/s
[mstab_wave768] step  1450 loss 5.2420 lr 5.96e-04 gn 0.62 proj_gn 0.19 27,892 tok/s
[mstab_wave768] step  1500 loss 5.0515 lr 5.96e-04 gn 0.68 proj_gn 0.19 28,025 tok/s
[mstab_wave768] step  1500 VAL 5.0185
[mstab_wave768] step  1550 loss 5.0885 lr 5.95e-04 gn 0.62 proj_gn 0.20 27,932 tok/s
[mstab_wave768] step  1600 loss 5.3072 lr 5.95e-04 gn 0.71 proj_gn 0.19 28,014 tok/s
[mstab_wave768] step  1650 loss 4.9995 lr 5.95e-04 gn 0.62 proj_gn 0.16 27,884 tok/s
[mstab_wave768] step  1700 loss 4.7802 lr 5.94e-04 gn 0.63 proj_gn 0.19 28,017 tok/s
[mstab_wave768] step  1750 loss 4.8825 lr 5.94e-04 gn 0.58 proj_gn 0.15 28,054 tok/s
[mstab_wave768] step  1750 VAL 4.8881
[mstab_wave768] step  1800 loss 5.1604 lr 5.93e-04 gn 0.68 proj_gn 0.21 27,898 tok/s
[mstab_wave768] step  1850 loss 4.8634 lr 5.93e-04 gn 0.62 proj_gn 0.15 28,028 tok/s
[mstab_wave768] step  1900 loss 4.5922 lr 5.93e-04 gn 0.82 proj_gn 0.27 27,934 tok/s
[mstab_wave768] step  1950 loss 4.9065 lr 5.92e-04 gn 0.73 proj_gn 0.19 27,918 tok/s
[mstab_wave768] step  2000 loss 4.8869 lr 5.92e-04 gn 0.61 proj_gn 0.13 28,003 tok/s
[mstab_wave768] step  2000 VAL 4.7609
[mstab_wave768] step  2050 loss 4.8167 lr 5.91e-04 gn 0.67 proj_gn 0.14 27,908 tok/s
[mstab_wave768] step  2100 loss 4.9476 lr 5.91e-04 gn 0.70 proj_gn 0.16 28,095 tok/s
[mstab_wave768] step  2150 loss 4.8061 lr 5.90e-04 gn 0.64 proj_gn 0.15 27,893 tok/s
[mstab_wave768] step  2200 loss 4.9383 lr 5.90e-04 gn 0.68 proj_gn 0.16 27,878 tok/s
[mstab_wave768] step  2250 loss 4.7130 lr 5.89e-04 gn 0.64 proj_gn 0.15 27,945 tok/s
[mstab_wave768] step  2250 VAL 4.6459
[mstab_wave768] step  2300 loss 4.6232 lr 5.89e-04 gn 0.74 proj_gn 0.20 27,893 tok/s
[mstab_wave768] step  2350 loss 4.7241 lr 5.88e-04 gn 0.64 proj_gn 0.14 28,013 tok/s
[mstab_wave768] step  2400 loss 4.7660 lr 5.88e-04 gn 0.69 proj_gn 0.17 27,996 tok/s
[mstab_wave768] step  2450 loss 4.3926 lr 5.87e-04 gn 0.63 proj_gn 0.14 27,956 tok/s
[mstab_wave768] step  2500 loss 4.5448 lr 5.87e-04 gn 0.70 proj_gn 0.17 27,895 tok/s
[mstab_wave768] step  2500 VAL 4.5562
[mstab_wave768] step  2550 loss 4.7736 lr 5.86e-04 gn 0.68 proj_gn 0.15 27,969 tok/s
[mstab_wave768] step  2600 loss 4.5870 lr 5.85e-04 gn 0.70 proj_gn 0.14 27,964 tok/s
[mstab_wave768] step  2650 loss 4.5594 lr 5.85e-04 gn 0.82 proj_gn 0.17 27,902 tok/s
[mstab_wave768] step  2700 loss 4.6455 lr 5.84e-04 gn 0.70 proj_gn 0.15 27,915 tok/s
[mstab_wave768] step  2750 loss 4.8637 lr 5.84e-04 gn 0.67 proj_gn 0.14 27,894 tok/s
[mstab_wave768] step  2750 VAL 4.4792
[mstab_wave768] step  2800 loss 4.7172 lr 5.83e-04 gn 0.71 proj_gn 0.14 27,943 tok/s
[mstab_wave768] step  2850 loss 4.3761 lr 5.82e-04 gn 0.66 proj_gn 0.14 27,943 tok/s
[mstab_wave768] step  2900 loss 4.2610 lr 5.82e-04 gn 0.74 proj_gn 0.16 28,045 tok/s
[mstab_wave768] step  2950 loss 4.4281 lr 5.81e-04 gn 0.73 proj_gn 0.17 27,894 tok/s
[mstab_wave768] step  3000 loss 4.4483 lr 5.80e-04 gn 0.69 proj_gn 0.13 27,904 tok/s
[mstab_wave768] step  3000 VAL 4.4106
[mstab_wave768] step  3050 loss 4.7678 lr 5.79e-04 gn 0.69 proj_gn 0.14 27,940 tok/s
[mstab_wave768] step  3100 loss 4.4586 lr 5.79e-04 gn 0.71 proj_gn 0.13 27,907 tok/s
[mstab_wave768] step  3150 loss 4.3616 lr 5.78e-04 gn 0.77 proj_gn 0.15 27,992 tok/s
[mstab_wave768] step  3200 loss 4.2998 lr 5.77e-04 gn 0.80 proj_gn 0.18 27,945 tok/s
[mstab_wave768] step  3250 loss 4.3248 lr 5.77e-04 gn 0.76 proj_gn 0.14 28,064 tok/s
[mstab_wave768] step  3250 VAL 4.3567
[mstab_wave768] step  3300 loss 4.3234 lr 5.76e-04 gn 0.80 proj_gn 0.15 27,855 tok/s
[mstab_wave768] step  3350 loss 4.4286 lr 5.75e-04 gn 0.75 proj_gn 0.15 28,076 tok/s
[mstab_wave768] step  3400 loss 4.1984 lr 5.74e-04 gn 0.67 proj_gn 0.12 27,909 tok/s
[mstab_wave768] step  3450 loss 4.6820 lr 5.73e-04 gn 0.67 proj_gn 0.12 27,900 tok/s
[mstab_wave768] step  3500 loss 4.3586 lr 5.73e-04 gn 0.69 proj_gn 0.13 27,992 tok/s
[mstab_wave768] step  3500 VAL 4.3058
[mstab_wave768] step  3550 loss 4.7119 lr 5.72e-04 gn 0.73 proj_gn 0.14 27,889 tok/s
[mstab_wave768] step  3600 loss 4.2730 lr 5.71e-04 gn 0.70 proj_gn 0.12 27,960 tok/s
[mstab_wave768] step  3650 loss 4.1500 lr 5.70e-04 gn 0.67 proj_gn 0.12 27,942 tok/s
[mstab_wave768] step  3700 loss 4.5319 lr 5.69e-04 gn 0.72 proj_gn 0.12 27,961 tok/s
[mstab_wave768] step  3750 loss 4.4211 lr 5.68e-04 gn 0.70 proj_gn 0.13 28,006 tok/s
[mstab_wave768] step  3750 VAL 4.2656
[mstab_wave768] step  3800 loss 4.2630 lr 5.67e-04 gn 0.75 proj_gn 0.14 27,957 tok/s
[mstab_wave768] step  3850 loss 4.4112 lr 5.67e-04 gn 0.78 proj_gn 0.14 27,883 tok/s
[mstab_wave768] step  3900 loss 4.3398 lr 5.66e-04 gn 0.65 proj_gn 0.11 27,964 tok/s
[mstab_wave768] step  3950 loss 4.4558 lr 5.65e-04 gn 0.70 proj_gn 0.12 27,996 tok/s
[mstab_wave768] step  4000 loss 4.1356 lr 5.64e-04 gn 0.69 proj_gn 0.12 27,945 tok/s
[mstab_wave768] step  4000 VAL 4.2177
[mstab_wave768] step  4050 loss 4.3360 lr 5.63e-04 gn 0.67 proj_gn 0.11 27,985 tok/s
[mstab_wave768] step  4100 loss 4.1917 lr 5.62e-04 gn 0.76 proj_gn 0.13 27,899 tok/s
[mstab_wave768] step  4150 loss 4.1992 lr 5.61e-04 gn 0.72 proj_gn 0.12 27,988 tok/s
[mstab_wave768] step  4200 loss 4.1907 lr 5.60e-04 gn 0.66 proj_gn 0.11 27,947 tok/s
[mstab_wave768] step  4250 loss 4.2876 lr 5.59e-04 gn 0.69 proj_gn 0.11 27,912 tok/s
[mstab_wave768] step  4250 VAL 4.1916
[mstab_wave768] step  4300 loss 4.2438 lr 5.58e-04 gn 0.73 proj_gn 0.12 27,940 tok/s
[mstab_wave768] step  4350 loss 4.4881 lr 5.57e-04 gn 0.70 proj_gn 0.12 27,936 tok/s
[mstab_wave768] step  4400 loss 4.1350 lr 5.56e-04 gn 0.69 proj_gn 0.12 28,188 tok/s
[mstab_wave768] step  4450 loss 4.0893 lr 5.55e-04 gn 0.75 proj_gn 0.14 27,913 tok/s
[mstab_wave768] step  4500 loss 4.2833 lr 5.54e-04 gn 0.65 proj_gn 0.11 27,944 tok/s
[mstab_wave768] step  4500 VAL 4.1540
[mstab_wave768] step  4550 loss 4.3809 lr 5.53e-04 gn 0.71 proj_gn 0.11 27,903 tok/s
[mstab_wave768] step  4600 loss 4.3541 lr 5.52e-04 gn 0.82 proj_gn 0.14 27,902 tok/s
[mstab_wave768] step  4650 loss 4.2448 lr 5.51e-04 gn 0.70 proj_gn 0.11 27,971 tok/s
[mstab_wave768] step  4700 loss 4.3565 lr 5.50e-04 gn 0.69 proj_gn 0.11 27,934 tok/s
[mstab_wave768] step  4750 loss 4.2027 lr 5.49e-04 gn 0.69 proj_gn 0.11 27,983 tok/s
[mstab_wave768] step  4750 VAL 4.1216
[mstab_wave768] step  4800 loss 4.1601 lr 5.48e-04 gn 0.67 proj_gn 0.10 28,012 tok/s
[mstab_wave768] step  4850 loss 4.0135 lr 5.46e-04 gn 0.66 proj_gn 0.10 27,730 tok/s
[mstab_wave768] step  4900 loss 4.2380 lr 5.45e-04 gn 0.66 proj_gn 0.10 28,011 tok/s
[mstab_wave768] step  4950 loss 4.1349 lr 5.44e-04 gn 0.78 proj_gn 0.13 27,887 tok/s
[mstab_wave768] step  5000 loss 4.0937 lr 5.43e-04 gn 0.68 proj_gn 0.11 27,917 tok/s
[mstab_wave768] step  5000 VAL 4.0988
[mstab_wave768] step  5050 loss 4.0229 lr 5.42e-04 gn 0.71 proj_gn 0.13 27,931 tok/s
[mstab_wave768] step  5100 loss 4.4128 lr 5.41e-04 gn 0.73 proj_gn 0.11 27,909 tok/s
[mstab_wave768] step  5150 loss 4.2543 lr 5.40e-04 gn 0.75 proj_gn 0.12 27,972 tok/s
[mstab_wave768] step  5200 loss 4.4873 lr 5.38e-04 gn 0.75 proj_gn 0.11 27,904 tok/s
[mstab_wave768] step  5250 loss 4.1979 lr 5.37e-04 gn 0.73 proj_gn 0.11 27,984 tok/s
[mstab_wave768] step  5250 VAL 4.0755
[mstab_wave768] step  5300 loss 4.2116 lr 5.36e-04 gn 0.70 proj_gn 0.10 27,952 tok/s
[mstab_wave768] step  5350 loss 4.1603 lr 5.35e-04 gn 0.68 proj_gn 0.10 27,981 tok/s
[mstab_wave768] step  5400 loss 4.2241 lr 5.34e-04 gn 0.67 proj_gn 0.10 27,944 tok/s
[mstab_wave768] step  5450 loss 4.1857 lr 5.32e-04 gn 0.66 proj_gn 0.10 27,944 tok/s
[mstab_wave768] step  5500 loss 4.1692 lr 5.31e-04 gn 0.83 proj_gn 0.11 28,006 tok/s
[mstab_wave768] step  5500 VAL 4.0568
[mstab_wave768] step  5550 loss 4.2159 lr 5.30e-04 gn 0.71 proj_gn 0.10 27,900 tok/s
[mstab_wave768] step  5600 loss 4.1686 lr 5.29e-04 gn 0.74 proj_gn 0.12 27,964 tok/s
[mstab_wave768] step  5650 loss 4.2131 lr 5.27e-04 gn 0.65 proj_gn 0.10 27,906 tok/s
[mstab_wave768] step  5700 loss 4.2845 lr 5.26e-04 gn 0.69 proj_gn 0.10 27,971 tok/s
[mstab_wave768] step  5750 loss 4.1341 lr 5.25e-04 gn 0.71 proj_gn 0.11 27,910 tok/s
[mstab_wave768] step  5750 VAL 4.0334
[mstab_wave768] step  5800 loss 4.0907 lr 5.24e-04 gn 0.74 proj_gn 0.11 27,958 tok/s
[mstab_wave768] step  5850 loss 3.9311 lr 5.22e-04 gn 0.69 proj_gn 0.10 27,889 tok/s
[mstab_wave768] step  5900 loss 3.9904 lr 5.21e-04 gn 0.68 proj_gn 0.10 27,948 tok/s
[mstab_wave768] step  5950 loss 4.1442 lr 5.20e-04 gn 0.75 proj_gn 0.10 28,029 tok/s
[mstab_wave768] step  6000 loss 3.8258 lr 5.18e-04 gn 0.65 proj_gn 0.09 27,879 tok/s
[mstab_wave768] step  6000 VAL 4.0143
[mstab_wave768] step  6050 loss 4.2386 lr 5.17e-04 gn 0.83 proj_gn 0.14 27,893 tok/s
[mstab_wave768] step  6100 loss 4.1152 lr 5.16e-04 gn 0.70 proj_gn 0.10 27,904 tok/s
[mstab_wave768] step  6150 loss 4.3114 lr 5.14e-04 gn 0.69 proj_gn 0.10 27,920 tok/s
[mstab_wave768] step  6200 loss 4.3551 lr 5.13e-04 gn 0.67 proj_gn 0.10 28,109 tok/s
[mstab_wave768] step  6250 loss 4.2155 lr 5.11e-04 gn 0.69 proj_gn 0.10 27,883 tok/s
[mstab_wave768] step  6250 VAL 3.9977
[mstab_wave768] step  6300 loss 4.0553 lr 5.10e-04 gn 0.71 proj_gn 0.10 28,057 tok/s
[mstab_wave768] step  6350 loss 3.9577 lr 5.09e-04 gn 0.71 proj_gn 0.10 27,890 tok/s
[mstab_wave768] step  6400 loss 4.1614 lr 5.07e-04 gn 0.68 proj_gn 0.09 27,917 tok/s
[mstab_wave768] step  6450 loss 4.0121 lr 5.06e-04 gn 0.66 proj_gn 0.09 28,065 tok/s
[mstab_wave768] step  6500 loss 3.9267 lr 5.05e-04 gn 0.82 proj_gn 0.12 27,898 tok/s
[mstab_wave768] step  6500 VAL 3.9836
[mstab_wave768] step  6550 loss 4.0227 lr 5.03e-04 gn 0.70 proj_gn 0.10 28,004 tok/s
[mstab_wave768] step  6600 loss 4.0274 lr 5.02e-04 gn 0.69 proj_gn 0.09 28,326 tok/s
[mstab_wave768] step  6650 loss 4.1622 lr 5.00e-04 gn 0.70 proj_gn 0.10 27,872 tok/s
[mstab_wave768] step  6700 loss 4.0751 lr 4.99e-04 gn 0.69 proj_gn 0.10 27,942 tok/s
[mstab_wave768] step  6750 loss 4.1419 lr 4.97e-04 gn 0.66 proj_gn 0.10 27,934 tok/s
[mstab_wave768] step  6750 VAL 3.9666
[mstab_wave768] step  6800 loss 3.8660 lr 4.96e-04 gn 0.75 proj_gn 0.11 27,895 tok/s
[mstab_wave768] step  6850 loss 4.1659 lr 4.94e-04 gn 0.70 proj_gn 0.10 28,109 tok/s
[mstab_wave768] step  6900 loss 4.0110 lr 4.93e-04 gn 0.68 proj_gn 0.09 27,969 tok/s
[mstab_wave768] step  6950 loss 4.1359 lr 4.91e-04 gn 0.76 proj_gn 0.11 27,963 tok/s
[mstab_wave768] step  7000 loss 4.1275 lr 4.90e-04 gn 0.72 proj_gn 0.10 27,888 tok/s
[mstab_wave768] step  7000 VAL 3.9561
[mstab_wave768] step  7050 loss 4.0164 lr 4.88e-04 gn 0.72 proj_gn 0.10 27,959 tok/s
[mstab_wave768] step  7100 loss 4.0044 lr 4.87e-04 gn 0.73 proj_gn 0.09 27,880 tok/s
[mstab_wave768] step  7150 loss 3.8933 lr 4.85e-04 gn 0.76 proj_gn 0.10 27,926 tok/s
[mstab_wave768] step  7200 loss 4.0030 lr 4.84e-04 gn 0.72 proj_gn 0.09 27,915 tok/s
[mstab_wave768] step  7250 loss 4.0537 lr 4.82e-04 gn 0.69 proj_gn 0.09 27,991 tok/s
[mstab_wave768] step  7250 VAL 3.9476
[mstab_wave768] step  7300 loss 4.1475 lr 4.81e-04 gn 0.67 proj_gn 0.09 27,893 tok/s
[mstab_wave768] step  7350 loss 4.0941 lr 4.79e-04 gn 0.76 proj_gn 0.10 28,030 tok/s
[mstab_wave768] step  7400 loss 4.2671 lr 4.78e-04 gn 0.68 proj_gn 0.09 27,905 tok/s
[mstab_wave768] step  7450 loss 4.2023 lr 4.76e-04 gn 0.71 proj_gn 0.09 28,018 tok/s
[mstab_wave768] step  7500 loss 4.1817 lr 4.75e-04 gn 0.70 proj_gn 0.09 27,961 tok/s
[mstab_wave768] step  7500 VAL 3.9318
[mstab_wave768] step  7550 loss 4.0646 lr 4.73e-04 gn 0.67 proj_gn 0.08 27,904 tok/s
[mstab_wave768] step  7600 loss 4.1192 lr 4.71e-04 gn 0.72 proj_gn 0.09 27,930 tok/s
[mstab_wave768] step  7650 loss 3.8215 lr 4.70e-04 gn 0.71 proj_gn 0.10 27,921 tok/s
[mstab_wave768] step  7700 loss 3.7765 lr 4.68e-04 gn 0.73 proj_gn 0.10 27,989 tok/s
[mstab_wave768] step  7750 loss 4.1277 lr 4.67e-04 gn 0.72 proj_gn 0.10 27,886 tok/s
[mstab_wave768] step  7750 VAL 3.9198
[mstab_wave768] step  7800 loss 4.0265 lr 4.65e-04 gn 0.71 proj_gn 0.09 28,050 tok/s
[mstab_wave768] step  7850 loss 3.8720 lr 4.63e-04 gn 0.76 proj_gn 0.09 27,906 tok/s
[mstab_wave768] step  7900 loss 4.0611 lr 4.62e-04 gn 0.76 proj_gn 0.09 27,934 tok/s
[mstab_wave768] step  7950 loss 4.0650 lr 4.60e-04 gn 0.72 proj_gn 0.09 27,761 tok/s
[mstab_wave768] step  8000 loss 4.0407 lr 4.59e-04 gn 0.74 proj_gn 0.10 27,980 tok/s
[mstab_wave768] step  8000 VAL 3.9055
[mstab_wave768] step  8050 loss 3.8539 lr 4.57e-04 gn 0.70 proj_gn 0.09 28,012 tok/s
[mstab_wave768] step  8100 loss 3.9876 lr 4.55e-04 gn 0.72 proj_gn 0.09 27,916 tok/s
[mstab_wave768] step  8150 loss 4.0043 lr 4.54e-04 gn 0.70 proj_gn 0.09 27,890 tok/s
[mstab_wave768] step  8200 loss 3.9376 lr 4.52e-04 gn 0.71 proj_gn 0.09 28,010 tok/s
[mstab_wave768] step  8250 loss 3.9784 lr 4.50e-04 gn 0.74 proj_gn 0.10 28,010 tok/s
[mstab_wave768] step  8250 VAL 3.8988
[mstab_wave768] step  8300 loss 3.9678 lr 4.49e-04 gn 0.73 proj_gn 0.10 27,986 tok/s
[mstab_wave768] step  8350 loss 4.1811 lr 4.47e-04 gn 0.74 proj_gn 0.09 27,895 tok/s
[mstab_wave768] step  8400 loss 4.0514 lr 4.45e-04 gn 0.70 proj_gn 0.08 27,969 tok/s
[mstab_wave768] step  8450 loss 4.1612 lr 4.44e-04 gn 0.72 proj_gn 0.08 28,040 tok/s
[mstab_wave768] step  8500 loss 4.1213 lr 4.42e-04 gn 0.74 proj_gn 0.10 27,934 tok/s
[mstab_wave768] step  8500 VAL 3.8911
[mstab_wave768] step  8550 loss 4.2217 lr 4.40e-04 gn 0.80 proj_gn 0.09 27,888 tok/s
[mstab_wave768] step  8600 loss 4.1351 lr 4.38e-04 gn 0.77 proj_gn 0.09 27,852 tok/s
[mstab_wave768] step  8650 loss 3.7711 lr 4.37e-04 gn 0.77 proj_gn 0.10 28,363 tok/s
[mstab_wave768] step  8700 loss 4.0453 lr 4.35e-04 gn 0.72 proj_gn 0.09 27,903 tok/s
[mstab_wave768] step  8750 loss 3.9653 lr 4.33e-04 gn 0.77 proj_gn 0.09 27,936 tok/s
[mstab_wave768] step  8750 VAL 3.8810
[mstab_wave768] step  8800 loss 3.8187 lr 4.32e-04 gn 0.73 proj_gn 0.09 27,875 tok/s
[mstab_wave768] step  8850 loss 3.8150 lr 4.30e-04 gn 0.67 proj_gn 0.08 27,896 tok/s
[mstab_wave768] step  8900 loss 4.0646 lr 4.28e-04 gn 0.83 proj_gn 0.12 28,136 tok/s
[mstab_wave768] step  8950 loss 3.7839 lr 4.26e-04 gn 0.75 proj_gn 0.09 27,898 tok/s
[mstab_wave768] step  9000 loss 3.9269 lr 4.25e-04 gn 0.75 proj_gn 0.09 27,988 tok/s
[mstab_wave768] step  9000 VAL 3.8669
[mstab_wave768] step  9050 loss 4.0466 lr 4.23e-04 gn 0.72 proj_gn 0.09 27,976 tok/s
[mstab_wave768] step  9100 loss 4.0734 lr 4.21e-04 gn 0.73 proj_gn 0.10 28,092 tok/s
[mstab_wave768] step  9150 loss 3.7188 lr 4.19e-04 gn 0.76 proj_gn 0.09 27,918 tok/s
[mstab_wave768] step  9200 loss 3.9181 lr 4.18e-04 gn 0.77 proj_gn 0.10 27,925 tok/s
[mstab_wave768] step  9250 loss 3.9505 lr 4.16e-04 gn 0.76 proj_gn 0.10 27,931 tok/s
[mstab_wave768] step  9250 VAL 3.8603
[mstab_wave768] step  9300 loss 3.9697 lr 4.14e-04 gn 0.77 proj_gn 0.09 28,052 tok/s
[mstab_wave768] step  9350 loss 4.1606 lr 4.12e-04 gn 0.73 proj_gn 0.08 27,887 tok/s
[mstab_wave768] step  9400 loss 3.7831 lr 4.11e-04 gn 0.75 proj_gn 0.09 27,922 tok/s
[mstab_wave768] step  9450 loss 4.0172 lr 4.09e-04 gn 0.76 proj_gn 0.09 27,990 tok/s
[mstab_wave768] step  9500 loss 3.8917 lr 4.07e-04 gn 0.74 proj_gn 0.10 27,935 tok/s
[mstab_wave768] step  9500 VAL 3.8538
[mstab_wave768] step  9550 loss 3.8933 lr 4.05e-04 gn 0.70 proj_gn 0.08 28,032 tok/s
[mstab_wave768] step  9600 loss 3.8854 lr 4.03e-04 gn 0.73 proj_gn 0.09 27,910 tok/s
[mstab_wave768] step  9650 loss 4.1707 lr 4.02e-04 gn 0.70 proj_gn 0.08 27,884 tok/s
[mstab_wave768] step  9700 loss 3.8688 lr 4.00e-04 gn 0.72 proj_gn 0.09 28,017 tok/s
[mstab_wave768] step  9750 loss 3.9829 lr 3.98e-04 gn 0.74 proj_gn 0.09 27,959 tok/s
[mstab_wave768] step  9750 VAL 3.8454
[mstab_wave768] step  9800 loss 4.0962 lr 3.96e-04 gn 0.77 proj_gn 0.09 28,032 tok/s
[mstab_wave768] step  9850 loss 3.8443 lr 3.94e-04 gn 0.71 proj_gn 0.08 27,883 tok/s
[mstab_wave768] step  9900 loss 3.7403 lr 3.93e-04 gn 0.74 proj_gn 0.10 27,929 tok/s
[mstab_wave768] step  9950 loss 3.8613 lr 3.91e-04 gn 0.74 proj_gn 0.09 27,930 tok/s
[mstab_wave768] step 10000 loss 3.8483 lr 3.89e-04 gn 0.75 proj_gn 0.09 27,935 tok/s
[mstab_wave768] step 10000 VAL 3.8314
[mstab_wave768] step 10050 loss 3.8209 lr 3.87e-04 gn 0.77 proj_gn 0.09 27,954 tok/s
[mstab_wave768] step 10100 loss 4.2640 lr 3.85e-04 gn 0.81 proj_gn 0.10 27,954 tok/s
[mstab_wave768] step 10150 loss 3.9545 lr 3.84e-04 gn 0.73 proj_gn 0.09 28,013 tok/s
[mstab_wave768] step 10200 loss 3.8957 lr 3.82e-04 gn 0.72 proj_gn 0.08 27,880 tok/s
[mstab_wave768] step 10250 loss 3.8495 lr 3.80e-04 gn 0.80 proj_gn 0.09 27,877 tok/s
[mstab_wave768] step 10250 VAL 3.8236
[mstab_wave768] step 10300 loss 3.9960 lr 3.78e-04 gn 0.74 proj_gn 0.08 27,864 tok/s
[mstab_wave768] step 10350 loss 3.9996 lr 3.76e-04 gn 0.74 proj_gn 0.08 27,849 tok/s
[mstab_wave768] step 10400 loss 3.7829 lr 3.74e-04 gn 0.76 proj_gn 0.08 28,041 tok/s
[mstab_wave768] step 10450 loss 4.0073 lr 3.73e-04 gn 0.74 proj_gn 0.08 27,971 tok/s
[mstab_wave768] step 10500 loss 4.1012 lr 3.71e-04 gn 0.73 proj_gn 0.08 27,873 tok/s
[mstab_wave768] step 10500 VAL 3.8209
[mstab_wave768] step 10550 loss 3.9905 lr 3.69e-04 gn 0.77 proj_gn 0.09 27,919 tok/s
[mstab_wave768] step 10600 loss 4.0213 lr 3.67e-04 gn 0.75 proj_gn 0.09 28,066 tok/s
[mstab_wave768] step 10650 loss 3.9360 lr 3.65e-04 gn 0.74 proj_gn 0.09 27,936 tok/s
[mstab_wave768] step 10700 loss 3.9955 lr 3.63e-04 gn 0.82 proj_gn 0.09 28,001 tok/s
[mstab_wave768] step 10750 loss 3.9407 lr 3.62e-04 gn 0.75 proj_gn 0.09 28,012 tok/s
[mstab_wave768] step 10750 VAL 3.8117
[mstab_wave768] step 10800 loss 3.8709 lr 3.60e-04 gn 0.74 proj_gn 0.09 27,874 tok/s
[mstab_wave768] step 10850 loss 3.9407 lr 3.58e-04 gn 0.82 proj_gn 0.09 27,986 tok/s
[mstab_wave768] step 10900 loss 3.7721 lr 3.56e-04 gn 0.80 proj_gn 0.08 27,904 tok/s
[mstab_wave768] step 10950 loss 3.7933 lr 3.54e-04 gn 0.74 proj_gn 0.09 27,952 tok/s
[mstab_wave768] step 11000 loss 3.6422 lr 3.52e-04 gn 0.79 proj_gn 0.10 27,935 tok/s
[mstab_wave768] step 11000 VAL 3.8050
[mstab_wave768] step 11050 loss 4.0352 lr 3.50e-04 gn 0.76 proj_gn 0.09 27,920 tok/s
[mstab_wave768] step 11100 loss 3.9491 lr 3.49e-04 gn 0.77 proj_gn 0.09 28,067 tok/s
[mstab_wave768] step 11150 loss 3.8406 lr 3.47e-04 gn 0.73 proj_gn 0.09 27,902 tok/s
[mstab_wave768] step 11200 loss 3.6270 lr 3.45e-04 gn 0.76 proj_gn 0.09 27,938 tok/s
[mstab_wave768] step 11250 loss 3.7446 lr 3.43e-04 gn 0.79 proj_gn 0.09 27,932 tok/s
[mstab_wave768] step 11250 VAL 3.8006
[mstab_wave768] step 11300 loss 3.8006 lr 3.41e-04 gn 0.77 proj_gn 0.10 27,943 tok/s
[mstab_wave768] step 11350 loss 3.9413 lr 3.39e-04 gn 0.77 proj_gn 0.08 27,966 tok/s
[mstab_wave768] step 11400 loss 3.9275 lr 3.37e-04 gn 0.78 proj_gn 0.09 27,915 tok/s
[mstab_wave768] step 11450 loss 3.9706 lr 3.36e-04 gn 0.74 proj_gn 0.09 28,001 tok/s
[mstab_wave768] step 11500 loss 3.9502 lr 3.34e-04 gn 0.74 proj_gn 0.08 27,965 tok/s
[mstab_wave768] step 11500 VAL 3.7872
[mstab_wave768] step 11550 loss 3.9811 lr 3.32e-04 gn 0.71 proj_gn 0.08 28,059 tok/s
[mstab_wave768] step 11600 loss 4.0429 lr 3.30e-04 gn 0.79 proj_gn 0.09 27,942 tok/s
[mstab_wave768] step 11650 loss 3.6941 lr 3.28e-04 gn 0.72 proj_gn 0.08 27,945 tok/s
[mstab_wave768] step 11700 loss 3.7746 lr 3.26e-04 gn 0.76 proj_gn 0.09 27,945 tok/s
[mstab_wave768] step 11750 loss 3.8815 lr 3.24e-04 gn 0.76 proj_gn 0.09 27,896 tok/s
[mstab_wave768] step 11750 VAL 3.7835
[mstab_wave768] step 11800 loss 3.8315 lr 3.23e-04 gn 0.74 proj_gn 0.09 27,962 tok/s
[mstab_wave768] step 11850 loss 4.0293 lr 3.21e-04 gn 0.81 proj_gn 0.09 27,926 tok/s
[mstab_wave768] step 11900 loss 3.9744 lr 3.19e-04 gn 0.78 proj_gn 0.09 27,949 tok/s
[mstab_wave768] step 11950 loss 4.0610 lr 3.17e-04 gn 0.76 proj_gn 0.08 27,899 tok/s
[mstab_wave768] step 12000 loss 3.8694 lr 3.15e-04 gn 0.74 proj_gn 0.09 27,988 tok/s
[mstab_wave768] step 12000 VAL 3.7739
[mstab_wave768] step 12050 loss 3.8243 lr 3.13e-04 gn 0.77 proj_gn 0.08 27,875 tok/s
[mstab_wave768] step 12100 loss 3.7574 lr 3.11e-04 gn 0.75 proj_gn 0.09 27,718 tok/s
[mstab_wave768] step 12150 loss 3.7993 lr 3.10e-04 gn 0.74 proj_gn 0.08 27,861 tok/s
[mstab_wave768] step 12200 loss 3.8597 lr 3.08e-04 gn 0.82 proj_gn 0.10 28,017 tok/s
[mstab_wave768] step 12250 loss 3.9724 lr 3.06e-04 gn 0.80 proj_gn 0.09 27,961 tok/s
[mstab_wave768] step 12250 VAL 3.7712
[mstab_wave768] step 12300 loss 3.7331 lr 3.04e-04 gn 0.77 proj_gn 0.08 28,055 tok/s
[mstab_wave768] step 12350 loss 3.9915 lr 3.02e-04 gn 0.77 proj_gn 0.09 27,896 tok/s
[mstab_wave768] step 12400 loss 3.8599 lr 3.00e-04 gn 0.80 proj_gn 0.09 27,934 tok/s
[mstab_wave768] step 12450 loss 4.0715 lr 2.98e-04 gn 0.81 proj_gn 0.09 27,989 tok/s
[mstab_wave768] step 12500 loss 3.7527 lr 2.97e-04 gn 0.76 proj_gn 0.08 27,990 tok/s
[mstab_wave768] step 12500 VAL 3.7624
[mstab_wave768] step 12550 loss 3.7736 lr 2.95e-04 gn 0.78 proj_gn 0.08 27,914 tok/s
[mstab_wave768] step 12600 loss 3.9164 lr 2.93e-04 gn 0.74 proj_gn 0.09 27,912 tok/s
[mstab_wave768] step 12650 loss 3.9682 lr 2.91e-04 gn 0.80 proj_gn 0.09 27,945 tok/s
[mstab_wave768] step 12700 loss 3.8395 lr 2.89e-04 gn 0.79 proj_gn 0.09 27,934 tok/s
[mstab_wave768] step 12750 loss 3.5239 lr 2.87e-04 gn 0.75 proj_gn 0.08 27,898 tok/s
[mstab_wave768] step 12750 VAL 3.7580
[mstab_wave768] step 12800 loss 3.8020 lr 2.86e-04 gn 0.76 proj_gn 0.08 27,927 tok/s
[mstab_wave768] step 12850 loss 3.7878 lr 2.84e-04 gn 0.79 proj_gn 0.09 27,894 tok/s
[mstab_wave768] step 12900 loss 3.9521 lr 2.82e-04 gn 0.78 proj_gn 0.09 28,077 tok/s
[mstab_wave768] step 12950 loss 3.7076 lr 2.80e-04 gn 0.77 proj_gn 0.08 27,875 tok/s
[mstab_wave768] step 13000 loss 3.7686 lr 2.78e-04 gn 0.78 proj_gn 0.09 27,863 tok/s
[mstab_wave768] step 13000 VAL 3.7508
[mstab_wave768] step 13050 loss 4.0126 lr 2.76e-04 gn 0.79 proj_gn 0.09 27,925 tok/s
[mstab_wave768] step 13100 loss 3.7149 lr 2.75e-04 gn 0.75 proj_gn 0.09 27,901 tok/s
[mstab_wave768] step 13150 loss 3.9363 lr 2.73e-04 gn 0.80 proj_gn 0.09 28,052 tok/s
[mstab_wave768] step 13200 loss 3.9168 lr 2.71e-04 gn 0.80 proj_gn 0.09 27,926 tok/s
[mstab_wave768] step 13250 loss 3.6924 lr 2.69e-04 gn 0.82 proj_gn 0.09 27,882 tok/s
[mstab_wave768] step 13250 VAL 3.7474
[mstab_wave768] step 13300 loss 3.8229 lr 2.67e-04 gn 0.80 proj_gn 0.09 27,947 tok/s
[mstab_wave768] step 13350 loss 3.9567 lr 2.66e-04 gn 0.76 proj_gn 0.08 27,917 tok/s
[mstab_wave768] step 13400 loss 3.8499 lr 2.64e-04 gn 0.79 proj_gn 0.08 27,906 tok/s
[mstab_wave768] step 13450 loss 3.9404 lr 2.62e-04 gn 0.81 proj_gn 0.09 27,907 tok/s
[mstab_wave768] step 13500 loss 3.6814 lr 2.60e-04 gn 0.76 proj_gn 0.09 28,021 tok/s
[mstab_wave768] step 13500 VAL 3.7365
[mstab_wave768] step 13550 loss 3.7798 lr 2.58e-04 gn 0.78 proj_gn 0.09 28,087 tok/s
[mstab_wave768] step 13600 loss 3.9049 lr 2.57e-04 gn 0.77 proj_gn 0.08 27,969 tok/s
[mstab_wave768] step 13650 loss 3.9297 lr 2.55e-04 gn 0.86 proj_gn 0.09 27,969 tok/s
[mstab_wave768] step 13700 loss 3.9015 lr 2.53e-04 gn 0.81 proj_gn 0.09 27,969 tok/s
[mstab_wave768] step 13750 loss 3.9070 lr 2.51e-04 gn 0.76 proj_gn 0.09 27,918 tok/s
[mstab_wave768] step 13750 VAL 3.7369
[mstab_wave768] step 13800 loss 3.9129 lr 2.49e-04 gn 0.82 proj_gn 0.09 27,970 tok/s
[mstab_wave768] step 13850 loss 3.8969 lr 2.48e-04 gn 0.78 proj_gn 0.09 27,932 tok/s
[mstab_wave768] step 13900 loss 3.9780 lr 2.46e-04 gn 0.86 proj_gn 0.09 27,895 tok/s
[mstab_wave768] step 13950 loss 3.8086 lr 2.44e-04 gn 0.79 proj_gn 0.09 28,013 tok/s
[mstab_wave768] step 14000 loss 3.7504 lr 2.42e-04 gn 0.80 proj_gn 0.09 27,954 tok/s
[mstab_wave768] step 14000 VAL 3.7293
[mstab_wave768] step 14050 loss 3.7622 lr 2.41e-04 gn 0.79 proj_gn 0.09 27,946 tok/s
[mstab_wave768] step 14100 loss 3.7036 lr 2.39e-04 gn 0.79 proj_gn 0.09 27,911 tok/s
[mstab_wave768] step 14150 loss 3.9828 lr 2.37e-04 gn 0.81 proj_gn 0.09 28,011 tok/s
[mstab_wave768] step 14200 loss 4.0942 lr 2.35e-04 gn 0.83 proj_gn 0.09 27,975 tok/s
[mstab_wave768] step 14250 loss 3.8049 lr 2.34e-04 gn 0.85 proj_gn 0.09 27,887 tok/s
[mstab_wave768] step 14250 VAL 3.7200
[mstab_wave768] step 14300 loss 3.8136 lr 2.32e-04 gn 0.82 proj_gn 0.09 27,963 tok/s
[mstab_wave768] step 14350 loss 3.7209 lr 2.30e-04 gn 0.82 proj_gn 0.09 27,942 tok/s
[mstab_wave768] step 14400 loss 3.6142 lr 2.28e-04 gn 0.80 proj_gn 0.09 28,020 tok/s
[mstab_wave768] step 14450 loss 3.5685 lr 2.27e-04 gn 0.84 proj_gn 0.10 27,961 tok/s
[mstab_wave768] step 14500 loss 3.7305 lr 2.25e-04 gn 0.78 proj_gn 0.09 27,943 tok/s
[mstab_wave768] step 14500 VAL 3.7129
[mstab_wave768] step 14550 loss 3.6831 lr 2.23e-04 gn 0.90 proj_gn 0.09 27,886 tok/s
[mstab_wave768] step 14600 loss 3.7948 lr 2.22e-04 gn 0.81 proj_gn 0.09 27,902 tok/s
[mstab_wave768] step 14650 loss 3.8268 lr 2.20e-04 gn 0.86 proj_gn 0.09 27,988 tok/s
[mstab_wave768] step 14700 loss 3.9276 lr 2.18e-04 gn 0.82 proj_gn 0.09 28,018 tok/s
[mstab_wave768] step 14750 loss 3.8260 lr 2.16e-04 gn 0.80 proj_gn 0.09 27,910 tok/s
[mstab_wave768] step 14750 VAL 3.7076
[mstab_wave768] step 14800 loss 3.8761 lr 2.15e-04 gn 0.83 proj_gn 0.09 27,906 tok/s
[mstab_wave768] step 14850 loss 3.7830 lr 2.13e-04 gn 0.83 proj_gn 0.10 27,905 tok/s
[mstab_wave768] step 14900 loss 3.9842 lr 2.11e-04 gn 0.81 proj_gn 0.09 27,960 tok/s
[mstab_wave768] step 14950 loss 3.9124 lr 2.10e-04 gn 0.83 proj_gn 0.10 28,086 tok/s
[mstab_wave768] step 15000 loss 3.7876 lr 2.08e-04 gn 0.81 proj_gn 0.09 27,950 tok/s
[mstab_wave768] step 15000 VAL 3.7021
[mstab_wave768] step 15050 loss 3.9322 lr 2.06e-04 gn 0.81 proj_gn 0.08 27,908 tok/s
[mstab_wave768] step 15100 loss 3.7164 lr 2.05e-04 gn 0.82 proj_gn 0.09 27,982 tok/s
[mstab_wave768] step 15150 loss 3.6993 lr 2.03e-04 gn 0.84 proj_gn 0.09 27,947 tok/s
[mstab_wave768] step 15200 loss 3.8406 lr 2.01e-04 gn 0.88 proj_gn 0.09 27,940 tok/s
[mstab_wave768] step 15250 loss 3.7128 lr 2.00e-04 gn 0.83 proj_gn 0.09 28,090 tok/s
[mstab_wave768] step 15250 VAL 3.6990
[mstab_wave768] step 15300 loss 3.7109 lr 1.98e-04 gn 0.83 proj_gn 0.09 27,898 tok/s
[mstab_wave768] step 15350 loss 3.7947 lr 1.97e-04 gn 0.80 proj_gn 0.09 28,042 tok/s
[mstab_wave768] step 15400 loss 3.8228 lr 1.95e-04 gn 0.80 proj_gn 0.09 27,898 tok/s
[mstab_wave768] step 15450 loss 3.8256 lr 1.93e-04 gn 0.83 proj_gn 0.09 27,887 tok/s
[mstab_wave768] step 15500 loss 3.8053 lr 1.92e-04 gn 0.88 proj_gn 0.09 27,930 tok/s
[mstab_wave768] step 15500 VAL 3.6938
[mstab_wave768] step 15550 loss 3.8202 lr 1.90e-04 gn 0.82 proj_gn 0.09 27,954 tok/s
[mstab_wave768] step 15600 loss 3.6297 lr 1.89e-04 gn 0.82 proj_gn 0.09 27,972 tok/s
[mstab_wave768] step 15650 loss 3.7520 lr 1.87e-04 gn 0.83 proj_gn 0.09 27,926 tok/s
[mstab_wave768] step 15700 loss 3.8906 lr 1.85e-04 gn 0.83 proj_gn 0.09 28,037 tok/s
[mstab_wave768] step 15750 loss 3.5698 lr 1.84e-04 gn 0.80 proj_gn 0.09 27,914 tok/s
[mstab_wave768] step 15750 VAL 3.6867
[mstab_wave768] step 15800 loss 3.9922 lr 1.82e-04 gn 0.84 proj_gn 0.09 28,039 tok/s
[mstab_wave768] step 15850 loss 3.6877 lr 1.81e-04 gn 0.85 proj_gn 0.10 27,920 tok/s
[mstab_wave768] step 15900 loss 3.5647 lr 1.79e-04 gn 0.80 proj_gn 0.09 27,895 tok/s
[mstab_wave768] step 15950 loss 3.8325 lr 1.78e-04 gn 0.79 proj_gn 0.09 27,986 tok/s
[mstab_wave768] step 16000 loss 3.9232 lr 1.76e-04 gn 0.87 proj_gn 0.09 27,920 tok/s
[mstab_wave768] step 16000 VAL 3.6794
[mstab_wave768] step 16050 loss 3.9095 lr 1.75e-04 gn 0.83 proj_gn 0.09 27,983 tok/s
[mstab_wave768] step 16100 loss 3.7694 lr 1.73e-04 gn 0.93 proj_gn 0.10 27,923 tok/s
[mstab_wave768] step 16150 loss 3.7964 lr 1.72e-04 gn 0.80 proj_gn 0.09 27,946 tok/s
[mstab_wave768] step 16200 loss 3.7762 lr 1.70e-04 gn 0.83 proj_gn 0.09 27,950 tok/s
[mstab_wave768] step 16250 loss 3.7064 lr 1.69e-04 gn 0.83 proj_gn 0.09 27,907 tok/s
[mstab_wave768] step 16250 VAL 3.6757
[mstab_wave768] step 16300 loss 3.8280 lr 1.67e-04 gn 0.85 proj_gn 0.09 27,896 tok/s
[mstab_wave768] step 16350 loss 3.8525 lr 1.66e-04 gn 0.91 proj_gn 0.10 27,936 tok/s
[mstab_wave768] step 16400 loss 3.8779 lr 1.64e-04 gn 0.87 proj_gn 0.09 28,036 tok/s
[mstab_wave768] step 16450 loss 3.9743 lr 1.63e-04 gn 0.84 proj_gn 0.09 27,904 tok/s
[mstab_wave768] step 16500 loss 3.7688 lr 1.61e-04 gn 0.82 proj_gn 0.09 27,928 tok/s
[mstab_wave768] step 16500 VAL 3.6707
[mstab_wave768] step 16550 loss 3.7554 lr 1.60e-04 gn 0.84 proj_gn 0.09 27,873 tok/s
[mstab_wave768] step 16600 loss 3.8932 lr 1.58e-04 gn 0.87 proj_gn 0.09 27,920 tok/s
[mstab_wave768] step 16650 loss 3.8072 lr 1.57e-04 gn 0.85 proj_gn 0.09 27,981 tok/s
[mstab_wave768] step 16700 loss 3.8377 lr 1.55e-04 gn 0.90 proj_gn 0.10 27,852 tok/s
[mstab_wave768] step 16750 loss 3.5796 lr 1.54e-04 gn 0.84 proj_gn 0.09 28,301 tok/s
[mstab_wave768] step 16750 VAL 3.6693
[mstab_wave768] step 16800 loss 3.6674 lr 1.53e-04 gn 0.85 proj_gn 0.09 27,915 tok/s
[mstab_wave768] step 16850 loss 3.8575 lr 1.51e-04 gn 0.85 proj_gn 0.09 28,004 tok/s
[mstab_wave768] step 16900 loss 3.7681 lr 1.50e-04 gn 0.87 proj_gn 0.09 27,888 tok/s
[mstab_wave768] step 16950 loss 3.4910 lr 1.49e-04 gn 0.81 proj_gn 0.09 27,916 tok/s
[mstab_wave768] step 17000 loss 3.7925 lr 1.47e-04 gn 0.85 proj_gn 0.09 28,364 tok/s
[mstab_wave768] step 17000 VAL 3.6607
[mstab_wave768] step 17050 loss 3.8411 lr 1.46e-04 gn 0.96 proj_gn 0.10 27,611 tok/s
[mstab_wave768] step 17100 loss 3.5622 lr 1.44e-04 gn 0.84 proj_gn 0.09 27,940 tok/s
[mstab_wave768] step 17150 loss 3.7068 lr 1.43e-04 gn 0.86 proj_gn 0.09 28,116 tok/s
[mstab_wave768] step 17200 loss 3.7984 lr 1.42e-04 gn 0.86 proj_gn 0.09 27,893 tok/s
[mstab_wave768] step 17250 loss 3.5181 lr 1.40e-04 gn 0.83 proj_gn 0.09 27,933 tok/s
[mstab_wave768] step 17250 VAL 3.6546
[mstab_wave768] step 17300 loss 3.8629 lr 1.39e-04 gn 0.86 proj_gn 0.09 27,903 tok/s
[mstab_wave768] step 17350 loss 3.7623 lr 1.38e-04 gn 0.91 proj_gn 0.10 27,906 tok/s
[mstab_wave768] step 17400 loss 3.7019 lr 1.36e-04 gn 0.87 proj_gn 0.09 28,010 tok/s
[mstab_wave768] step 17450 loss 3.6501 lr 1.35e-04 gn 0.88 proj_gn 0.10 27,869 tok/s
[mstab_wave768] step 17500 loss 3.6745 lr 1.34e-04 gn 0.86 proj_gn 0.09 27,991 tok/s
[mstab_wave768] step 17500 VAL 3.6524
[mstab_wave768] step 17550 loss 3.6077 lr 1.33e-04 gn 0.84 proj_gn 0.09 27,885 tok/s
[mstab_wave768] step 17600 loss 3.6525 lr 1.31e-04 gn 0.81 proj_gn 0.09 28,097 tok/s
[mstab_wave768] step 17650 loss 3.8351 lr 1.30e-04 gn 0.85 proj_gn 0.09 27,866 tok/s
[mstab_wave768] step 17700 loss 3.7750 lr 1.29e-04 gn 0.88 proj_gn 0.09 27,945 tok/s
[mstab_wave768] step 17750 loss 3.9496 lr 1.28e-04 gn 0.87 proj_gn 0.09 27,918 tok/s
[mstab_wave768] step 17750 VAL 3.6484
[mstab_wave768] step 17800 loss 3.8085 lr 1.26e-04 gn 0.86 proj_gn 0.09 28,110 tok/s
[mstab_wave768] step 17850 loss 3.5694 lr 1.25e-04 gn 0.83 proj_gn 0.09 27,890 tok/s
[mstab_wave768] step 17900 loss 3.6611 lr 1.24e-04 gn 0.88 proj_gn 0.09 27,949 tok/s
[mstab_wave768] step 17950 loss 3.7898 lr 1.23e-04 gn 0.88 proj_gn 0.09 28,005 tok/s
[mstab_wave768] step 18000 loss 3.7975 lr 1.22e-04 gn 0.86 proj_gn 0.09 27,903 tok/s
[mstab_wave768] step 18000 VAL 3.6460
[mstab_wave768] step 18050 loss 3.5989 lr 1.20e-04 gn 0.85 proj_gn 0.10 28,066 tok/s
[mstab_wave768] step 18100 loss 3.6745 lr 1.19e-04 gn 0.86 proj_gn 0.10 27,895 tok/s
[mstab_wave768] step 18150 loss 3.6680 lr 1.18e-04 gn 0.89 proj_gn 0.10 27,713 tok/s
[mstab_wave768] step 18200 loss 3.9743 lr 1.17e-04 gn 0.86 proj_gn 0.09 27,987 tok/s
[mstab_wave768] step 18250 loss 3.6742 lr 1.16e-04 gn 0.84 proj_gn 0.09 27,904 tok/s
[mstab_wave768] step 18250 VAL 3.6423
[mstab_wave768] step 18300 loss 3.6455 lr 1.15e-04 gn 0.90 proj_gn 0.10 28,058 tok/s
[mstab_wave768] step 18350 loss 3.8601 lr 1.14e-04 gn 0.89 proj_gn 0.09 27,911 tok/s
[mstab_wave768] step 18400 loss 3.6216 lr 1.12e-04 gn 0.85 proj_gn 0.09 27,901 tok/s
[mstab_wave768] step 18450 loss 3.8605 lr 1.11e-04 gn 0.89 proj_gn 0.10 28,010 tok/s
[mstab_wave768] step 18500 loss 3.7545 lr 1.10e-04 gn 0.86 proj_gn 0.09 27,922 tok/s
[mstab_wave768] step 18500 VAL 3.6406
[mstab_wave768] step 18550 loss 3.6020 lr 1.09e-04 gn 0.88 proj_gn 0.10 28,002 tok/s
[mstab_wave768] step 18600 loss 3.7483 lr 1.08e-04 gn 0.88 proj_gn 0.09 27,888 tok/s
[mstab_wave768] step 18650 loss 3.7131 lr 1.07e-04 gn 0.91 proj_gn 0.10 27,951 tok/s
[mstab_wave768] step 18700 loss 3.7426 lr 1.06e-04 gn 0.84 proj_gn 0.09 27,893 tok/s
[mstab_wave768] step 18750 loss 3.7532 lr 1.05e-04 gn 0.90 proj_gn 0.10 27,873 tok/s
[mstab_wave768] step 18750 VAL 3.6337
[mstab_wave768] step 18800 loss 3.7053 lr 1.04e-04 gn 0.85 proj_gn 0.09 27,916 tok/s
[mstab_wave768] step 18850 loss 3.5543 lr 1.03e-04 gn 0.85 proj_gn 0.09 27,915 tok/s
[mstab_wave768] step 18900 loss 3.7535 lr 1.02e-04 gn 0.87 proj_gn 0.09 28,026 tok/s
[mstab_wave768] step 18950 loss 3.6260 lr 1.01e-04 gn 0.86 proj_gn 0.09 27,956 tok/s
[mstab_wave768] step 19000 loss 3.6996 lr 1.00e-04 gn 0.93 proj_gn 0.11 27,974 tok/s
[mstab_wave768] step 19000 VAL 3.6321
[mstab_wave768] step 19050 loss 3.5958 lr 9.90e-05 gn 0.90 proj_gn 0.10 27,900 tok/s
[mstab_wave768] step 19100 loss 3.8114 lr 9.81e-05 gn 0.95 proj_gn 0.10 28,088 tok/s
[mstab_wave768] step 19150 loss 3.6583 lr 9.71e-05 gn 0.92 proj_gn 0.09 27,906 tok/s
[mstab_wave768] step 19200 loss 3.7296 lr 9.62e-05 gn 0.92 proj_gn 0.10 28,001 tok/s
[mstab_wave768] step 19250 loss 3.7259 lr 9.52e-05 gn 0.85 proj_gn 0.10 27,929 tok/s
[mstab_wave768] step 19250 VAL 3.6272
[mstab_wave768] step 19300 loss 3.7954 lr 9.43e-05 gn 0.88 proj_gn 0.09 27,976 tok/s
[mstab_wave768] step 19350 loss 3.7531 lr 9.34e-05 gn 0.89 proj_gn 0.09 27,893 tok/s
[mstab_wave768] step 19400 loss 3.5709 lr 9.25e-05 gn 0.87 proj_gn 0.09 27,919 tok/s
[mstab_wave768] step 19450 loss 3.7062 lr 9.17e-05 gn 0.86 proj_gn 0.09 28,101 tok/s
[mstab_wave768] step 19500 loss 3.6188 lr 9.08e-05 gn 0.86 proj_gn 0.09 27,868 tok/s
[mstab_wave768] step 19500 VAL 3.6249
[mstab_wave768] step 19550 loss 3.7421 lr 8.99e-05 gn 0.87 proj_gn 0.10 27,964 tok/s
[mstab_wave768] step 19600 loss 3.6343 lr 8.91e-05 gn 0.86 proj_gn 0.10 27,937 tok/s
[mstab_wave768] step 19650 loss 3.8703 lr 8.83e-05 gn 0.91 proj_gn 0.09 27,961 tok/s
[mstab_wave768] step 19700 loss 3.4700 lr 8.74e-05 gn 0.87 proj_gn 0.09 27,919 tok/s
[mstab_wave768] step 19750 loss 3.9071 lr 8.66e-05 gn 0.90 proj_gn 0.10 27,911 tok/s
[mstab_wave768] step 19750 VAL 3.6239
[mstab_wave768] step 19800 loss 3.6989 lr 8.58e-05 gn 0.87 proj_gn 0.09 27,915 tok/s
[mstab_wave768] step 19850 loss 3.7884 lr 8.50e-05 gn 0.89 proj_gn 0.09 27,999 tok/s
[mstab_wave768] step 19900 loss 3.7679 lr 8.43e-05 gn 0.90 proj_gn 0.10 27,953 tok/s
[mstab_wave768] step 19950 loss 3.7748 lr 8.35e-05 gn 0.87 proj_gn 0.09 27,886 tok/s
[mstab_wave768] step 20000 loss 3.6045 lr 8.27e-05 gn 0.87 proj_gn 0.09 28,001 tok/s
[mstab_wave768] step 20000 VAL 3.6181
[mstab_wave768] step 20050 loss 3.6720 lr 8.20e-05 gn 0.88 proj_gn 0.09 27,910 tok/s
[mstab_wave768] step 20100 loss 3.6363 lr 8.13e-05 gn 0.90 proj_gn 0.10 28,065 tok/s
[mstab_wave768] step 20150 loss 3.7258 lr 8.06e-05 gn 0.87 proj_gn 0.10 27,907 tok/s
[mstab_wave768] step 20200 loss 3.8555 lr 7.98e-05 gn 0.89 proj_gn 0.10 27,927 tok/s
[mstab_wave768] step 20250 loss 3.7298 lr 7.92e-05 gn 0.86 proj_gn 0.09 27,915 tok/s
[mstab_wave768] step 20250 VAL 3.6147
[mstab_wave768] step 20300 loss 3.6118 lr 7.85e-05 gn 0.88 proj_gn 0.09 28,001 tok/s
[mstab_wave768] step 20350 loss 3.5423 lr 7.78e-05 gn 0.88 proj_gn 0.09 27,902 tok/s
[mstab_wave768] step 20400 loss 3.6506 lr 7.71e-05 gn 0.92 proj_gn 0.10 27,923 tok/s
[mstab_wave768] step 20450 loss 3.6354 lr 7.65e-05 gn 0.87 proj_gn 0.09 27,995 tok/s
[mstab_wave768] step 20500 loss 3.6175 lr 7.59e-05 gn 0.86 proj_gn 0.10 27,903 tok/s
[mstab_wave768] step 20500 VAL 3.6127
[mstab_wave768] step 20550 loss 3.7518 lr 7.52e-05 gn 0.93 proj_gn 0.10 27,894 tok/s
[mstab_wave768] step 20600 loss 3.7646 lr 7.46e-05 gn 0.89 proj_gn 0.09 27,951 tok/s
[mstab_wave768] step 20650 loss 3.6322 lr 7.40e-05 gn 0.89 proj_gn 0.10 28,060 tok/s
[mstab_wave768] step 20700 loss 3.4849 lr 7.34e-05 gn 0.91 proj_gn 0.10 27,932 tok/s
[mstab_wave768] step 20750 loss 3.6594 lr 7.29e-05 gn 0.89 proj_gn 0.10 27,938 tok/s
[mstab_wave768] step 20750 VAL 3.6097
[mstab_wave768] step 20800 loss 3.8657 lr 7.23e-05 gn 0.90 proj_gn 0.10 27,908 tok/s
[mstab_wave768] step 20850 loss 3.8614 lr 7.18e-05 gn 0.92 proj_gn 0.10 27,948 tok/s
[mstab_wave768] step 20900 loss 3.6803 lr 7.12e-05 gn 0.88 proj_gn 0.09 27,887 tok/s
[mstab_wave768] step 20950 loss 3.6298 lr 7.07e-05 gn 0.91 proj_gn 0.10 27,894 tok/s
[mstab_wave768] step 21000 loss 3.5026 lr 7.02e-05 gn 0.91 proj_gn 0.10 28,039 tok/s
[mstab_wave768] step 21000 VAL 3.6071
[mstab_wave768] step 21050 loss 3.6915 lr 6.97e-05 gn 0.90 proj_gn 0.09 27,931 tok/s
[mstab_wave768] step 21100 loss 3.5652 lr 6.92e-05 gn 0.94 proj_gn 0.10 28,015 tok/s
[mstab_wave768] step 21150 loss 3.6502 lr 6.87e-05 gn 0.92 proj_gn 0.10 27,959 tok/s
[mstab_wave768] step 21200 loss 3.7783 lr 6.83e-05 gn 0.90 proj_gn 0.10 27,951 tok/s
[mstab_wave768] step 21250 loss 3.4058 lr 6.78e-05 gn 0.95 proj_gn 0.10 27,915 tok/s
[mstab_wave768] step 21250 VAL 3.6069
[mstab_wave768] step 21300 loss 3.5132 lr 6.74e-05 gn 0.91 proj_gn 0.10 28,047 tok/s
[mstab_wave768] step 21350 loss 3.8644 lr 6.69e-05 gn 0.92 proj_gn 0.11 27,954 tok/s
[mstab_wave768] step 21400 loss 3.7101 lr 6.65e-05 gn 0.95 proj_gn 0.11 27,893 tok/s
[mstab_wave768] step 21450 loss 3.7063 lr 6.61e-05 gn 0.94 proj_gn 0.10 27,949 tok/s
[mstab_wave768] step 21500 loss 3.8082 lr 6.57e-05 gn 0.93 proj_gn 0.10 27,960 tok/s
[mstab_wave768] step 21500 VAL 3.6023
[mstab_wave768] step 21550 loss 3.7147 lr 6.54e-05 gn 0.90 proj_gn 0.10 27,887 tok/s
[mstab_wave768] step 21600 loss 3.7858 lr 6.50e-05 gn 0.90 proj_gn 0.09 27,885 tok/s
[mstab_wave768] step 21650 loss 3.5189 lr 6.47e-05 gn 0.90 proj_gn 0.10 28,093 tok/s
[mstab_wave768] step 21700 loss 3.7001 lr 6.43e-05 gn 0.88 proj_gn 0.09 27,946 tok/s
[mstab_wave768] step 21750 loss 3.7528 lr 6.40e-05 gn 0.92 proj_gn 0.10 28,088 tok/s
[mstab_wave768] step 21750 VAL 3.6004
[mstab_wave768] step 21800 loss 3.7804 lr 6.37e-05 gn 0.91 proj_gn 0.10 27,916 tok/s
[mstab_wave768] step 21850 loss 3.6154 lr 6.34e-05 gn 0.93 proj_gn 0.10 27,977 tok/s
[mstab_wave768] step 21900 loss 3.6251 lr 6.31e-05 gn 0.92 proj_gn 0.10 27,876 tok/s
[mstab_wave768] step 21950 loss 3.7886 lr 6.28e-05 gn 0.90 proj_gn 0.10 27,944 tok/s
[mstab_wave768] step 22000 loss 3.6808 lr 6.26e-05 gn 0.91 proj_gn 0.09 28,012 tok/s
[mstab_wave768] step 22000 VAL 3.5992
[mstab_wave768] step 22050 loss 3.6769 lr 6.23e-05 gn 0.92 proj_gn 0.10 27,925 tok/s
[mstab_wave768] step 22100 loss 3.6537 lr 6.21e-05 gn 0.91 proj_gn 0.10 27,886 tok/s
[mstab_wave768] step 22150 loss 3.7318 lr 6.18e-05 gn 0.92 proj_gn 0.10 28,003 tok/s
[mstab_wave768] step 22200 loss 3.5805 lr 6.16e-05 gn 0.90 proj_gn 0.10 28,007 tok/s
[mstab_wave768] step 22250 loss 3.7396 lr 6.14e-05 gn 1.00 proj_gn 0.10 27,891 tok/s
[mstab_wave768] step 22250 VAL 3.5989
[mstab_wave768] step 22300 loss 3.4322 lr 6.13e-05 gn 0.88 proj_gn 0.10 28,032 tok/s
[mstab_wave768] step 22350 loss 3.7694 lr 6.11e-05 gn 0.92 proj_gn 0.10 27,896 tok/s
[mstab_wave768] step 22400 loss 3.7576 lr 6.09e-05 gn 0.89 proj_gn 0.10 27,984 tok/s
[mstab_wave768] step 22450 loss 3.7588 lr 6.08e-05 gn 0.94 proj_gn 0.10 27,893 tok/s
[mstab_wave768] step 22500 loss 3.8211 lr 6.06e-05 gn 0.94 proj_gn 0.10 27,884 tok/s
[mstab_wave768] step 22500 VAL 3.5964
[mstab_wave768] step 22550 loss 3.7091 lr 6.05e-05 gn 0.89 proj_gn 0.10 27,918 tok/s
[mstab_wave768] step 22600 loss 3.7600 lr 6.04e-05 gn 0.96 proj_gn 0.10 27,889 tok/s
[mstab_wave768] step 22650 loss 3.6877 lr 6.03e-05 gn 0.97 proj_gn 0.11 28,042 tok/s
[mstab_wave768] step 22700 loss 3.5299 lr 6.02e-05 gn 0.98 proj_gn 0.11 27,919 tok/s
[mstab_wave768] step 22750 loss 3.6196 lr 6.02e-05 gn 0.89 proj_gn 0.10 28,037 tok/s
[mstab_wave768] step 22750 VAL 3.5952
[mstab_wave768] step 22800 loss 3.7209 lr 6.01e-05 gn 0.91 proj_gn 0.10 28,009 tok/s
[mstab_wave768] step 22850 loss 3.6323 lr 6.01e-05 gn 0.95 proj_gn 0.10 28,020 tok/s
[mstab_wave768] step 22900 loss 3.8250 lr 6.00e-05 gn 0.92 proj_gn 0.10 27,899 tok/s
[mstab_wave768] step 22950 loss 3.5324 lr 6.00e-05 gn 0.95 proj_gn 0.11 27,964 tok/s
[mstab_wave768] step 22999 loss 3.8251 lr 6.00e-05 gn 0.93 proj_gn 0.10 27,874 tok/s
[mstab_wave768] step 22999 VAL 3.5938
[mstab_wave768] done: status=ok final_val=3.5938 wall=27221s -> results\mstab\mstab_wave768
