=== capacity curve ===
  len  onehot@16  wave@2048   wave@768
   16     0.9373     0.9375     0.9383
   24     1.0000     0.9586     0.9586
   32     1.0000     0.9690     0.9690
   48     1.0000     0.9791     0.9795
   64     1.0000     0.9843     0.9844
   96     1.0000     0.9896     0.9896
  128     1.0000     0.9922     0.9921
  192     1.0000     0.9948     0.9947
  256     1.0000     0.9961     0.9960

one-hot cosine == 1.0 exactly at every length > 16: True  (provably blind to suffix edits past the window)
wrote C:\Users\ANT-PC\Desktop\ERA V5\kroneker_v2\results\stress/capacity.csv, capacity_curve.png
  A occurs 693x in val  (bytes b' \xe0\xa4\xb8\xe0\xa4\xb0\xe0\xa4\x95\xe0\xa4\xbe\xe0\xa4\xb0' vs b' \xe0\xa4\xb8\xe0\xa4\xb0\xe0\xa4\x95\xe0\xa4\xbe\xe0\xa4\xb0\xe0\xa5\x80')

=== swap probe ===  A=10048 B=43897 (collided@16)  C=23453 (control)

m2_onehot: reconstruction gate |4.8527 - 4.8129| = 0.0399 PASS
  table rows A,B identical: True
  collision  swap A->43897: max|Δlogit| 0.000e+00   meanΔloss +0.0000   (8 contexts)
  control    swap A->23453: max|Δlogit| 1.479e+01   meanΔloss +0.0223   (8 contexts)
  RECEIPT (merged codes ⇒ bit-identical forwards): CONFIRMED

m2_wave_l2: reconstruction gate |4.7945 - 4.7532| = 0.0413 PASS
  table rows A,B identical: False
  collision  swap A->43897: max|Δlogit| 9.034e+00   meanΔloss +0.0088   (8 contexts)
  control    swap A->23453: max|Δlogit| 1.226e+01   meanΔloss +0.0092   (8 contexts)

wrote C:\Users\ANT-PC\Desktop\ERA V5\kroneker_v2\results\stress/stress_report.json
